Archive member included to satisfy reference by file (symbol)

/opt/devkitpro/libgba/lib/libgba.a(CpuSet.o)
                              template.o (CpuFastSet)
/opt/devkitpro/libgba/lib/libgba.a(interrupt.o)
                              template.o (irqInit)
/opt/devkitpro/libgba/lib/libgba.a(input.o)
                              gameobjects.o (scanKeys)
/opt/devkitpro/libgba/lib/libgba.a(InterruptDispatcher.o)
                              /opt/devkitpro/libgba/lib/libgba.a(interrupt.o) (IntrMain)
/opt/devkitpro/devkitARM/bin/../lib/gcc/arm-none-eabi/10.2.0/../../../../arm-none-eabi/lib/thumb/libstdc++.a(del_ops.o)
                              gameobjects.o (operator delete(void*, unsigned int))
/opt/devkitpro/devkitARM/bin/../lib/gcc/arm-none-eabi/10.2.0/../../../../arm-none-eabi/lib/thumb/libstdc++.a(new_op.o)
                              gameobjects.o (operator new(unsigned int))
/opt/devkitpro/devkitARM/bin/../lib/gcc/arm-none-eabi/10.2.0/../../../../arm-none-eabi/lib/thumb/libstdc++.a(tree.o)
                              gameobjects.o (std::_Rb_tree_increment(std::_Rb_tree_node_base*))
/opt/devkitpro/devkitARM/bin/../lib/gcc/arm-none-eabi/10.2.0/../../../../arm-none-eabi/lib/thumb/libstdc++.a(functexcept.o)
                              gameobjects.o (std::__throw_bad_alloc())
/opt/devkitpro/devkitARM/bin/../lib/gcc/arm-none-eabi/10.2.0/../../../../arm-none-eabi/lib/thumb/libstdc++.a(functional.o)
                              gameobjects.o (std::__throw_bad_function_call())
/opt/devkitpro/devkitARM/bin/../lib/gcc/arm-none-eabi/10.2.0/../../../../arm-none-eabi/lib/thumb/libstdc++.a(snprintf_lite.o)
                              /opt/devkitpro/devkitARM/bin/../lib/gcc/arm-none-eabi/10.2.0/../../../../arm-none-eabi/lib/thumb/libstdc++.a(functexcept.o) (__gnu_cxx::__snprintf_lite(char*, unsigned int, char const*, std::__va_list))
/opt/devkitpro/devkitARM/bin/../lib/gcc/arm-none-eabi/10.2.0/../../../../arm-none-eabi/lib/thumb/libstdc++.a(string-inst.o)
                              gameobjects.o (std::__cxx11::basic_string<char, std::char_traits<char>, std::allocator<char> >::_M_create(unsigned int&, unsigned int))
/opt/devkitpro/devkitARM/bin/../lib/gcc/arm-none-eabi/10.2.0/../../../../arm-none-eabi/lib/thumb/libstdc++.a(bad_alloc.o)
                              /opt/devkitpro/devkitARM/bin/../lib/gcc/arm-none-eabi/10.2.0/../../../../arm-none-eabi/lib/thumb/libstdc++.a(new_op.o) (std::bad_alloc::~bad_alloc())
/opt/devkitpro/devkitARM/bin/../lib/gcc/arm-none-eabi/10.2.0/../../../../arm-none-eabi/lib/thumb/libstdc++.a(bad_cast.o)
                              /opt/devkitpro/devkitARM/bin/../lib/gcc/arm-none-eabi/10.2.0/../../../../arm-none-eabi/lib/thumb/libstdc++.a(functexcept.o) (std::bad_cast::~bad_cast())
/opt/devkitpro/devkitARM/bin/../lib/gcc/arm-none-eabi/10.2.0/../../../../arm-none-eabi/lib/thumb/libstdc++.a(bad_typeid.o)
                              /opt/devkitpro/devkitARM/bin/../lib/gcc/arm-none-eabi/10.2.0/../../../../arm-none-eabi/lib/thumb/libstdc++.a(functexcept.o) (std::bad_typeid::~bad_typeid())
/opt/devkitpro/devkitARM/bin/../lib/gcc/arm-none-eabi/10.2.0/../../../../arm-none-eabi/lib/thumb/libstdc++.a(del_op.o)
                              /opt/devkitpro/devkitARM/bin/../lib/gcc/arm-none-eabi/10.2.0/../../../../arm-none-eabi/lib/thumb/libstdc++.a(del_ops.o) (operator delete(void*))
/opt/devkitpro/devkitARM/bin/../lib/gcc/arm-none-eabi/10.2.0/../../../../arm-none-eabi/lib/thumb/libstdc++.a(eh_alloc.o)
                              /opt/devkitpro/devkitARM/bin/../lib/gcc/arm-none-eabi/10.2.0/../../../../arm-none-eabi/lib/thumb/libstdc++.a(new_op.o) (__cxa_allocate_exception)
/opt/devkitpro/devkitARM/bin/../lib/gcc/arm-none-eabi/10.2.0/../../../../arm-none-eabi/lib/thumb/libstdc++.a(eh_arm.o)
                              /opt/devkitpro/devkitARM/bin/../lib/gcc/arm-none-eabi/10.2.0/../../../../arm-none-eabi/lib/thumb/libstdc++.a(functexcept.o) (__cxa_end_cleanup)
/opt/devkitpro/devkitARM/bin/../lib/gcc/arm-none-eabi/10.2.0/../../../../arm-none-eabi/lib/thumb/libstdc++.a(eh_catch.o)
                              /opt/devkitpro/devkitARM/bin/../lib/gcc/arm-none-eabi/10.2.0/../../../../arm-none-eabi/lib/thumb/libstdc++.a(string-inst.o) (__cxa_begin_catch)
/opt/devkitpro/devkitARM/bin/../lib/gcc/arm-none-eabi/10.2.0/../../../../arm-none-eabi/lib/thumb/libstdc++.a(eh_exception.o)
                              /opt/devkitpro/devkitARM/bin/../lib/gcc/arm-none-eabi/10.2.0/../../../../arm-none-eabi/lib/thumb/libstdc++.a(functional.o) (std::exception::~exception())
/opt/devkitpro/devkitARM/bin/../lib/gcc/arm-none-eabi/10.2.0/../../../../arm-none-eabi/lib/thumb/libstdc++.a(eh_globals.o)
                              /opt/devkitpro/devkitARM/bin/../lib/gcc/arm-none-eabi/10.2.0/../../../../arm-none-eabi/lib/thumb/libstdc++.a(eh_catch.o) (__cxa_get_globals_fast)
/opt/devkitpro/devkitARM/bin/../lib/gcc/arm-none-eabi/10.2.0/../../../../arm-none-eabi/lib/thumb/libstdc++.a(eh_personality.o)
[...]
Memory Configuration

Name             Origin             Length             Attributes
rom              0x0000000008000000 0x0000000002000000
iwram            0x0000000003000000 0x0000000000008000
ewram            0x0000000002000000 0x0000000000040000
*default*        0x0000000000000000 0xffffffffffffffff

Linker script and memory map

                0x0000000008000000                __text_start = ORIGIN (rom)
                0x0000000002040000                __eheap_end = (ORIGIN (ewram) + LENGTH (ewram))
                0x0000000003000000                __iwram_start = ORIGIN (iwram)
                0x0000000003008000                __iwram_top = (ORIGIN (iwram) + LENGTH (iwram))
                0x0000000003007fa0                __sp_irq = (__iwram_top - 0x60)
                0x0000000003007f00                __sp_usr = (__sp_irq - 0xa0)
                0x0000000003007ff8                __irq_flags = 0x3007ff8
                0x0000000008000000                . = __text_start

.crt0           0x0000000008000000      0x210
 *(.crt0)
 .crt0          0x0000000008000000      0x210 /opt/devkitpro/devkitARM/bin/../lib/gcc/arm-none-eabi/10.2.0/../../../../arm-none-eabi/lib/thumb/gba_crt0.o
                0x0000000008000000                _start
                0x00000000080000c4                __boot_method
                0x00000000080000c5                __slave_number
                0x00000000080000e0                start_vector
                0x0000000008000210                . = ALIGN (0x4)

.init           0x0000000008000210        0xc
 *(SORT_NONE(.init))
 .init          0x0000000008000210        0x4 /opt/devkitpro/devkitARM/bin/../lib/gcc/arm-none-eabi/10.2.0/thumb/crti.o
                0x0000000008000210                _init
 .init          0x0000000008000214        0x8 /opt/devkitpro/devkitARM/bin/../lib/gcc/arm-none-eabi/10.2.0/thumb/crtn.o

.plt            0x000000000800021c        0x0
 *(.plt)
                0x000000000800021c                . = ALIGN (0x4)

.text           0x0000000008000220     0x6b28
 *(EXCLUDE_FILE(*.iwram*) .text*)
 .text.__do_global_dtors_aux
                0x0000000008000220       0x2c /opt/devkitpro/devkitARM/bin/../lib/gcc/arm-none-eabi/10.2.0/thumb/crtbegin.o
 .text.frame_dummy
                0x000000000800024c       0x24 /opt/devkitpro/devkitARM/bin/../lib/gcc/arm-none-eabi/10.2.0/thumb/crtbegin.o
 .text          0x0000000008000270     0x1adc gameobjects.o
                0x0000000008000270                Sprite::faceNorth()
                0x0000000008000288                Sprite::faceSouth()
                0x00000000080002a0                Sprite::faceEast()
                0x00000000080002b8                Sprite::faceWest()
                0x00000000080002d0                InputManager::pause()
                0x00000000080002e4                InputManager::unpause()
                0x00000000080002fc                EventCallable::EventCallable(std::__cxx11::basic_string<char, std::char_traits<char>, std::allocator<char> >, std::function<void ()>)
                0x00000000080002fc                EventCallable::EventCallable(std::__cxx11::basic_string<char, std::char_traits<char>, std::allocator<char> >, std::function<void ()>)
                0x0000000008000380                AnimationFrame::AnimationFrame(unsigned char, unsigned char)
                0x0000000008000380                AnimationFrame::AnimationFrame(unsigned char, unsigned char)
                0x0000000008000388                Animation::Animation()
                0x0000000008000388                Animation::Animation()
                0x0000000008000394                Animation::Animation(unsigned short)
                0x0000000008000394                Animation::Animation(unsigned short)
                0x00000000080003a4                Animation::tick()
                0x00000000080003ac                Animation::currentFrame()
                0x0000000008000404                Animation::tile()
                0x000000000800042c                Sprite::Sprite()
                0x000000000800042c                Sprite::Sprite()
                0x0000000008000438                Sprite::Sprite(OBJATTR*, unsigned char, unsigned char)
                0x0000000008000438                Sprite::Sprite(OBJATTR*, unsigned char, unsigned char)
                0x0000000008000450                Sprite::draw()
                0x00000000080004a0                Sprite::update()
                0x00000000080004a8                InputManager::pollInput()
                0x0000000008000a0c                InputManager::InputManager()
                0x0000000008000a0c                InputManager::InputManager()
                0x00000000080012a4                InputManager::registerListener(std::__cxx11::basic_string<char, std::char_traits<char>, std::allocator<char> >, std::__cxx11::basic_string<char, std::char_traits<char>, std::allocator<char> >, std::function<void ()>)
                0x00000000080015f0                registerInputListeners(InputManager*, Sprite*)
 .text._ZNSt17_Function_handlerIFvvESt5_BindIFM12InputManagerFvvEPS2_EEE9_M_invokeERKSt9_Any_data
                0x0000000008001d4c       0x24 gameobjects.o
                0x0000000008001d4c                std::_Function_handler<void (), std::_Bind<void (InputManager::*(InputManager*))()> >::_M_invoke(std::_Any_data const&)
 .text._ZNSt17_Function_handlerIFvvESt5_BindIFM6SpriteFvvEPS2_EEE9_M_invokeERKSt9_Any_data
                0x0000000008001d70       0x24 gameobjects.o
                0x0000000008001d70                std::_Function_handler<void (), std::_Bind<void (Sprite::*(Sprite*))()> >::_M_invoke(std::_Any_data const&)
 .text._ZNSt17_Function_handlerIFvvESt5_BindIFM12InputManagerFvvEPS2_EEE10_M_managerERSt9_Any_dataRKS9_St18_Manager_operation
                0x0000000008001d94       0x3c gameobjects.o
                0x0000000008001d94                std::_Function_handler<void (), std::_Bind<void (InputManager::*(InputManager*))()> >::_M_manager(std::_Any_data&, std::_Any_data const&, std::_Manager_operation)
 .text._ZNSt17_Function_handlerIFvvESt5_BindIFM6SpriteFvvEPS2_EEE10_M_managerERSt9_Any_dataRKS9_St18_Manager_operation
                0x0000000008001dd0       0x3c gameobjects.o
                0x0000000008001dd0                std::_Function_handler<void (), std::_Bind<void (Sprite::*(Sprite*))()> >::_M_manager(std::_Any_data&, std::_Any_data const&, std::_Manager_operation)
 .text.startup  0x0000000008001e0c       0xec gameobjects.o
 .text._ZNSt6vectorI13EventCallableSaIS0_EE17_M_realloc_insertIJRKS0_EEEvN9__gnu_cxx17__normal_iteratorIPS0_S2_EEDpOT_
                0x0000000008001ef8      0x28c gameobjects.o
                0x0000000008001ef8                void std::vector<EventCallable, std::allocator<EventCallable> >::_M_realloc_insert<EventCallable const&>(__gnu_cxx::__normal_iterator<EventCallable*, std::vector<EventCallable, std::allocator<EventCallable> > >, EventCallable const&)
 .text._ZNSt6vectorISt5tupleIJhNSt7__cxx1112basic_stringIcSt11char_traitsIcESaIcEEES6_EESaIS7_EE17_M_realloc_insertIJS7_EEEvN9__gnu_cxx17__normal_iteratorIPS7_S9_EEDpOT_
                0x0000000008002184      0x28c gameobjects.o
                0x0000000008002184                void std::vector<std::tuple<unsigned char, std::__cxx11::basic_string<char, std::char_traits<char>, std::allocator<char> >, std::__cxx11::basic_string<char, std::char_traits<char>, std::allocator<char> > >, std::allocator<std::tuple<unsigned char, std::__cxx11::basic_string<char, std::char_traits<char>, std::allocator<char> >, std::__cxx11::basic_string<char, std::char_traits<char>, std::allocator<char> > > > >::_M_realloc_insert<std::tuple<unsigned char, std::__cxx11::basic_string<char, std::char_traits<char>, std::allocator<char> >, std::__cxx11::basic_string<char, std::char_traits<char>, std::allocator<char> > > >(__gnu_cxx::__normal_iterator<std::tuple<unsigned char, std::__cxx11::basic_string<char, std::char_traits<char>, std::allocator<char> >, std::__cxx11::basic_string<char, std::char_traits<char>, std::allocator<char> > >*, std::vector<std::tuple<unsigned char, std::__cxx11::basic_string<char, std::char_traits<char>, std::allocator<char> >, std::__cxx11::basic_string<char, std::char_traits<char>, std::allocator<char> > >, std::allocator<std::tuple<unsigned char, std::__cxx11::basic_string<char, std::char_traits<char>, std::allocator<char> >, std::__cxx11::basic_string<char, std::char_traits<char>, std::allocator<char> > > > > >, std::tuple<unsigned char, std::__cxx11::basic_string<char, std::char_traits<char>, std::allocator<char> >, std::__cxx11::basic_string<char, std::char_traits<char>, std::allocator<char> > >&&)
 .text._ZNSt6vectorISt5tupleIJhNSt7__cxx1112basic_stringIcSt11char_traitsIcESaIcEEES6_EESaIS7_EE12emplace_backIJS7_EEEvDpOT_
                0x0000000008002410       0x84 gameobjects.o
                0x0000000008002410                void std::vector<std::tuple<unsigned char, std::__cxx11::basic_string<char, std::char_traits<char>, std::allocator<char> >, std::__cxx11::basic_string<char, std::char_traits<char>, std::allocator<char> > >, std::allocator<std::tuple<unsigned char, std::__cxx11::basic_string<char, std::char_traits<char>, std::allocator<char> >, std::__cxx11::basic_string<char, std::char_traits<char>, std::allocator<char> > > > >::emplace_back<std::tuple<unsigned char, std::__cxx11::basic_string<char, std::char_traits<char>, std::allocator<char> >, std::__cxx11::basic_string<char, std::char_traits<char>, std::allocator<char> > > >(std::tuple<unsigned char, std::__cxx11::basic_string<char, std::char_traits<char>, std::allocator<char> >, std::__cxx11::basic_string<char, std::char_traits<char>, std::allocator<char> > >&&)
 .text._ZNSt6vectorI13EventCallableSaIS0_EE17_M_realloc_insertIJS0_EEEvN9__gnu_cxx17__normal_iteratorIPS0_S2_EEDpOT_
                0x0000000008002494      0x260 gameobjects.o
                0x0000000008002494                void std::vector<EventCallable, std::allocator<EventCallable> >::_M_realloc_insert<EventCallable>(__gnu_cxx::__normal_iterator<EventCallable*, std::vector<EventCallable, std::allocator<EventCallable> > >, EventCallable&&)
 .text._ZNSt8_Rb_treeINSt7__cxx1112basic_stringIcSt11char_traitsIcESaIcEEESt4pairIKS5_St6vectorI13EventCallableSaIS9_EEESt10_Select1stISC_ESt4lessIS5_ESaISC_EE24_M_get_insert_unique_posERS7_
                0x00000000080026f4       0xe4 gameobjects.o
                0x00000000080026f4                std::_Rb_tree<std::__cxx11::basic_string<char, std::char_traits<char>, std::allocator<char> >, std::pair<std::__cxx11::basic_string<char, std::char_traits<char>, std::allocator<char> > const, std::vector<EventCallable, std::allocator<EventCallable> > >, std::_Select1st<std::pair<std::__cxx11::basic_string<char, std::char_traits<char>, std::allocator<char> > const, std::vector<EventCallable, std::allocator<EventCallable> > > >, std::less<std::__cxx11::basic_string<char, std::char_traits<char>, std::allocator<char> > >, std::allocator<std::pair<std::__cxx11::basic_string<char, std::char_traits<char>, std::allocator<char> > const, std::vector<EventCallable, std::allocator<EventCallable> > > > >::_M_get_insert_unique_pos(std::__cxx11::basic_string<char, std::char_traits<char>, std::allocator<char> > const&)
 .text._ZNSt8_Rb_treeINSt7__cxx1112basic_stringIcSt11char_traitsIcESaIcEEESt4pairIKS5_St6vectorI13EventCallableSaIS9_EEESt10_Select1stISC_ESt4lessIS5_ESaISC_EE29_M_get_insert_hint_unique_posESt23_Rb_tree_const_iteratorISC_ERS7_
                0x00000000080027d8      0x198 gameobjects.o
                0x00000000080027d8                std::_Rb_tree<std::__cxx11::basic_string<char, std::char_traits<char>, std::allocator<char> >, std::pair<std::__cxx11::basic_string<char, std::char_traits<char>, std::allocator<char> > const, std::vector<EventCallable, std::allocator<EventCallable> > >, std::_Select1st<std::pair<std::__cxx11::basic_string<char, std::char_traits<char>, std::allocator<char> > const, std::vector<EventCallable, std::allocator<EventCallable> > > >, std::less<std::__cxx11::basic_string<char, std::char_traits<char>, std::allocator<char> > >, std::allocator<std::pair<std::__cxx11::basic_string<char, std::char_traits<char>, std::allocator<char> > const, std::vector<EventCallable, std::allocator<EventCallable> > > > >::_M_get_insert_hint_unique_pos(std::_Rb_tree_const_iterator<std::pair<std::__cxx11::basic_string<char, std::char_traits<char>, std::allocator<char> > const, std::vector<EventCallable, std::allocator<EventCallable> > > >, std::__cxx11::basic_string<char, std::char_traits<char>, std::allocator<char> > const&)
 .text.exit     0x0000000008002970       0x5c gameobjects.o
 .text          0x00000000080029cc      0x294 template.o
                0x00000000080029cc                uploadPaletteMem()
                0x00000000080029ec                uploadTileMem()
                0x0000000008002a0c                initGameboy()
                0x0000000008002a54                makeCharacterSprite(unsigned char, unsigned char, unsigned char, bool)
 .text.startup  0x0000000008002c60      0x220 template.o
                0x0000000008002cbc                main
 .text._ZNSt6vectorI14AnimationFrameSaIS0_EE17_M_realloc_insertIJS0_EEEvN9__gnu_cxx17__normal_iteratorIPS0_S2_EEDpOT_
                0x0000000008002e80       0xf4 template.o
                0x0000000008002e80                void std::vector<AnimationFrame, std::allocator<AnimationFrame> >::_M_realloc_insert<AnimationFrame>(__gnu_cxx::__normal_iterator<AnimationFrame*, std::vector<AnimationFrame, std::allocator<AnimationFrame> > >, AnimationFrame&&)
 .text._ZNSt6vectorI6SpriteSaIS0_EE17_M_realloc_insertIJS0_EEEvN9__gnu_cxx17__normal_iteratorIPS0_S2_EEDpOT_
                0x0000000008002f74      0x1a8 template.o
                0x0000000008002f74                void std::vector<Sprite, std::allocator<Sprite> >::_M_realloc_insert<Sprite>(__gnu_cxx::__normal_iterator<Sprite*, std::vector<Sprite, std::allocator<Sprite> > >, Sprite&&)
 .text.exit     0x000000000800311c       0x5c template.o
 .text          0x0000000008003178        0x8 /opt/devkitpro/libgba/lib/libgba.a(CpuSet.o)
                0x0000000008003178                CpuSet
                0x000000000800317c                CpuFastSet
 .text          0x0000000008003180      0x3b8 /opt/devkitpro/libgba/lib/libgba.a(interrupt.o)
                0x0000000008003180                dummy
                0x0000000008003184                InitInterrupt
                0x00000000080031e0                irqInit
                0x000000000800323c                SetInterrupt
                0x0000000008003320                irqSet
                0x0000000008003404                EnableInterrupt
                0x0000000008003450                irqEnable
                0x00000000080034a0                DisableInterrupt
                0x00000000080034ec                irqDisable
 .text          0x0000000008003538       0xbc /opt/devkitpro/libgba/lib/libgba.a(input.o)
                0x0000000008003538                setRepeat
                0x0000000008003544                scanKeys
                0x00000000080035b8                keysDownRepeat
                0x00000000080035c8                keysDown
                0x00000000080035d8                keysUp
                0x00000000080035e8                keysHeld
 .text._ZdlPvj  0x00000000080035f4        0xc /opt/devkitpro/devkitARM/bin/../lib/gcc/arm-none-eabi/10.2.0/../../../../arm-none-eabi/lib/thumb/libstdc++.a(del_ops.o)
                0x00000000080035f4                operator delete(void*, unsigned int)
 .text._Znwj    0x0000000008003600       0x48 /opt/devkitpro/devkitARM/bin/../lib/gcc/arm-none-eabi/10.2.0/../../../../arm-none-eabi/lib/thumb/libstdc++.a(new_op.o)
                0x0000000008003600                operator new(unsigned int)
 .text._ZSt18_Rb_tree_incrementPSt18_Rb_tree_node_base
                0x0000000008003648       0x2c /opt/devkitpro/devkitARM/bin/../lib/gcc/arm-none-eabi/10.2.0/../../../../arm-none-eabi/lib/thumb/libstdc++.a(tree.o)
                0x0000000008003648                std::_Rb_tree_increment(std::_Rb_tree_node_base*)
 .text._ZSt18_Rb_tree_decrementPSt18_Rb_tree_node_base
                0x0000000008003674       0x38 /opt/devkitpro/devkitARM/bin/../lib/gcc/arm-none-eabi/10.2.0/../../../../arm-none-eabi/lib/thumb/libstdc++.a(tree.o)
                0x0000000008003674                std::_Rb_tree_decrement(std::_Rb_tree_node_base*)
 .text._ZSt29_Rb_tree_insert_and_rebalancebPSt18_Rb_tree_node_baseS0_RS_
                0x00000000080036ac      0x188 /opt/devkitpro/devkitARM/bin/../lib/gcc/arm-none-eabi/10.2.0/../../../../arm-none-eabi/lib/thumb/libstdc++.a(tree.o)
                0x00000000080036ac                std::_Rb_tree_insert_and_rebalance(bool, std::_Rb_tree_node_base*, std::_Rb_tree_node_base*, std::_Rb_tree_node_base&)
 .text.unlikely._ZSt17__throw_bad_allocv
                0x0000000008003834       0x20 /opt/devkitpro/devkitARM/bin/../lib/gcc/arm-none-eabi/10.2.0/../../../../arm-none-eabi/lib/thumb/libstdc++.a(functexcept.o)
                0x0000000008003834                std::__throw_bad_alloc()
 .text.unlikely._ZSt19__throw_logic_errorPKc
                0x0000000008003854       0x30 /opt/devkitpro/devkitARM/bin/../lib/gcc/arm-none-eabi/10.2.0/../../../../arm-none-eabi/lib/thumb/libstdc++.a(functexcept.o)
                0x0000000008003854                std::__throw_logic_error(char const*)
 .text.unlikely._ZSt20__throw_length_errorPKc
                0x0000000008003884       0x30 /opt/devkitpro/devkitARM/bin/../lib/gcc/arm-none-eabi/10.2.0/../../../../arm-none-eabi/lib/thumb/libstdc++.a(functexcept.o)
                0x0000000008003884                std::__throw_length_error(char const*)
 .text._ZNKSt17bad_function_call4whatEv
                0x00000000080038b4        0x8 /opt/devkitpro/devkitARM/bin/../lib/gcc/arm-none-eabi/10.2.0/../../../../arm-none-eabi/lib/thumb/libstdc++.a(functional.o)
                0x00000000080038b4                std::bad_function_call::what() const
 .text._ZNSt17bad_function_callD2Ev
                0x00000000080038bc       0x1c /opt/devkitpro/devkitARM/bin/../lib/gcc/arm-none-eabi/10.2.0/../../../../arm-none-eabi/lib/thumb/libstdc++.a(functional.o)
                0x00000000080038bc                std::bad_function_call::~bad_function_call()
                0x00000000080038bc                std::bad_function_call::~bad_function_call()
 .text._ZNSt17bad_function_callD0Ev
                0x00000000080038d8       0x20 /opt/devkitpro/devkitARM/bin/../lib/gcc/arm-none-eabi/10.2.0/../../../../arm-none-eabi/lib/thumb/libstdc++.a(functional.o)
                0x00000000080038d8                std::bad_function_call::~bad_function_call()
 .text.unlikely._ZSt25__throw_bad_function_callv
                0x00000000080038f8       0x24 /opt/devkitpro/devkitARM/bin/../lib/gcc/arm-none-eabi/10.2.0/../../../../arm-none-eabi/lib/thumb/libstdc++.a(functional.o)
                0x00000000080038f8                std::__throw_bad_function_call()
 .text._ZNSt7__cxx1112basic_stringIcSt11char_traitsIcESaIcEE9_M_createERjj
                0x000000000800391c       0x40 /opt/devkitpro/devkitARM/bin/../lib/gcc/arm-none-eabi/10.2.0/../../../../arm-none-eabi/lib/thumb/libstdc++.a(string-inst.o)
                0x000000000800391c                std::__cxx11::basic_string<char, std::char_traits<char>, std::allocator<char> >::_M_create(unsigned int&, unsigned int)
 .text._ZNSt7__cxx1112basic_stringIcSt11char_traitsIcESaIcEE10_M_disposeEv
                0x000000000800395c       0x18 /opt/devkitpro/devkitARM/bin/../lib/gcc/arm-none-eabi/10.2.0/../../../../arm-none-eabi/lib/thumb/libstdc++.a(string-inst.o)
                0x000000000800395c                std::__cxx11::basic_string<char, std::char_traits<char>, std::allocator<char> >::_M_dispose()
 .text._ZNSt7__cxx1112basic_stringIcSt11char_traitsIcESaIcEE13_S_copy_charsEPcPKcS7_
                0x0000000008003974       0x20 /opt/devkitpro/devkitARM/bin/../lib/gcc/arm-none-eabi/10.2.0/../../../../arm-none-eabi/lib/thumb/libstdc++.a(string-inst.o)
                0x0000000008003974                std::__cxx11::basic_string<char, std::char_traits<char>, std::allocator<char> >::_S_copy_chars(char*, char const*, char const*)
 .text._ZNSt7__cxx1112basic_stringIcSt11char_traitsIcESaIcEE9_M_assignERKS4_
                0x0000000008003994       0x78 /opt/devkitpro/devkitARM/bin/../lib/gcc/arm-none-eabi/10.2.0/../../../../arm-none-eabi/lib/thumb/libstdc++.a(string-inst.o)
                0x0000000008003994                std::__cxx11::basic_string<char, std::char_traits<char>, std::allocator<char> >::_M_assign(std::__cxx11::basic_string<char, std::char_traits<char>, std::allocator<char> > const&)
 .text._ZNKSt9bad_alloc4whatEv
                0x0000000008003a0c        0x8 /opt/devkitpro/devkitARM/bin/../lib/gcc/arm-none-eabi/10.2.0/../../../../arm-none-eabi/lib/thumb/libstdc++.a(bad_alloc.o)
                0x0000000008003a0c                std::bad_alloc::what() const
 .text._ZNSt9bad_allocD2Ev
                0x0000000008003a14       0x1c /opt/devkitpro/devkitARM/bin/../lib/gcc/arm-none-eabi/10.2.0/../../../../arm-none-eabi/lib/thumb/libstdc++.a(bad_alloc.o)
                0x0000000008003a14                std::bad_alloc::~bad_alloc()
                0x0000000008003a14                std::bad_alloc::~bad_alloc()
 .text._ZNSt9bad_allocD0Ev
                0x0000000008003a30       0x24 /opt/devkitpro/devkitARM/bin/../lib/gcc/arm-none-eabi/10.2.0/../../../../arm-none-eabi/lib/thumb/libstdc++.a(bad_alloc.o)
                0x0000000008003a30                std::bad_alloc::~bad_alloc()
 .text._ZdlPv   0x0000000008003a54        0xc /opt/devkitpro/devkitARM/bin/../lib/gcc/arm-none-eabi/10.2.0/../../../../arm-none-eabi/lib/thumb/libstdc++.a(del_op.o)
                0x0000000008003a54                operator delete(void*)
 .text._ZN12_GLOBAL__N_14pool4freeEPv.constprop.0
                0x0000000008003a60       0x80 /opt/devkitpro/devkitARM/bin/../lib/gcc/arm-none-eabi/10.2.0/../../../../arm-none-eabi/lib/thumb/libstdc++.a(eh_alloc.o)
 .text._ZN12_GLOBAL__N_14pool8allocateEj.constprop.0
                0x0000000008003ae0       0x54 /opt/devkitpro/devkitARM/bin/../lib/gcc/arm-none-eabi/10.2.0/../../../../arm-none-eabi/lib/thumb/libstdc++.a(eh_alloc.o)
 .text.__cxa_allocate_exception
                0x0000000008003b34       0x30 /opt/devkitpro/devkitARM/bin/../lib/gcc/arm-none-eabi/10.2.0/../../../../arm-none-eabi/lib/thumb/libstdc++.a(eh_alloc.o)
                0x0000000008003b34                __cxa_allocate_exception
 .text.__cxa_free_exception
                0x0000000008003b64       0x28 /opt/devkitpro/devkitARM/bin/../lib/gcc/arm-none-eabi/10.2.0/../../../../arm-none-eabi/lib/thumb/libstdc++.a(eh_alloc.o)
                0x0000000008003b64                __cxa_free_exception
 .text.startup._GLOBAL__sub_I__ZN9__gnu_cxx9__freeresEv
                0x0000000008003b8c       0x30 /opt/devkitpro/devkitARM/bin/../lib/gcc/arm-none-eabi/10.2.0/../../../../arm-none-eabi/lib/thumb/libstdc++.a(eh_alloc.o)
 .text.__cxa_end_cleanup
                0x0000000008003bbc        0xc /opt/devkitpro/devkitARM/bin/../lib/gcc/arm-none-eabi/10.2.0/../../../../arm-none-eabi/lib/thumb/libstdc++.a(eh_arm.o)
                0x0000000008003bbc                __cxa_end_cleanup
 .text.__cxa_type_match
                0x0000000008003bc8       0xcc /opt/devkitpro/devkitARM/bin/../lib/gcc/arm-none-eabi/10.2.0/../../../../arm-none-eabi/lib/thumb/libstdc++.a(eh_arm.o)
                0x0000000008003bc8                __cxa_type_match
 .text.__cxa_begin_cleanup
                0x0000000008003c94       0x64 /opt/devkitpro/devkitARM/bin/../lib/gcc/arm-none-eabi/10.2.0/../../../../arm-none-eabi/lib/thumb/libstdc++.a(eh_arm.o)
                0x0000000008003c94                __cxa_begin_cleanup
 .text.__gnu_end_cleanup
                0x0000000008003cf8       0x74 /opt/devkitpro/devkitARM/bin/../lib/gcc/arm-none-eabi/10.2.0/../../../../arm-none-eabi/lib/thumb/libstdc++.a(eh_arm.o)
                0x0000000008003cf8                __gnu_end_cleanup
 .text.__cxa_begin_catch
                0x0000000008003d6c       0x78 /opt/devkitpro/devkitARM/bin/../lib/gcc/arm-none-eabi/10.2.0/../../../../arm-none-eabi/lib/thumb/libstdc++.a(eh_catch.o)
                0x0000000008003d6c                __cxa_begin_catch
 .text.__cxa_end_catch
                0x0000000008003de4       0x94 /opt/devkitpro/devkitARM/bin/../lib/gcc/arm-none-eabi/10.2.0/../../../../arm-none-eabi/lib/thumb/libstdc++.a(eh_catch.o)
                0x0000000008003de4                __cxa_end_catch
 .text._ZNSt9exceptionD2Ev
                0x0000000008003e78        0x4 /opt/devkitpro/devkitARM/bin/../lib/gcc/arm-none-eabi/10.2.0/../../../../arm-none-eabi/lib/thumb/libstdc++.a(eh_exception.o)
                0x0000000008003e78                std::exception::~exception()
                0x0000000008003e78                std::exception::~exception()
 .text._ZNSt13bad_exceptionD2Ev
                0x0000000008003e7c        0x4 /opt/devkitpro/devkitARM/bin/../lib/gcc/arm-none-eabi/10.2.0/../../../../arm-none-eabi/lib/thumb/libstdc++.a(eh_exception.o)
                0x0000000008003e7c                std::bad_exception::~bad_exception()
                0x0000000008003e7c                std::bad_exception::~bad_exception()
 .text._ZNKSt13bad_exception4whatEv
                0x0000000008003e80        0x8 /opt/devkitpro/devkitARM/bin/../lib/gcc/arm-none-eabi/10.2.0/../../../../arm-none-eabi/lib/thumb/libstdc++.a(eh_exception.o)
                0x0000000008003e80                transaction clone for std::bad_exception::what() const
                0x0000000008003e80                std::bad_exception::what() const
 .text._ZNSt13bad_exceptionD0Ev
                0x0000000008003e88       0x14 /opt/devkitpro/devkitARM/bin/../lib/gcc/arm-none-eabi/10.2.0/../../../../arm-none-eabi/lib/thumb/libstdc++.a(eh_exception.o)
                0x0000000008003e88                std::bad_exception::~bad_exception()
 .text.__cxa_get_globals_fast
                0x0000000008003e9c        0x8 /opt/devkitpro/devkitARM/bin/../lib/gcc/arm-none-eabi/10.2.0/../../../../arm-none-eabi/lib/thumb/libstdc++.a(eh_globals.o)
                0x0000000008003e9c                __cxa_get_globals_fast
 .text.__cxa_get_globals
                0x0000000008003ea4        0x8 /opt/devkitpro/devkitARM/bin/../lib/gcc/arm-none-eabi/10.2.0/../../../../arm-none-eabi/lib/thumb/libstdc++.a(eh_globals.o)
                0x0000000008003ea4                __cxa_get_globals
 .text._ZL28read_encoded_value_with_basehjPKhPj
                0x0000000008003eac      0x114 /opt/devkitpro/devkitARM/bin/../lib/gcc/arm-none-eabi/10.2.0/../../../../arm-none-eabi/lib/thumb/libstdc++.a(eh_personality.o)
 .text._ZL21base_of_encoded_valuehP15_Unwind_Context
                0x0000000008003fc0       0x4c /opt/devkitpro/devkitARM/bin/../lib/gcc/arm-none-eabi/10.2.0/../../../../arm-none-eabi/lib/thumb/libstdc++.a(eh_personality.o)
 .text._ZL17parse_lsda_headerP15_Unwind_ContextPKhP16lsda_header_info
                0x000000000800400c       0x98 /opt/devkitpro/devkitARM/bin/../lib/gcc/arm-none-eabi/10.2.0/../../../../arm-none-eabi/lib/thumb/libstdc++.a(eh_personality.o)
 .text.__gxx_personality_v0
                0x00000000080040a4      0x4a4 /opt/devkitpro/devkitARM/bin/../lib/gcc/arm-none-eabi/10.2.0/../../../../arm-none-eabi/lib/thumb/libstdc++.a(eh_personality.o)
                0x00000000080040a4                __gxx_personality_v0
 .text._ZN10__cxxabiv111__terminateEPFvvE
                0x0000000008004548       0x2c /opt/devkitpro/devkitARM/bin/../lib/gcc/arm-none-eabi/10.2.0/../../../../arm-none-eabi/lib/thumb/libstdc++.a(eh_terminate.o)
                0x0000000008004548                __cxxabiv1::__terminate(void (*)())
 .text._ZSt9terminatev
                0x0000000008004574       0x10 /opt/devkitpro/devkitARM/bin/../lib/gcc/arm-none-eabi/10.2.0/../../../../arm-none-eabi/lib/thumb/libstdc++.a(eh_terminate.o)
                0x0000000008004574                std::terminate()
 .text._ZN10__cxxabiv112__unexpectedEPFvvE
                0x0000000008004584        0xc /opt/devkitpro/devkitARM/bin/../lib/gcc/arm-none-eabi/10.2.0/../../../../arm-none-eabi/lib/thumb/libstdc++.a(eh_terminate.o)
                0x0000000008004584                __cxxabiv1::__unexpected(void (*)())
 .text._ZSt10unexpectedv
                0x0000000008004590       0x10 /opt/devkitpro/devkitARM/bin/../lib/gcc/arm-none-eabi/10.2.0/../../../../arm-none-eabi/lib/thumb/libstdc++.a(eh_terminate.o)
                0x0000000008004590                std::unexpected()
 .text._ZSt13get_terminatev
                0x00000000080045a0        0xc /opt/devkitpro/devkitARM/bin/../lib/gcc/arm-none-eabi/10.2.0/../../../../arm-none-eabi/lib/thumb/libstdc++.a(eh_terminate.o)
                0x00000000080045a0                std::get_terminate()
 .text._ZSt14get_unexpectedv
                0x00000000080045ac        0xc /opt/devkitpro/devkitARM/bin/../lib/gcc/arm-none-eabi/10.2.0/../../../../arm-none-eabi/lib/thumb/libstdc++.a(eh_terminate.o)
                0x00000000080045ac                std::get_unexpected()
 .text._ZL23__gxx_exception_cleanup19_Unwind_Reason_CodeP21_Unwind_Control_Block
                0x00000000080045b8       0x3c /opt/devkitpro/devkitARM/bin/../lib/gcc/arm-none-eabi/10.2.0/../../../../arm-none-eabi/lib/thumb/libstdc++.a(eh_throw.o)
 .text.__cxa_init_primary_exception
                0x00000000080045f4       0x50 /opt/devkitpro/devkitARM/bin/../lib/gcc/arm-none-eabi/10.2.0/../../../../arm-none-eabi/lib/thumb/libstdc++.a(eh_throw.o)
                0x00000000080045f4                __cxa_init_primary_exception
 .text.__cxa_throw
                0x0000000008004644       0x34 /opt/devkitpro/devkitARM/bin/../lib/gcc/arm-none-eabi/10.2.0/../../../../arm-none-eabi/lib/thumb/libstdc++.a(eh_throw.o)
                0x0000000008004644                __cxa_throw
 .text.__cxa_rethrow
                0x0000000008004678       0x70 /opt/devkitpro/devkitARM/bin/../lib/gcc/arm-none-eabi/10.2.0/../../../../arm-none-eabi/lib/thumb/libstdc++.a(eh_throw.o)
                0x0000000008004678                __cxa_rethrow
 .text._ZSt15get_new_handlerv
                0x00000000080046e8        0xc /opt/devkitpro/devkitARM/bin/../lib/gcc/arm-none-eabi/10.2.0/../../../../arm-none-eabi/lib/thumb/libstdc++.a(new_handler.o)
                0x00000000080046e8                std::get_new_handler()
 .text._ZN10__cxxabiv120__si_class_type_infoD2Ev
                0x00000000080046f4       0x1c /opt/devkitpro/devkitARM/bin/../lib/gcc/arm-none-eabi/10.2.0/../../../../arm-none-eabi/lib/thumb/libstdc++.a(si_class_type_info.o)
                0x00000000080046f4                __cxxabiv1::__si_class_type_info::~__si_class_type_info()
                0x00000000080046f4                __cxxabiv1::__si_class_type_info::~__si_class_type_info()
 .text._ZN10__cxxabiv120__si_class_type_infoD0Ev
                0x0000000008004710       0x24 /opt/devkitpro/devkitARM/bin/../lib/gcc/arm-none-eabi/10.2.0/../../../../arm-none-eabi/lib/thumb/libstdc++.a(si_class_type_info.o)
                0x0000000008004710                __cxxabiv1::__si_class_type_info::~__si_class_type_info()
 .text._ZNK10__cxxabiv120__si_class_type_info20__do_find_public_srcEiPKvPKNS_17__class_type_infoES2_
                0x0000000008004734       0x40 /opt/devkitpro/devkitARM/bin/../lib/gcc/arm-none-eabi/10.2.0/../../../../arm-none-eabi/lib/thumb/libstdc++.a(si_class_type_info.o)
                0x0000000008004734                __cxxabiv1::__si_class_type_info::__do_find_public_src(int, void const*, __cxxabiv1::__class_type_info const*, void const*) const
 .text._ZNK10__cxxabiv120__si_class_type_info12__do_dyncastEiNS_17__class_type_info10__sub_kindEPKS1_PKvS4_S6_RNS1_16__dyncast_resultE
                0x0000000008004774       0xa4 /opt/devkitpro/devkitARM/bin/../lib/gcc/arm-none-eabi/10.2.0/../../../../arm-none-eabi/lib/thumb/libstdc++.a(si_class_type_info.o)
                0x0000000008004774                __cxxabiv1::__si_class_type_info::__do_dyncast(int, __cxxabiv1::__class_type_info::__sub_kind, __cxxabiv1::__class_type_info const*, void const*, __cxxabiv1::__class_type_info const*, void const*, __cxxabiv1::__class_type_info::__dyncast_result&) const
 .text._ZNK10__cxxabiv120__si_class_type_info11__do_upcastEPKNS_17__class_type_infoEPKvRNS1_15__upcast_resultE
                0x0000000008004818       0x2c /opt/devkitpro/devkitARM/bin/../lib/gcc/arm-none-eabi/10.2.0/../../../../arm-none-eabi/lib/thumb/libstdc++.a(si_class_type_info.o)
                0x0000000008004818                __cxxabiv1::__si_class_type_info::__do_upcast(__cxxabiv1::__class_type_info const*, void const*, __cxxabiv1::__class_type_info::__upcast_result&) const
 .text._ZNSt9type_infoD2Ev
                0x0000000008004844        0x4 /opt/devkitpro/devkitARM/bin/../lib/gcc/arm-none-eabi/10.2.0/../../../../arm-none-eabi/lib/thumb/libstdc++.a(tinfo.o)
                0x0000000008004844                std::type_info::~type_info()
                0x0000000008004844                std::type_info::~type_info()
 .text._ZNKSt9type_info14__is_pointer_pEv
                0x0000000008004848        0x4 /opt/devkitpro/devkitARM/bin/../lib/gcc/arm-none-eabi/10.2.0/../../../../arm-none-eabi/lib/thumb/libstdc++.a(tinfo.o)
                0x0000000008004848                std::type_info::__is_function_p() const
                0x0000000008004848                std::type_info::__is_pointer_p() const
 .text._ZNKSt9type_infoeqERKS_
                0x000000000800484c       0x30 /opt/devkitpro/devkitARM/bin/../lib/gcc/arm-none-eabi/10.2.0/../../../../arm-none-eabi/lib/thumb/libstdc++.a(tinfo.o)
                0x000000000800484c                std::type_info::operator==(std::type_info const&) const
 .text._ZNKSt11logic_error4whatEv
                0x000000000800487c        0x4 /opt/devkitpro/devkitARM/bin/../lib/gcc/arm-none-eabi/10.2.0/../../../../arm-none-eabi/lib/thumb/libstdc++.a(stdexcept.o)
                0x000000000800487c                std::runtime_error::what() const
                0x000000000800487c                std::logic_error::what() const
 .text._ZNSt11logic_errorD2Ev
                0x0000000008004880       0x44 /opt/devkitpro/devkitARM/bin/../lib/gcc/arm-none-eabi/10.2.0/../../../../arm-none-eabi/lib/thumb/libstdc++.a(stdexcept.o)
                0x0000000008004880                std::logic_error::~logic_error()
                0x0000000008004880                std::logic_error::~logic_error()
 .text._ZNSt12length_errorD2Ev
                0x00000000080048c4       0x44 /opt/devkitpro/devkitARM/bin/../lib/gcc/arm-none-eabi/10.2.0/../../../../arm-none-eabi/lib/thumb/libstdc++.a(stdexcept.o)
                0x00000000080048c4                std::length_error::~length_error()
                0x00000000080048c4                std::length_error::~length_error()
 .text._ZNSt11logic_errorD0Ev
                0x0000000008004908       0x4c /opt/devkitpro/devkitARM/bin/../lib/gcc/arm-none-eabi/10.2.0/../../../../arm-none-eabi/lib/thumb/libstdc++.a(stdexcept.o)
                0x0000000008004908                std::logic_error::~logic_error()
 .text._ZNSt12length_errorD0Ev
                0x0000000008004954       0x4c /opt/devkitpro/devkitARM/bin/../lib/gcc/arm-none-eabi/10.2.0/../../../../arm-none-eabi/lib/thumb/libstdc++.a(stdexcept.o)
                0x0000000008004954                std::length_error::~length_error()
 .text._ZNSt11logic_errorC2EPKc
                0x00000000080049a0       0x28 /opt/devkitpro/devkitARM/bin/../lib/gcc/arm-none-eabi/10.2.0/../../../../arm-none-eabi/lib/thumb/libstdc++.a(cow-stdexcept.o)
                0x00000000080049a0                std::logic_error::logic_error(char const*)
                0x00000000080049a0                std::logic_error::logic_error(char const*)
 .text._ZNSt12length_errorC2EPKc
                0x00000000080049c8       0x30 /opt/devkitpro/devkitARM/bin/../lib/gcc/arm-none-eabi/10.2.0/../../../../arm-none-eabi/lib/thumb/libstdc++.a(cow-stdexcept.o)
                0x00000000080049c8                std::length_error::length_error(char const*)
                0x00000000080049c8                std::length_error::length_error(char const*)
 .text._ZNSs4_Rep9_S_createEjjRKSaIcE
                0x00000000080049f8       0x64 /opt/devkitpro/devkitARM/bin/../lib/gcc/arm-none-eabi/10.2.0/../../../../arm-none-eabi/lib/thumb/libstdc++.a(cow-string-inst.o)
                0x00000000080049f8                std::string::_Rep::_S_create(unsigned int, unsigned int, std::allocator<char> const&)
 .text._ZNSs4_Rep10_M_destroyERKSaIcE
                0x0000000008004a5c        0xc /opt/devkitpro/devkitARM/bin/../lib/gcc/arm-none-eabi/10.2.0/../../../../arm-none-eabi/lib/thumb/libstdc++.a(cow-string-inst.o)
                0x0000000008004a5c                std::string::_Rep::_M_destroy(std::allocator<char> const&)
 .text._ZNSs12_S_constructIPKcEEPcT_S3_RKSaIcESt20forward_iterator_tag
                0x0000000008004a68       0x60 /opt/devkitpro/devkitARM/bin/../lib/gcc/arm-none-eabi/10.2.0/../../../../arm-none-eabi/lib/thumb/libstdc++.a(cow-string-inst.o)
                0x0000000008004a68                char* std::string::_S_construct<char const*>(char const*, char const*, std::allocator<char> const&, std::forward_iterator_tag)
 .text._ZNSsC2EPKcRKSaIcE
                0x0000000008004ac8       0x30 /opt/devkitpro/devkitARM/bin/../lib/gcc/arm-none-eabi/10.2.0/../../../../arm-none-eabi/lib/thumb/libstdc++.a(cow-string-inst.o)
                0x0000000008004ac8                std::basic_string<char, std::char_traits<char>, std::allocator<char> >::basic_string(char const*, std::allocator<char> const&)
                0x0000000008004ac8                std::basic_string<char, std::char_traits<char>, std::allocator<char> >::basic_string(char const*, std::allocator<char> const&)
 .text._ZNK10__cxxabiv117__class_type_info11__do_upcastEPKS0_PPv
                0x0000000008004af8       0x3c /opt/devkitpro/devkitARM/bin/../lib/gcc/arm-none-eabi/10.2.0/../../../../arm-none-eabi/lib/thumb/libstdc++.a(class_type_info.o)
                0x0000000008004af8                __cxxabiv1::__class_type_info::__do_upcast(__cxxabiv1::__class_type_info const*, void**) const
 .text._ZNK10__cxxabiv117__class_type_info20__do_find_public_srcEiPKvPKS0_S2_
                0x0000000008004b34       0x14 /opt/devkitpro/devkitARM/bin/../lib/gcc/arm-none-eabi/10.2.0/../../../../arm-none-eabi/lib/thumb/libstdc++.a(class_type_info.o)
                0x0000000008004b34                __cxxabiv1::__class_type_info::__do_find_public_src(int, void const*, __cxxabiv1::__class_type_info const*, void const*) const
 .text._ZN10__cxxabiv117__class_type_infoD2Ev
                0x0000000008004b48       0x1c /opt/devkitpro/devkitARM/bin/../lib/gcc/arm-none-eabi/10.2.0/../../../../arm-none-eabi/lib/thumb/libstdc++.a(class_type_info.o)
                0x0000000008004b48                __cxxabiv1::__class_type_info::~__class_type_info()
                0x0000000008004b48                __cxxabiv1::__class_type_info::~__class_type_info()
 .text._ZN10__cxxabiv117__class_type_infoD0Ev
                0x0000000008004b64       0x24 /opt/devkitpro/devkitARM/bin/../lib/gcc/arm-none-eabi/10.2.0/../../../../arm-none-eabi/lib/thumb/libstdc++.a(class_type_info.o)
                0x0000000008004b64                __cxxabiv1::__class_type_info::~__class_type_info()
 .text._ZNK10__cxxabiv117__class_type_info12__do_dyncastEiNS0_10__sub_kindEPKS0_PKvS3_S5_RNS0_16__dyncast_resultE
                0x0000000008004b88       0x44 /opt/devkitpro/devkitARM/bin/../lib/gcc/arm-none-eabi/10.2.0/../../../../arm-none-eabi/lib/thumb/libstdc++.a(class_type_info.o)
                0x0000000008004b88                __cxxabiv1::__class_type_info::__do_dyncast(int, __cxxabiv1::__class_type_info::__sub_kind, __cxxabiv1::__class_type_info const*, void const*, __cxxabiv1::__class_type_info const*, void const*, __cxxabiv1::__class_type_info::__dyncast_result&) const
 .text._ZNK10__cxxabiv117__class_type_info11__do_upcastEPKS0_PKvRNS0_15__upcast_resultE
                0x0000000008004bcc       0x20 /opt/devkitpro/devkitARM/bin/../lib/gcc/arm-none-eabi/10.2.0/../../../../arm-none-eabi/lib/thumb/libstdc++.a(class_type_info.o)
                0x0000000008004bcc                __cxxabiv1::__class_type_info::__do_upcast(__cxxabiv1::__class_type_info const*, void const*, __cxxabiv1::__class_type_info::__upcast_result&) const
 .text._ZNK10__cxxabiv117__class_type_info10__do_catchEPKSt9type_infoPPvj
                0x0000000008004bec       0x2c /opt/devkitpro/devkitARM/bin/../lib/gcc/arm-none-eabi/10.2.0/../../../../arm-none-eabi/lib/thumb/libstdc++.a(class_type_info.o)
                0x0000000008004bec                __cxxabiv1::__class_type_info::__do_catch(std::type_info const*, void**, unsigned int) const
 .text._ZN10__cxxabiv1L24__is_gxx_exception_classEPc
                0x0000000008004c18       0x3c /opt/devkitpro/devkitARM/bin/../lib/gcc/arm-none-eabi/10.2.0/../../../../arm-none-eabi/lib/thumb/libstdc++.a(eh_call.o)
 .text.__cxa_call_terminate
                0x0000000008004c54       0x20 /opt/devkitpro/devkitARM/bin/../lib/gcc/arm-none-eabi/10.2.0/../../../../arm-none-eabi/lib/thumb/libstdc++.a(eh_call.o)
                0x0000000008004c54                __cxa_call_terminate
 .text.unlikely.__cxa_call_unexpected
                0x0000000008004c74      0x104 /opt/devkitpro/devkitARM/bin/../lib/gcc/arm-none-eabi/10.2.0/../../../../arm-none-eabi/lib/thumb/libstdc++.a(eh_call.o)
                0x0000000008004c74                __cxa_call_unexpected
 .text.selfrel_offset31
                0x0000000008004d78       0x18 /opt/devkitpro/devkitARM/bin/../lib/gcc/arm-none-eabi/10.2.0/thumb/libgcc.a(unwind-arm.o)
 .text.search_EIT_table
                0x0000000008004d90       0x74 /opt/devkitpro/devkitARM/bin/../lib/gcc/arm-none-eabi/10.2.0/thumb/libgcc.a(unwind-arm.o)
 .text.__gnu_unwind_get_pr_addr
                0x0000000008004e04       0x2c /opt/devkitpro/devkitARM/bin/../lib/gcc/arm-none-eabi/10.2.0/thumb/libgcc.a(unwind-arm.o)
 .text.get_eit_entry
                0x0000000008004e30       0xa0 /opt/devkitpro/devkitARM/bin/../lib/gcc/arm-none-eabi/10.2.0/thumb/libgcc.a(unwind-arm.o)
 .text.restore_non_core_regs
                0x0000000008004ed0       0x5c /opt/devkitpro/devkitARM/bin/../lib/gcc/arm-none-eabi/10.2.0/thumb/libgcc.a(unwind-arm.o)
 .text._Unwind_decode_typeinfo_ptr.constprop.0
                0x0000000008004f2c        0xc /opt/devkitpro/devkitARM/bin/../lib/gcc/arm-none-eabi/10.2.0/thumb/libgcc.a(unwind-arm.o)
 .text._Unwind_DebugHook
                0x0000000008004f38        0x4 /opt/devkitpro/devkitARM/bin/../lib/gcc/arm-none-eabi/10.2.0/thumb/libgcc.a(unwind-arm.o)
 .text.unwind_phase2
                0x0000000008004f3c       0x40 /opt/devkitpro/devkitARM/bin/../lib/gcc/arm-none-eabi/10.2.0/thumb/libgcc.a(unwind-arm.o)
 .text.unwind_phase2_forced
                0x0000000008004f7c       0xe0 /opt/devkitpro/devkitARM/bin/../lib/gcc/arm-none-eabi/10.2.0/thumb/libgcc.a(unwind-arm.o)
 .text.__gnu_Unwind_RaiseException
                0x000000000800505c       0x5c /opt/devkitpro/devkitARM/bin/../lib/gcc/arm-none-eabi/10.2.0/thumb/libgcc.a(unwind-arm.o)
                0x000000000800505c                __gnu_Unwind_RaiseException
 .text.__gnu_Unwind_ForcedUnwind
                0x00000000080050b8       0x18 /opt/devkitpro/devkitARM/bin/../lib/gcc/arm-none-eabi/10.2.0/thumb/libgcc.a(unwind-arm.o)
                0x00000000080050b8                __gnu_Unwind_ForcedUnwind
 .text.__gnu_Unwind_Resume
                0x00000000080050d0       0x4c /opt/devkitpro/devkitARM/bin/../lib/gcc/arm-none-eabi/10.2.0/thumb/libgcc.a(unwind-arm.o)
                0x00000000080050d0                __gnu_Unwind_Resume
 .text.__gnu_Unwind_Resume_or_Rethrow
                0x000000000800511c       0x20 /opt/devkitpro/devkitARM/bin/../lib/gcc/arm-none-eabi/10.2.0/thumb/libgcc.a(unwind-arm.o)
                0x000000000800511c                __gnu_Unwind_Resume_or_Rethrow
 .text._Unwind_Complete
                0x000000000800513c        0x4 /opt/devkitpro/devkitARM/bin/../lib/gcc/arm-none-eabi/10.2.0/thumb/libgcc.a(unwind-arm.o)
                0x000000000800513c                _Unwind_Complete
 .text._Unwind_DeleteException
                0x0000000008005140       0x18 /opt/devkitpro/devkitARM/bin/../lib/gcc/arm-none-eabi/10.2.0/thumb/libgcc.a(unwind-arm.o)
                0x0000000008005140                _Unwind_DeleteException
 .text._Unwind_VRS_Get
                0x0000000008005158       0x38 /opt/devkitpro/devkitARM/bin/../lib/gcc/arm-none-eabi/10.2.0/thumb/libgcc.a(unwind-arm.o)
                0x0000000008005158                _Unwind_VRS_Get
 .text._Unwind_GetGR
                0x0000000008005190       0x1c /opt/devkitpro/devkitARM/bin/../lib/gcc/arm-none-eabi/10.2.0/thumb/libgcc.a(unwind-arm.o)
 .text._Unwind_VRS_Set
                0x00000000080051ac       0x38 /opt/devkitpro/devkitARM/bin/../lib/gcc/arm-none-eabi/10.2.0/thumb/libgcc.a(unwind-arm.o)
                0x00000000080051ac                _Unwind_VRS_Set
 .text._Unwind_SetGR
                0x00000000080051e4       0x1c /opt/devkitpro/devkitARM/bin/../lib/gcc/arm-none-eabi/10.2.0/thumb/libgcc.a(unwind-arm.o)
 .text.__gnu_Unwind_Backtrace
                0x0000000008005200       0x80 /opt/devkitpro/devkitARM/bin/../lib/gcc/arm-none-eabi/10.2.0/thumb/libgcc.a(unwind-arm.o)
                0x0000000008005200                __gnu_Unwind_Backtrace
 .text.__gnu_unwind_pr_common
                0x0000000008005280      0x2d8 /opt/devkitpro/devkitARM/bin/../lib/gcc/arm-none-eabi/10.2.0/thumb/libgcc.a(unwind-arm.o)
 .text.__aeabi_unwind_cpp_pr0
                0x0000000008005558       0x10 /opt/devkitpro/devkitARM/bin/../lib/gcc/arm-none-eabi/10.2.0/thumb/libgcc.a(unwind-arm.o)
                0x0000000008005558                __aeabi_unwind_cpp_pr0
 .text.__aeabi_unwind_cpp_pr1
                0x0000000008005568       0x10 /opt/devkitpro/devkitARM/bin/../lib/gcc/arm-none-eabi/10.2.0/thumb/libgcc.a(unwind-arm.o)
                0x0000000008005568                __aeabi_unwind_cpp_pr1
 .text.__aeabi_unwind_cpp_pr2
                0x0000000008005578       0x10 /opt/devkitpro/devkitARM/bin/../lib/gcc/arm-none-eabi/10.2.0/thumb/libgcc.a(unwind-arm.o)
                0x0000000008005578                __aeabi_unwind_cpp_pr2
 .text._Unwind_VRS_Pop
                0x0000000008005588      0x2b8 /opt/devkitpro/devkitARM/bin/../lib/gcc/arm-none-eabi/10.2.0/thumb/libgcc.a(unwind-arm.o)
                0x0000000008005588                _Unwind_VRS_Pop
 .text          0x0000000008005840      0x1d8 /opt/devkitpro/devkitARM/bin/../lib/gcc/arm-none-eabi/10.2.0/thumb/libgcc.a(libunwind.o)
                0x0000000008005840                __restore_core_regs
                0x0000000008005840                restore_core_regs
                0x000000000800585c                __gnu_Unwind_Restore_VFP
                0x0000000008005864                __gnu_Unwind_Save_VFP
                0x000000000800586c                __gnu_Unwind_Restore_VFP_D
                0x0000000008005874                __gnu_Unwind_Save_VFP_D
                0x000000000800587c                __gnu_Unwind_Restore_VFP_D_16_to_31
                0x0000000008005884                __gnu_Unwind_Save_VFP_D_16_to_31
                0x000000000800588c                __gnu_Unwind_Restore_WMMXD
                0x00000000080058d0                __gnu_Unwind_Save_WMMXD
                0x0000000008005914                __gnu_Unwind_Restore_WMMXC
                0x0000000008005928                __gnu_Unwind_Save_WMMXC
                0x000000000800593c                ___Unwind_RaiseException
                0x000000000800593c                _Unwind_RaiseException
                0x0000000008005968                ___Unwind_Resume
                0x0000000008005968                _Unwind_Resume
                0x0000000008005994                _Unwind_Resume_or_Rethrow
                0x0000000008005994                ___Unwind_Resume_or_Rethrow
                0x00000000080059c0                ___Unwind_ForcedUnwind
                0x00000000080059c0                _Unwind_ForcedUnwind
                0x00000000080059ec                _Unwind_Backtrace
                0x00000000080059ec                ___Unwind_Backtrace
 .text.next_unwind_byte
                0x0000000008005a18       0x34 /opt/devkitpro/devkitARM/bin/../lib/gcc/arm-none-eabi/10.2.0/thumb/libgcc.a(pr-support.o)
 .text._Unwind_GetGR.constprop.0
                0x0000000008005a4c       0x1c /opt/devkitpro/devkitARM/bin/../lib/gcc/arm-none-eabi/10.2.0/thumb/libgcc.a(pr-support.o)
 .text.unwind_UCB_from_context
                0x0000000008005a68        0xc /opt/devkitpro/devkitARM/bin/../lib/gcc/arm-none-eabi/10.2.0/thumb/libgcc.a(pr-support.o)
 .text.__gnu_unwind_execute
                0x0000000008005a74      0x2f0 /opt/devkitpro/devkitARM/bin/../lib/gcc/arm-none-eabi/10.2.0/thumb/libgcc.a(pr-support.o)
                0x0000000008005a74                __gnu_unwind_execute
 .text.__gnu_unwind_frame
                0x0000000008005d64       0x2c /opt/devkitpro/devkitARM/bin/../lib/gcc/arm-none-eabi/10.2.0/thumb/libgcc.a(pr-support.o)
                0x0000000008005d64                __gnu_unwind_frame
 .text._Unwind_GetRegionStart
                0x0000000008005d90       0x10 /opt/devkitpro/devkitARM/bin/../lib/gcc/arm-none-eabi/10.2.0/thumb/libgcc.a(pr-support.o)
                0x0000000008005d90                _Unwind_GetRegionStart
 .text._Unwind_GetLanguageSpecificData
                0x0000000008005da0       0x18 /opt/devkitpro/devkitARM/bin/../lib/gcc/arm-none-eabi/10.2.0/thumb/libgcc.a(pr-support.o)
                0x0000000008005da0                _Unwind_GetLanguageSpecificData
 .text.unlikely._Unwind_GetDataRelBase
                0x0000000008005db8        0x6 /opt/devkitpro/devkitARM/bin/../lib/gcc/arm-none-eabi/10.2.0/thumb/libgcc.a(pr-support.o)
                0x0000000008005db8                _Unwind_GetDataRelBase
 .text.unlikely._Unwind_GetTextRelBase
                0x0000000008005dbe        0x6 /opt/devkitpro/devkitARM/bin/../lib/gcc/arm-none-eabi/10.2.0/thumb/libgcc.a(pr-support.o)
                0x0000000008005dbe                _Unwind_GetTextRelBase
 .text.abort    0x0000000008005dc4       0x10 /opt/devkitpro/devkitARM/bin/../lib/gcc/arm-none-eabi/10.2.0/../../../../arm-none-eabi/lib/thumb/libg.a(lib_a-abort.o)
                0x0000000008005dc4                abort
 .text.__libc_init_array
                0x0000000008005dd4       0x50 /opt/devkitpro/devkitARM/bin/../lib/gcc/arm-none-eabi/10.2.0/../../../../arm-none-eabi/lib/thumb/libg.a(lib_a-init.o)
                0x0000000008005dd4                __libc_init_array
 .text.malloc   0x0000000008005e24       0x14 /opt/devkitpro/devkitARM/bin/../lib/gcc/arm-none-eabi/10.2.0/../../../../arm-none-eabi/lib/thumb/libg.a(lib_a-malloc.o)
                0x0000000008005e24                malloc
 .text.free     0x0000000008005e38       0x14 /opt/devkitpro/devkitARM/bin/../lib/gcc/arm-none-eabi/10.2.0/../../../../arm-none-eabi/lib/thumb/libg.a(lib_a-malloc.o)
                0x0000000008005e38                free
 .text._malloc_r
                0x0000000008005e4c      0x59c /opt/devkitpro/devkitARM/bin/../lib/gcc/arm-none-eabi/10.2.0/../../../../arm-none-eabi/lib/thumb/libg.a(lib_a-mallocr.o)
                0x0000000008005e4c                _malloc_r
 .text.memcmp   0x00000000080063e8       0x4c /opt/devkitpro/devkitARM/bin/../lib/gcc/arm-none-eabi/10.2.0/../../../../arm-none-eabi/lib/thumb/libg.a(lib_a-memcmp.o)
                0x00000000080063e8                memcmp
 .text.memcpy   0x0000000008006434       0xa8 /opt/devkitpro/devkitARM/bin/../lib/gcc/arm-none-eabi/10.2.0/../../../../arm-none-eabi/lib/thumb/libg.a(lib_a-memcpy-stub.o)
                0x0000000008006434                memcpy
 .text.memmove  0x00000000080064dc       0xbc /opt/devkitpro/devkitARM/bin/../lib/gcc/arm-none-eabi/10.2.0/../../../../arm-none-eabi/lib/thumb/libg.a(lib_a-memmove.o)
                0x00000000080064dc                memmove
 .text.memset   0x0000000008006598       0xb0 /opt/devkitpro/devkitARM/bin/../lib/gcc/arm-none-eabi/10.2.0/../../../../arm-none-eabi/lib/thumb/libg.a(lib_a-memset.o)
                0x0000000008006598                memset
 .text.__malloc_lock
                0x0000000008006648       0x14 /opt/devkitpro/devkitARM/bin/../lib/gcc/arm-none-eabi/10.2.0/../../../../arm-none-eabi/lib/thumb/libg.a(lib_a-mlock.o)
                0x0000000008006648                __malloc_lock
 .text.__malloc_unlock
                0x000000000800665c       0x14 /opt/devkitpro/devkitARM/bin/../lib/gcc/arm-none-eabi/10.2.0/../../../../arm-none-eabi/lib/thumb/libg.a(lib_a-mlock.o)
                0x000000000800665c                __malloc_unlock
 .text._raise_r
                0x0000000008006670       0x64 /opt/devkitpro/devkitARM/bin/../lib/gcc/arm-none-eabi/10.2.0/../../../../arm-none-eabi/lib/thumb/libg.a(lib_a-signal.o)
                0x0000000008006670                _raise_r
 .text.raise    0x00000000080066d4       0x14 /opt/devkitpro/devkitARM/bin/../lib/gcc/arm-none-eabi/10.2.0/../../../../arm-none-eabi/lib/thumb/libg.a(lib_a-signal.o)
                0x00000000080066d4                raise
 .text          0x00000000080066e8      0x224 /opt/devkitpro/devkitARM/bin/../lib/gcc/arm-none-eabi/10.2.0/../../../../arm-none-eabi/lib/thumb/libg.a(lib_a-strcmp.o)
                0x00000000080066e8                strcmp
 .text.strlen   0x000000000800690c       0x60 /opt/devkitpro/devkitARM/bin/../lib/gcc/arm-none-eabi/10.2.0/../../../../arm-none-eabi/lib/thumb/libg.a(lib_a-strlen-stub.o)
                0x000000000800690c                strlen
 .text._malloc_trim_r
                0x000000000800696c       0xa0 /opt/devkitpro/devkitARM/bin/../lib/gcc/arm-none-eabi/10.2.0/../../../../arm-none-eabi/lib/thumb/libg.a(lib_a-freer.o)
                0x000000000800696c                _malloc_trim_r
 .text._free_r  0x0000000008006a0c      0x1e0 /opt/devkitpro/devkitARM/bin/../lib/gcc/arm-none-eabi/10.2.0/../../../../arm-none-eabi/lib/thumb/libg.a(lib_a-freer.o)
                0x0000000008006a0c                _free_r
 .text._getpid_r
                0x0000000008006bec        0xc /opt/devkitpro/devkitARM/bin/../lib/gcc/arm-none-eabi/10.2.0/../../../../arm-none-eabi/lib/thumb/libsysbase.a(getpid.o)
                0x0000000008006bec                _getpid_r
 .text._kill_r  0x0000000008006bf8        0xc /opt/devkitpro/devkitARM/bin/../lib/gcc/arm-none-eabi/10.2.0/../../../../arm-none-eabi/lib/thumb/libsysbase.a(kill.o)
                0x0000000008006bf8                _kill_r
 .text._sbrk_r  0x0000000008006c04       0x54 /opt/devkitpro/devkitARM/bin/../lib/gcc/arm-none-eabi/10.2.0/../../../../arm-none-eabi/lib/thumb/libsysbase.a(sbrk.o)
                0x0000000008006c04                _sbrk_r
 .text._exit    0x0000000008006c58       0x18 /opt/devkitpro/devkitARM/bin/../lib/gcc/arm-none-eabi/10.2.0/../../../../arm-none-eabi/lib/thumb/libsysbase.a(_exit.o)
                0x0000000008006c58                _exit
 .text.__libc_lock_acquire_recursive
                0x0000000008006c70       0x1c /opt/devkitpro/devkitARM/bin/../lib/gcc/arm-none-eabi/10.2.0/../../../../arm-none-eabi/lib/thumb/libsysbase.a(syscall_support.o)
                0x0000000008006c70                __libc_lock_acquire_recursive
 .text.__libc_lock_release_recursive
                0x0000000008006c8c       0x1c /opt/devkitpro/devkitARM/bin/../lib/gcc/arm-none-eabi/10.2.0/../../../../arm-none-eabi/lib/thumb/libsysbase.a(syscall_support.o)
                0x0000000008006c8c                __libc_lock_release_recursive
 .text.__getreent
                0x0000000008006ca8       0x28 /opt/devkitpro/devkitARM/bin/../lib/gcc/arm-none-eabi/10.2.0/../../../../arm-none-eabi/lib/thumb/libsysbase.a(getreent.o)
                0x0000000008006ca8                __getreent
 .text.__getreent.__stub
                0x0000000008006cd0       0x78 linker stubs
 *(.gnu.linkonce.t.*)
 *(.text.*personality*)
 *(.gnu.warning)
 *(.glue_7t)
 .glue_7t       0x0000000008006d48        0x0 linker stubs
 *(.glue_7)
 .glue_7        0x0000000008006d48        0x0 linker stubs
 *(.vfp11_veneer)
 .vfp11_veneer  0x0000000008006d48        0x0 linker stubs
                0x0000000008006d48                . = ALIGN (0x4)
                0x0000000008006d48                __text_end = .

.v4_bx          0x0000000008006d48        0x0
 .v4_bx         0x0000000008006d48        0x0 linker stubs

.iplt           0x0000000008006d48        0x0
 .iplt          0x0000000008006d48        0x0 /opt/devkitpro/devkitARM/bin/../lib/gcc/arm-none-eabi/10.2.0/../../../../arm-none-eabi/lib/thumb/gba_crt0.o

.fini           0x0000000008006d48        0xc
 *(.fini)
 .fini          0x0000000008006d48        0x4 /opt/devkitpro/devkitARM/bin/../lib/gcc/arm-none-eabi/10.2.0/thumb/crti.o
                0x0000000008006d48                _fini
 .fini          0x0000000008006d4c        0x8 /opt/devkitpro/devkitARM/bin/../lib/gcc/arm-none-eabi/10.2.0/thumb/crtn.o
                0x0000000008006d54                . = ALIGN (0x4)

.rodata         0x0000000008006d54      0x854
 *(.rodata)
 .rodata        0x0000000008006d54      0x4c0 asuka.o
                0x0000000008006d54                asukaPal
                0x0000000008006d94                asukaTiles
 *all.rodata*(*)
 *(.roda)
 *(.rodata.*)
 .rodata.str1.4
                0x0000000008007214       0x6e gameobjects.o
 *fill*         0x0000000008007282        0x2 ff
 .rodata._ZNSt6vectorI13EventCallableSaIS0_EE17_M_realloc_insertIJRKS0_EEEvN9__gnu_cxx17__normal_iteratorIPS0_S2_EEDpOT_.str1.4
                0x0000000008007284       0x1a gameobjects.o
 .rodata.str1.4
                0x000000000800729e       0x6e template.o
 .rodata._ZNSt6vectorI14AnimationFrameSaIS0_EE17_M_realloc_insertIJS0_EEEvN9__gnu_cxx17__normal_iteratorIPS0_S2_EEDpOT_.str1.4
                0x000000000800729e       0x1a template.o
 *fill*         0x000000000800729e        0x2 ff
 .rodata._ZNKSt17bad_function_call4whatEv.str1.4
                0x00000000080072a0       0x12 /opt/devkitpro/devkitARM/bin/../lib/gcc/arm-none-eabi/10.2.0/../../../../arm-none-eabi/lib/thumb/libstdc++.a(functional.o)
 *fill*         0x00000000080072b2        0x2 ff
 .rodata._ZTISt17bad_function_call
                0x00000000080072b4        0xc /opt/devkitpro/devkitARM/bin/../lib/gcc/arm-none-eabi/10.2.0/../../../../arm-none-eabi/lib/thumb/libstdc++.a(functional.o)
                0x00000000080072b4                typeinfo for std::bad_function_call
 .rodata._ZTSSt17bad_function_call
                0x00000000080072c0       0x16 /opt/devkitpro/devkitARM/bin/../lib/gcc/arm-none-eabi/10.2.0/../../../../arm-none-eabi/lib/thumb/libstdc++.a(functional.o)
                0x00000000080072c0                typeinfo name for std::bad_function_call
 *fill*         0x00000000080072d6        0x2 ff
 .rodata._ZTVSt17bad_function_call
                0x00000000080072d8       0x14 /opt/devkitpro/devkitARM/bin/../lib/gcc/arm-none-eabi/10.2.0/../../../../arm-none-eabi/lib/thumb/libstdc++.a(functional.o)
                0x00000000080072d8                vtable for std::bad_function_call
 .rodata._ZNSt7__cxx1112basic_stringIcSt11char_traitsIcESaIcEE9_M_createERjj.str1.4
                0x00000000080072ec       0x18 /opt/devkitpro/devkitARM/bin/../lib/gcc/arm-none-eabi/10.2.0/../../../../arm-none-eabi/lib/thumb/libstdc++.a(string-inst.o)
 .rodata._ZNKSt9bad_alloc4whatEv.str1.4
                0x0000000008007304        0xf /opt/devkitpro/devkitARM/bin/../lib/gcc/arm-none-eabi/10.2.0/../../../../arm-none-eabi/lib/thumb/libstdc++.a(bad_alloc.o)
 *fill*         0x0000000008007313        0x1 ff
 .rodata._ZTISt9bad_alloc
                0x0000000008007314        0xc /opt/devkitpro/devkitARM/bin/../lib/gcc/arm-none-eabi/10.2.0/../../../../arm-none-eabi/lib/thumb/libstdc++.a(bad_alloc.o)
                0x0000000008007314                typeinfo for std::bad_alloc
 .rodata._ZTSSt9bad_alloc
                0x0000000008007320        0xd /opt/devkitpro/devkitARM/bin/../lib/gcc/arm-none-eabi/10.2.0/../../../../arm-none-eabi/lib/thumb/libstdc++.a(bad_alloc.o)
                0x0000000008007320                typeinfo name for std::bad_alloc
 *fill*         0x000000000800732d        0x3 ff
 .rodata._ZTVSt9bad_alloc
                0x0000000008007330       0x14 /opt/devkitpro/devkitARM/bin/../lib/gcc/arm-none-eabi/10.2.0/../../../../arm-none-eabi/lib/thumb/libstdc++.a(bad_alloc.o)
                0x0000000008007330                vtable for std::bad_alloc
 .rodata._ZNKSt13bad_exception4whatEv.str1.4
                0x0000000008007344       0x13 /opt/devkitpro/devkitARM/bin/../lib/gcc/arm-none-eabi/10.2.0/../../../../arm-none-eabi/lib/thumb/libstdc++.a(eh_exception.o)
 *fill*         0x0000000008007357        0x1 ff
 .rodata._ZTIN10__cxxabiv115__forced_unwindE
                0x0000000008007358        0x8 /opt/devkitpro/devkitARM/bin/../lib/gcc/arm-none-eabi/10.2.0/../../../../arm-none-eabi/lib/thumb/libstdc++.a(eh_exception.o)
                0x0000000008007358                typeinfo for __cxxabiv1::__forced_unwind
 .rodata._ZTIN10__cxxabiv119__foreign_exceptionE
                0x0000000008007360        0x8 /opt/devkitpro/devkitARM/bin/../lib/gcc/arm-none-eabi/10.2.0/../../../../arm-none-eabi/lib/thumb/libstdc++.a(eh_exception.o)
                0x0000000008007360                typeinfo for __cxxabiv1::__foreign_exception
 .rodata._ZTISt13bad_exception
                0x0000000008007368        0xc /opt/devkitpro/devkitARM/bin/../lib/gcc/arm-none-eabi/10.2.0/../../../../arm-none-eabi/lib/thumb/libstdc++.a(eh_exception.o)
                0x0000000008007368                typeinfo for std::bad_exception
 .rodata._ZTISt9exception
                0x0000000008007374        0x8 /opt/devkitpro/devkitARM/bin/../lib/gcc/arm-none-eabi/10.2.0/../../../../arm-none-eabi/lib/thumb/libstdc++.a(eh_exception.o)
                0x0000000008007374                typeinfo for std::exception
 .rodata._ZTSN10__cxxabiv115__forced_unwindE
                0x000000000800737c       0x20 /opt/devkitpro/devkitARM/bin/../lib/gcc/arm-none-eabi/10.2.0/../../../../arm-none-eabi/lib/thumb/libstdc++.a(eh_exception.o)
                0x000000000800737c                typeinfo name for __cxxabiv1::__forced_unwind
 .rodata._ZTSN10__cxxabiv119__foreign_exceptionE
                0x000000000800739c       0x24 /opt/devkitpro/devkitARM/bin/../lib/gcc/arm-none-eabi/10.2.0/../../../../arm-none-eabi/lib/thumb/libstdc++.a(eh_exception.o)
                0x000000000800739c                typeinfo name for __cxxabiv1::__foreign_exception
 .rodata._ZTSSt13bad_exception
                0x00000000080073c0       0x12 /opt/devkitpro/devkitARM/bin/../lib/gcc/arm-none-eabi/10.2.0/../../../../arm-none-eabi/lib/thumb/libstdc++.a(eh_exception.o)
                0x00000000080073c0                typeinfo name for std::bad_exception
 *fill*         0x00000000080073d2        0x2 ff
 .rodata._ZTSSt9exception
                0x00000000080073d4        0xd /opt/devkitpro/devkitARM/bin/../lib/gcc/arm-none-eabi/10.2.0/../../../../arm-none-eabi/lib/thumb/libstdc++.a(eh_exception.o)
                0x00000000080073d4                typeinfo name for std::exception
 *fill*         0x00000000080073e1        0x3 ff
 .rodata._ZTVSt13bad_exception
                0x00000000080073e4       0x14 /opt/devkitpro/devkitARM/bin/../lib/gcc/arm-none-eabi/10.2.0/../../../../arm-none-eabi/lib/thumb/libstdc++.a(eh_exception.o)
                0x00000000080073e4                vtable for std::bad_exception
 .rodata._ZL28read_encoded_value_with_basehjPKhPj
                0x00000000080073f8       0x34 /opt/devkitpro/devkitARM/bin/../lib/gcc/arm-none-eabi/10.2.0/../../../../arm-none-eabi/lib/thumb/libstdc++.a(eh_personality.o)
 .rodata._ZTIN10__cxxabiv120__si_class_type_infoE
                0x000000000800742c        0xc /opt/devkitpro/devkitARM/bin/../lib/gcc/arm-none-eabi/10.2.0/../../../../arm-none-eabi/lib/thumb/libstdc++.a(si_class_type_info.o)
                0x000000000800742c                typeinfo for __cxxabiv1::__si_class_type_info
 .rodata._ZTSN10__cxxabiv120__si_class_type_infoE
                0x0000000008007438       0x25 /opt/devkitpro/devkitARM/bin/../lib/gcc/arm-none-eabi/10.2.0/../../../../arm-none-eabi/lib/thumb/libstdc++.a(si_class_type_info.o)
                0x0000000008007438                typeinfo name for __cxxabiv1::__si_class_type_info
 *fill*         0x000000000800745d        0x3 ff
 .rodata._ZTVN10__cxxabiv120__si_class_type_infoE
                0x0000000008007460       0x2c /opt/devkitpro/devkitARM/bin/../lib/gcc/arm-none-eabi/10.2.0/../../../../arm-none-eabi/lib/thumb/libstdc++.a(si_class_type_info.o)
                0x0000000008007460                vtable for __cxxabiv1::__si_class_type_info
 .rodata._ZTISt9type_info
                0x000000000800748c        0x8 /opt/devkitpro/devkitARM/bin/../lib/gcc/arm-none-eabi/10.2.0/../../../../arm-none-eabi/lib/thumb/libstdc++.a(tinfo.o)
                0x000000000800748c                typeinfo for std::type_info
 .rodata._ZTSSt9type_info
                0x0000000008007494        0xd /opt/devkitpro/devkitARM/bin/../lib/gcc/arm-none-eabi/10.2.0/../../../../arm-none-eabi/lib/thumb/libstdc++.a(tinfo.o)
                0x0000000008007494                typeinfo name for std::type_info
 *fill*         0x00000000080074a1        0x3 ff
 .rodata._ZTISt11logic_error
                0x00000000080074a4        0xc /opt/devkitpro/devkitARM/bin/../lib/gcc/arm-none-eabi/10.2.0/../../../../arm-none-eabi/lib/thumb/libstdc++.a(stdexcept.o)
                0x00000000080074a4                typeinfo for std::logic_error
 .rodata._ZTISt12length_error
                0x00000000080074b0        0xc /opt/devkitpro/devkitARM/bin/../lib/gcc/arm-none-eabi/10.2.0/../../../../arm-none-eabi/lib/thumb/libstdc++.a(stdexcept.o)
                0x00000000080074b0                typeinfo for std::length_error
 .rodata._ZTSSt11logic_error
                0x00000000080074bc       0x10 /opt/devkitpro/devkitARM/bin/../lib/gcc/arm-none-eabi/10.2.0/../../../../arm-none-eabi/lib/thumb/libstdc++.a(stdexcept.o)
                0x00000000080074bc                typeinfo name for std::logic_error
 .rodata._ZTSSt12length_error
                0x00000000080074cc       0x11 /opt/devkitpro/devkitARM/bin/../lib/gcc/arm-none-eabi/10.2.0/../../../../arm-none-eabi/lib/thumb/libstdc++.a(stdexcept.o)
                0x00000000080074cc                typeinfo name for std::length_error
 *fill*         0x00000000080074dd        0x3 ff
 .rodata._ZTVSt11logic_error
                0x00000000080074e0       0x14 /opt/devkitpro/devkitARM/bin/../lib/gcc/arm-none-eabi/10.2.0/../../../../arm-none-eabi/lib/thumb/libstdc++.a(stdexcept.o)
                0x00000000080074e0                vtable for std::logic_error
 .rodata._ZTVSt12length_error
                0x00000000080074f4       0x14 /opt/devkitpro/devkitARM/bin/../lib/gcc/arm-none-eabi/10.2.0/../../../../arm-none-eabi/lib/thumb/libstdc++.a(stdexcept.o)
                0x00000000080074f4                vtable for std::length_error
 .rodata._ZNSs4_Rep9_S_createEjjRKSaIcE.str1.4
                0x0000000008007508       0x18 /opt/devkitpro/devkitARM/bin/../lib/gcc/arm-none-eabi/10.2.0/../../../../arm-none-eabi/lib/thumb/libstdc++.a(cow-string-inst.o)
 .rodata._ZNSs12_S_constructIPcEES0_T_S1_RKSaIcESt20forward_iterator_tag.str1.4
                0x0000000008007520       0x2a /opt/devkitpro/devkitARM/bin/../lib/gcc/arm-none-eabi/10.2.0/../../../../arm-none-eabi/lib/thumb/libstdc++.a(cow-string-inst.o)
 *fill*         0x000000000800754a        0x2 ff
 .rodata._ZTIN10__cxxabiv117__class_type_infoE
                0x000000000800754c        0xc /opt/devkitpro/devkitARM/bin/../lib/gcc/arm-none-eabi/10.2.0/../../../../arm-none-eabi/lib/thumb/libstdc++.a(class_type_info.o)
                0x000000000800754c                typeinfo for __cxxabiv1::__class_type_info
 .rodata._ZTSN10__cxxabiv117__class_type_infoE
                0x0000000008007558       0x22 /opt/devkitpro/devkitARM/bin/../lib/gcc/arm-none-eabi/10.2.0/../../../../arm-none-eabi/lib/thumb/libstdc++.a(class_type_info.o)
                0x0000000008007558                typeinfo name for __cxxabiv1::__class_type_info
 *fill*         0x000000000800757a        0x2 ff
 .rodata._ZTVN10__cxxabiv117__class_type_infoE
                0x000000000800757c       0x2c /opt/devkitpro/devkitARM/bin/../lib/gcc/arm-none-eabi/10.2.0/../../../../arm-none-eabi/lib/thumb/libstdc++.a(class_type_info.o)
                0x000000000800757c                vtable for __cxxabiv1::__class_type_info
 *(.gnu.linkonce.r*)
                0x00000000080075a8                . = ALIGN (0x4)

.ARM.extab      0x00000000080075a8      0x134
 *(.ARM.extab* .gnu.linkonce.armextab.*)
 .ARM.extab.text.unlikely._ZSt19__throw_logic_errorPKc
                0x00000000080075a8       0x14 /opt/devkitpro/devkitARM/bin/../lib/gcc/arm-none-eabi/10.2.0/../../../../arm-none-eabi/lib/thumb/libstdc++.a(functexcept.o)
 .ARM.extab.text.unlikely._ZSt20__throw_length_errorPKc
                0x00000000080075bc       0x14 /opt/devkitpro/devkitARM/bin/../lib/gcc/arm-none-eabi/10.2.0/../../../../arm-none-eabi/lib/thumb/libstdc++.a(functexcept.o)
 .ARM.extab.text._ZNSt7__cxx1112basic_stringIcSt11char_traitsIcESaIcEE9_M_createERjj
                0x00000000080075d0        0x0 /opt/devkitpro/devkitARM/bin/../lib/gcc/arm-none-eabi/10.2.0/../../../../arm-none-eabi/lib/thumb/libstdc++.a(string-inst.o)
 .ARM.extab.text._ZNSt7__cxx1112basic_stringIcSt11char_traitsIcESaIcEE10_M_disposeEv
                0x00000000080075d0        0x0 /opt/devkitpro/devkitARM/bin/../lib/gcc/arm-none-eabi/10.2.0/../../../../arm-none-eabi/lib/thumb/libstdc++.a(string-inst.o)
 .ARM.extab.text._ZNSt7__cxx1112basic_stringIcSt11char_traitsIcESaIcEE13_S_copy_charsEPcPKcS7_
                0x00000000080075d0        0x0 /opt/devkitpro/devkitARM/bin/../lib/gcc/arm-none-eabi/10.2.0/../../../../arm-none-eabi/lib/thumb/libstdc++.a(string-inst.o)
 .ARM.extab.text._ZNSt7__cxx1112basic_stringIcSt11char_traitsIcESaIcEE9_M_assignERKS4_
                0x00000000080075d0        0xc /opt/devkitpro/devkitARM/bin/../lib/gcc/arm-none-eabi/10.2.0/../../../../arm-none-eabi/lib/thumb/libstdc++.a(string-inst.o)
 .ARM.extab.text.__cxa_type_match
                0x00000000080075dc        0xc /opt/devkitpro/devkitARM/bin/../lib/gcc/arm-none-eabi/10.2.0/../../../../arm-none-eabi/lib/thumb/libstdc++.a(eh_arm.o)
 .ARM.extab.text.__cxa_begin_catch
                0x00000000080075e8        0xc /opt/devkitpro/devkitARM/bin/../lib/gcc/arm-none-eabi/10.2.0/../../../../arm-none-eabi/lib/thumb/libstdc++.a(eh_catch.o)
 .ARM.extab.text._ZL28read_encoded_value_with_basehjPKhPj
                0x00000000080075f4        0xc /opt/devkitpro/devkitARM/bin/../lib/gcc/arm-none-eabi/10.2.0/../../../../arm-none-eabi/lib/thumb/libstdc++.a(eh_personality.o)
 .ARM.extab.text.__gxx_personality_v0
                0x0000000008007600       0x28 /opt/devkitpro/devkitARM/bin/../lib/gcc/arm-none-eabi/10.2.0/../../../../arm-none-eabi/lib/thumb/libstdc++.a(eh_personality.o)
 .ARM.extab.text._ZN10__cxxabiv111__terminateEPFvvE
                0x0000000008007628       0x28 /opt/devkitpro/devkitARM/bin/../lib/gcc/arm-none-eabi/10.2.0/../../../../arm-none-eabi/lib/thumb/libstdc++.a(eh_terminate.o)
 .ARM.extab.text._ZNK10__cxxabiv120__si_class_type_info12__do_dyncastEiNS_17__class_type_info10__sub_kindEPKS1_PKvS4_S6_RNS1_16__dyncast_resultE
                0x0000000008007650        0xc /opt/devkitpro/devkitARM/bin/../lib/gcc/arm-none-eabi/10.2.0/../../../../arm-none-eabi/lib/thumb/libstdc++.a(si_class_type_info.o)
 .ARM.extab.text._ZNSt11logic_errorC2EPKc
                0x000000000800765c       0x14 /opt/devkitpro/devkitARM/bin/../lib/gcc/arm-none-eabi/10.2.0/../../../../arm-none-eabi/lib/thumb/libstdc++.a(cow-stdexcept.o)
 .ARM.extab.text._ZNSt12length_errorC2EPKc
                0x0000000008007670       0x14 /opt/devkitpro/devkitARM/bin/../lib/gcc/arm-none-eabi/10.2.0/../../../../arm-none-eabi/lib/thumb/libstdc++.a(cow-stdexcept.o)
 .ARM.extab.text._ZNSs4_Rep9_S_createEjjRKSaIcE
                0x0000000008007684        0x0 /opt/devkitpro/devkitARM/bin/../lib/gcc/arm-none-eabi/10.2.0/../../../../arm-none-eabi/lib/thumb/libstdc++.a(cow-string-inst.o)
 .ARM.extab.text._ZNSs4_Rep10_M_destroyERKSaIcE
                0x0000000008007684        0x0 /opt/devkitpro/devkitARM/bin/../lib/gcc/arm-none-eabi/10.2.0/../../../../arm-none-eabi/lib/thumb/libstdc++.a(cow-string-inst.o)
 .ARM.extab.text._ZNSs12_S_constructIPKcEEPcT_S3_RKSaIcESt20forward_iterator_tag
                0x0000000008007684        0x0 /opt/devkitpro/devkitARM/bin/../lib/gcc/arm-none-eabi/10.2.0/../../../../arm-none-eabi/lib/thumb/libstdc++.a(cow-string-inst.o)
 .ARM.extab.text._ZNSsC2EPKcRKSaIcE
                0x0000000008007684        0x0 /opt/devkitpro/devkitARM/bin/../lib/gcc/arm-none-eabi/10.2.0/../../../../arm-none-eabi/lib/thumb/libstdc++.a(cow-string-inst.o)
 .ARM.extab.text.unlikely.__cxa_call_unexpected
                0x0000000008007684       0x28 /opt/devkitpro/devkitARM/bin/../lib/gcc/arm-none-eabi/10.2.0/../../../../arm-none-eabi/lib/thumb/libstdc++.a(eh_call.o)
 .ARM.extab.text.unwind_phase2_forced
                0x00000000080076ac        0xc /opt/devkitpro/devkitARM/bin/../lib/gcc/arm-none-eabi/10.2.0/thumb/libgcc.a(unwind-arm.o)
 .ARM.extab.text.__gnu_unwind_pr_common
                0x00000000080076b8        0xc /opt/devkitpro/devkitARM/bin/../lib/gcc/arm-none-eabi/10.2.0/thumb/libgcc.a(unwind-arm.o)
 .ARM.extab.text._Unwind_VRS_Pop
                0x00000000080076c4        0xc /opt/devkitpro/devkitARM/bin/../lib/gcc/arm-none-eabi/10.2.0/thumb/libgcc.a(unwind-arm.o)
 .ARM.extab.text.__gnu_unwind_execute
                0x00000000080076d0        0xc /opt/devkitpro/devkitARM/bin/../lib/gcc/arm-none-eabi/10.2.0/thumb/libgcc.a(pr-support.o)
                0x00000000080076dc                __exidx_start = .

.ARM.exidx      0x00000000080076dc      0x220
 *(.ARM.exidx* .gnu.linkonce.armexidx.*)
 .ARM.exidx.text._ZdlPvj
                0x00000000080076dc        0x8 /opt/devkitpro/devkitARM/bin/../lib/gcc/arm-none-eabi/10.2.0/../../../../arm-none-eabi/lib/thumb/libstdc++.a(del_ops.o)
 .ARM.exidx.text._Znwj
                0x00000000080076e4        0x8 /opt/devkitpro/devkitARM/bin/../lib/gcc/arm-none-eabi/10.2.0/../../../../arm-none-eabi/lib/thumb/libstdc++.a(new_op.o)
 .ARM.exidx.text._ZSt18_Rb_tree_incrementPSt18_Rb_tree_node_base
                0x00000000080076ec        0x8 /opt/devkitpro/devkitARM/bin/../lib/gcc/arm-none-eabi/10.2.0/../../../../arm-none-eabi/lib/thumb/libstdc++.a(tree.o)
 .ARM.exidx.text._ZSt18_Rb_tree_decrementPSt18_Rb_tree_node_base
                0x00000000080076f4        0x0 /opt/devkitpro/devkitARM/bin/../lib/gcc/arm-none-eabi/10.2.0/../../../../arm-none-eabi/lib/thumb/libstdc++.a(tree.o)
                                          0x8 (size before relaxing)
 .ARM.exidx.text._ZSt29_Rb_tree_insert_and_rebalancebPSt18_Rb_tree_node_baseS0_RS_
                0x00000000080076f4        0x0 /opt/devkitpro/devkitARM/bin/../lib/gcc/arm-none-eabi/10.2.0/../../../../arm-none-eabi/lib/thumb/libstdc++.a(tree.o)
                                          0x8 (size before relaxing)
 .ARM.exidx.text.unlikely._ZSt17__throw_bad_allocv
                0x00000000080076f4        0x8 /opt/devkitpro/devkitARM/bin/../lib/gcc/arm-none-eabi/10.2.0/../../../../arm-none-eabi/lib/thumb/libstdc++.a(functexcept.o)
 .ARM.exidx.text.unlikely._ZSt19__throw_logic_errorPKc
                0x00000000080076fc        0x8 /opt/devkitpro/devkitARM/bin/../lib/gcc/arm-none-eabi/10.2.0/../../../../arm-none-eabi/lib/thumb/libstdc++.a(functexcept.o)
 .ARM.exidx.text.unlikely._ZSt20__throw_length_errorPKc
                0x0000000008007704        0x8 /opt/devkitpro/devkitARM/bin/../lib/gcc/arm-none-eabi/10.2.0/../../../../arm-none-eabi/lib/thumb/libstdc++.a(functexcept.o)
 .ARM.exidx.text._ZNKSt17bad_function_call4whatEv
                0x000000000800770c        0x8 /opt/devkitpro/devkitARM/bin/../lib/gcc/arm-none-eabi/10.2.0/../../../../arm-none-eabi/lib/thumb/libstdc++.a(functional.o)
 .ARM.exidx.text._ZNSt17bad_function_callD2Ev
                0x0000000008007714        0x0 /opt/devkitpro/devkitARM/bin/../lib/gcc/arm-none-eabi/10.2.0/../../../../arm-none-eabi/lib/thumb/libstdc++.a(functional.o)
                                          0x8 (size before relaxing)
 .ARM.exidx.text._ZNSt17bad_function_callD0Ev
                0x0000000008007714        0x0 /opt/devkitpro/devkitARM/bin/../lib/gcc/arm-none-eabi/10.2.0/../../../../arm-none-eabi/lib/thumb/libstdc++.a(functional.o)
                                          0x8 (size before relaxing)
 .ARM.exidx.text.unlikely._ZSt25__throw_bad_function_callv
                0x0000000008007714        0x8 /opt/devkitpro/devkitARM/bin/../lib/gcc/arm-none-eabi/10.2.0/../../../../arm-none-eabi/lib/thumb/libstdc++.a(functional.o)
 .ARM.exidx.text._ZNSt7__cxx1112basic_stringIcSt11char_traitsIcESaIcEE9_M_createERjj
                0x000000000800771c        0x0 /opt/devkitpro/devkitARM/bin/../lib/gcc/arm-none-eabi/10.2.0/../../../../arm-none-eabi/lib/thumb/libstdc++.a(string-inst.o)
                                          0x8 (size before relaxing)
 .ARM.exidx.text._ZNSt7__cxx1112basic_stringIcSt11char_traitsIcESaIcEE10_M_disposeEv
                0x000000000800771c        0x8 /opt/devkitpro/devkitARM/bin/../lib/gcc/arm-none-eabi/10.2.0/../../../../arm-none-eabi/lib/thumb/libstdc++.a(string-inst.o)
 .ARM.exidx.text._ZNSt7__cxx1112basic_stringIcSt11char_traitsIcESaIcEE13_S_copy_charsEPcPKcS7_
                0x0000000008007724        0x0 /opt/devkitpro/devkitARM/bin/../lib/gcc/arm-none-eabi/10.2.0/../../../../arm-none-eabi/lib/thumb/libstdc++.a(string-inst.o)
                                          0x8 (size before relaxing)
 .ARM.exidx.text._ZNSt7__cxx1112basic_stringIcSt11char_traitsIcESaIcEE9_M_assignERKS4_
                0x0000000008007724        0x8 /opt/devkitpro/devkitARM/bin/../lib/gcc/arm-none-eabi/10.2.0/../../../../arm-none-eabi/lib/thumb/libstdc++.a(string-inst.o)
 .ARM.exidx.text._ZNKSt9bad_alloc4whatEv
                0x000000000800772c        0x8 /opt/devkitpro/devkitARM/bin/../lib/gcc/arm-none-eabi/10.2.0/../../../../arm-none-eabi/lib/thumb/libstdc++.a(bad_alloc.o)
 .ARM.exidx.text._ZNSt9bad_allocD2Ev
                0x0000000008007734        0x0 /opt/devkitpro/devkitARM/bin/../lib/gcc/arm-none-eabi/10.2.0/../../../../arm-none-eabi/lib/thumb/libstdc++.a(bad_alloc.o)
                                          0x8 (size before relaxing)
 .ARM.exidx.text._ZNSt9bad_allocD0Ev
                0x0000000008007734        0x0 /opt/devkitpro/devkitARM/bin/../lib/gcc/arm-none-eabi/10.2.0/../../../../arm-none-eabi/lib/thumb/libstdc++.a(bad_alloc.o)
                                          0x8 (size before relaxing)
 .ARM.exidx.text._ZdlPv
                0x0000000008007734        0x0 /opt/devkitpro/devkitARM/bin/../lib/gcc/arm-none-eabi/10.2.0/../../../../arm-none-eabi/lib/thumb/libstdc++.a(del_op.o)
                                          0x8 (size before relaxing)
 .ARM.exidx.text._ZN12_GLOBAL__N_14pool4freeEPv.constprop.0
                0x0000000008007734        0x0 /opt/devkitpro/devkitARM/bin/../lib/gcc/arm-none-eabi/10.2.0/../../../../arm-none-eabi/lib/thumb/libstdc++.a(eh_alloc.o)
                                          0x8 (size before relaxing)
 .ARM.exidx.text._ZN12_GLOBAL__N_14pool8allocateEj.constprop.0
                0x0000000008007734        0x0 /opt/devkitpro/devkitARM/bin/../lib/gcc/arm-none-eabi/10.2.0/../../../../arm-none-eabi/lib/thumb/libstdc++.a(eh_alloc.o)
                                          0x8 (size before relaxing)
 .ARM.exidx.text.__cxa_allocate_exception
                0x0000000008007734        0x0 /opt/devkitpro/devkitARM/bin/../lib/gcc/arm-none-eabi/10.2.0/../../../../arm-none-eabi/lib/thumb/libstdc++.a(eh_alloc.o)
                                          0x8 (size before relaxing)
 .ARM.exidx.text.__cxa_free_exception
                0x0000000008007734        0x0 /opt/devkitpro/devkitARM/bin/../lib/gcc/arm-none-eabi/10.2.0/../../../../arm-none-eabi/lib/thumb/libstdc++.a(eh_alloc.o)
                                          0x8 (size before relaxing)
 .ARM.exidx.text.startup._GLOBAL__sub_I__ZN9__gnu_cxx9__freeresEv
                0x0000000008007734        0x0 /opt/devkitpro/devkitARM/bin/../lib/gcc/arm-none-eabi/10.2.0/../../../../arm-none-eabi/lib/thumb/libstdc++.a(eh_alloc.o)
                                          0x8 (size before relaxing)
 .ARM.exidx.text.__cxa_type_match
                0x0000000008007734        0x8 /opt/devkitpro/devkitARM/bin/../lib/gcc/arm-none-eabi/10.2.0/../../../../arm-none-eabi/lib/thumb/libstdc++.a(eh_arm.o)
 .ARM.exidx.text.__cxa_begin_cleanup
                0x000000000800773c        0x8 /opt/devkitpro/devkitARM/bin/../lib/gcc/arm-none-eabi/10.2.0/../../../../arm-none-eabi/lib/thumb/libstdc++.a(eh_arm.o)
 .ARM.exidx.text.__gnu_end_cleanup
                0x0000000008007744        0x0 /opt/devkitpro/devkitARM/bin/../lib/gcc/arm-none-eabi/10.2.0/../../../../arm-none-eabi/lib/thumb/libstdc++.a(eh_arm.o)
                                          0x8 (size before relaxing)
 .ARM.exidx.text.__cxa_begin_catch
                0x0000000008007744        0x8 /opt/devkitpro/devkitARM/bin/../lib/gcc/arm-none-eabi/10.2.0/../../../../arm-none-eabi/lib/thumb/libstdc++.a(eh_catch.o)
 .ARM.exidx.text.__cxa_end_catch
                0x000000000800774c        0x8 /opt/devkitpro/devkitARM/bin/../lib/gcc/arm-none-eabi/10.2.0/../../../../arm-none-eabi/lib/thumb/libstdc++.a(eh_catch.o)
 .ARM.exidx.text._ZNSt9exceptionD2Ev
                0x0000000008007754        0x8 /opt/devkitpro/devkitARM/bin/../lib/gcc/arm-none-eabi/10.2.0/../../../../arm-none-eabi/lib/thumb/libstdc++.a(eh_exception.o)
 .ARM.exidx.text._ZNSt13bad_exceptionD2Ev
                0x000000000800775c        0x0 /opt/devkitpro/devkitARM/bin/../lib/gcc/arm-none-eabi/10.2.0/../../../../arm-none-eabi/lib/thumb/libstdc++.a(eh_exception.o)
                                          0x8 (size before relaxing)
 .ARM.exidx.text._ZNKSt13bad_exception4whatEv
                0x000000000800775c        0x0 /opt/devkitpro/devkitARM/bin/../lib/gcc/arm-none-eabi/10.2.0/../../../../arm-none-eabi/lib/thumb/libstdc++.a(eh_exception.o)
                                          0x8 (size before relaxing)
 .ARM.exidx.text._ZNSt13bad_exceptionD0Ev
                0x000000000800775c        0x0 /opt/devkitpro/devkitARM/bin/../lib/gcc/arm-none-eabi/10.2.0/../../../../arm-none-eabi/lib/thumb/libstdc++.a(eh_exception.o)
                                          0x8 (size before relaxing)
 .ARM.exidx.text.__cxa_get_globals_fast
                0x000000000800775c        0x0 /opt/devkitpro/devkitARM/bin/../lib/gcc/arm-none-eabi/10.2.0/../../../../arm-none-eabi/lib/thumb/libstdc++.a(eh_globals.o)
                                          0x8 (size before relaxing)
 .ARM.exidx.text.__cxa_get_globals
                0x000000000800775c        0x0 /opt/devkitpro/devkitARM/bin/../lib/gcc/arm-none-eabi/10.2.0/../../../../arm-none-eabi/lib/thumb/libstdc++.a(eh_globals.o)
                                          0x8 (size before relaxing)
 .ARM.exidx.text._ZL28read_encoded_value_with_basehjPKhPj
                0x000000000800775c        0x8 /opt/devkitpro/devkitARM/bin/../lib/gcc/arm-none-eabi/10.2.0/../../../../arm-none-eabi/lib/thumb/libstdc++.a(eh_personality.o)
 .ARM.exidx.text._ZL21base_of_encoded_valuehP15_Unwind_Context
                0x0000000008007764        0x8 /opt/devkitpro/devkitARM/bin/../lib/gcc/arm-none-eabi/10.2.0/../../../../arm-none-eabi/lib/thumb/libstdc++.a(eh_personality.o)
 .ARM.exidx.text._ZL17parse_lsda_headerP15_Unwind_ContextPKhP16lsda_header_info
                0x000000000800776c        0x8 /opt/devkitpro/devkitARM/bin/../lib/gcc/arm-none-eabi/10.2.0/../../../../arm-none-eabi/lib/thumb/libstdc++.a(eh_personality.o)
 .ARM.exidx.text.__gxx_personality_v0
                0x0000000008007774        0x8 /opt/devkitpro/devkitARM/bin/../lib/gcc/arm-none-eabi/10.2.0/../../../../arm-none-eabi/lib/thumb/libstdc++.a(eh_personality.o)
 .ARM.exidx.text._ZN10__cxxabiv111__terminateEPFvvE
                0x000000000800777c        0x8 /opt/devkitpro/devkitARM/bin/../lib/gcc/arm-none-eabi/10.2.0/../../../../arm-none-eabi/lib/thumb/libstdc++.a(eh_terminate.o)
 .ARM.exidx.text._ZSt9terminatev
                0x0000000008007784        0x8 /opt/devkitpro/devkitARM/bin/../lib/gcc/arm-none-eabi/10.2.0/../../../../arm-none-eabi/lib/thumb/libstdc++.a(eh_terminate.o)
 .ARM.exidx.text._ZN10__cxxabiv112__unexpectedEPFvvE
                0x000000000800778c        0x8 /opt/devkitpro/devkitARM/bin/../lib/gcc/arm-none-eabi/10.2.0/../../../../arm-none-eabi/lib/thumb/libstdc++.a(eh_terminate.o)
 .ARM.exidx.text._ZSt10unexpectedv
                0x0000000008007794        0x0 /opt/devkitpro/devkitARM/bin/../lib/gcc/arm-none-eabi/10.2.0/../../../../arm-none-eabi/lib/thumb/libstdc++.a(eh_terminate.o)
                                          0x8 (size before relaxing)
 .ARM.exidx.text._ZSt13get_terminatev
                0x0000000008007794        0x8 /opt/devkitpro/devkitARM/bin/../lib/gcc/arm-none-eabi/10.2.0/../../../../arm-none-eabi/lib/thumb/libstdc++.a(eh_terminate.o)
 .ARM.exidx.text._ZSt14get_unexpectedv
                0x000000000800779c        0x0 /opt/devkitpro/devkitARM/bin/../lib/gcc/arm-none-eabi/10.2.0/../../../../arm-none-eabi/lib/thumb/libstdc++.a(eh_terminate.o)
                                          0x8 (size before relaxing)
 .ARM.exidx.text._ZL23__gxx_exception_cleanup19_Unwind_Reason_CodeP21_Unwind_Control_Block
                0x000000000800779c        0x8 /opt/devkitpro/devkitARM/bin/../lib/gcc/arm-none-eabi/10.2.0/../../../../arm-none-eabi/lib/thumb/libstdc++.a(eh_throw.o)
 .ARM.exidx.text.__cxa_init_primary_exception
                0x00000000080077a4        0x8 /opt/devkitpro/devkitARM/bin/../lib/gcc/arm-none-eabi/10.2.0/../../../../arm-none-eabi/lib/thumb/libstdc++.a(eh_throw.o)
 .ARM.exidx.text.__cxa_throw
                0x00000000080077ac        0x8 /opt/devkitpro/devkitARM/bin/../lib/gcc/arm-none-eabi/10.2.0/../../../../arm-none-eabi/lib/thumb/libstdc++.a(eh_throw.o)
 .ARM.exidx.text.__cxa_rethrow
                0x00000000080077b4        0x8 /opt/devkitpro/devkitARM/bin/../lib/gcc/arm-none-eabi/10.2.0/../../../../arm-none-eabi/lib/thumb/libstdc++.a(eh_throw.o)
 .ARM.exidx.text._ZSt15get_new_handlerv
                0x00000000080077bc        0x8 /opt/devkitpro/devkitARM/bin/../lib/gcc/arm-none-eabi/10.2.0/../../../../arm-none-eabi/lib/thumb/libstdc++.a(new_handler.o)
 .ARM.exidx.text._ZN10__cxxabiv120__si_class_type_infoD2Ev
                0x00000000080077c4        0x0 /opt/devkitpro/devkitARM/bin/../lib/gcc/arm-none-eabi/10.2.0/../../../../arm-none-eabi/lib/thumb/libstdc++.a(si_class_type_info.o)
                                          0x8 (size before relaxing)
 .ARM.exidx.text._ZN10__cxxabiv120__si_class_type_infoD0Ev
                0x00000000080077c4        0x0 /opt/devkitpro/devkitARM/bin/../lib/gcc/arm-none-eabi/10.2.0/../../../../arm-none-eabi/lib/thumb/libstdc++.a(si_class_type_info.o)
                                          0x8 (size before relaxing)
 .ARM.exidx.text._ZNK10__cxxabiv120__si_class_type_info20__do_find_public_srcEiPKvPKNS_17__class_type_infoES2_
                0x00000000080077c4        0x8 /opt/devkitpro/devkitARM/bin/../lib/gcc/arm-none-eabi/10.2.0/../../../../arm-none-eabi/lib/thumb/libstdc++.a(si_class_type_info.o)
 .ARM.exidx.text._ZNK10__cxxabiv120__si_class_type_info12__do_dyncastEiNS_17__class_type_info10__sub_kindEPKS1_PKvS4_S6_RNS1_16__dyncast_resultE
                0x00000000080077cc        0x8 /opt/devkitpro/devkitARM/bin/../lib/gcc/arm-none-eabi/10.2.0/../../../../arm-none-eabi/lib/thumb/libstdc++.a(si_class_type_info.o)
 .ARM.exidx.text._ZNK10__cxxabiv120__si_class_type_info11__do_upcastEPKNS_17__class_type_infoEPKvRNS1_15__upcast_resultE
                0x00000000080077d4        0x8 /opt/devkitpro/devkitARM/bin/../lib/gcc/arm-none-eabi/10.2.0/../../../../arm-none-eabi/lib/thumb/libstdc++.a(si_class_type_info.o)
 .ARM.exidx.text._ZNSt9type_infoD2Ev
                0x00000000080077dc        0x8 /opt/devkitpro/devkitARM/bin/../lib/gcc/arm-none-eabi/10.2.0/../../../../arm-none-eabi/lib/thumb/libstdc++.a(tinfo.o)
 .ARM.exidx.text._ZNKSt9type_info14__is_pointer_pEv
                0x00000000080077e4        0x0 /opt/devkitpro/devkitARM/bin/../lib/gcc/arm-none-eabi/10.2.0/../../../../arm-none-eabi/lib/thumb/libstdc++.a(tinfo.o)
                                          0x8 (size before relaxing)
 .ARM.exidx.text._ZNKSt9type_infoeqERKS_
                0x00000000080077e4        0x0 /opt/devkitpro/devkitARM/bin/../lib/gcc/arm-none-eabi/10.2.0/../../../../arm-none-eabi/lib/thumb/libstdc++.a(tinfo.o)
                                          0x8 (size before relaxing)
 .ARM.exidx.text._ZNKSt11logic_error4whatEv
                0x00000000080077e4        0x0 /opt/devkitpro/devkitARM/bin/../lib/gcc/arm-none-eabi/10.2.0/../../../../arm-none-eabi/lib/thumb/libstdc++.a(stdexcept.o)
                                          0x8 (size before relaxing)
 .ARM.exidx.text._ZNSt11logic_errorD2Ev
                0x00000000080077e4        0x0 /opt/devkitpro/devkitARM/bin/../lib/gcc/arm-none-eabi/10.2.0/../../../../arm-none-eabi/lib/thumb/libstdc++.a(stdexcept.o)
                                          0x8 (size before relaxing)
 .ARM.exidx.text._ZNSt12length_errorD2Ev
                0x00000000080077e4        0x0 /opt/devkitpro/devkitARM/bin/../lib/gcc/arm-none-eabi/10.2.0/../../../../arm-none-eabi/lib/thumb/libstdc++.a(stdexcept.o)
                                          0x8 (size before relaxing)
 .ARM.exidx.text._ZNSt11logic_errorD0Ev
                0x00000000080077e4        0x0 /opt/devkitpro/devkitARM/bin/../lib/gcc/arm-none-eabi/10.2.0/../../../../arm-none-eabi/lib/thumb/libstdc++.a(stdexcept.o)
                                          0x8 (size before relaxing)
 .ARM.exidx.text._ZNSt12length_errorD0Ev
                0x00000000080077e4        0x0 /opt/devkitpro/devkitARM/bin/../lib/gcc/arm-none-eabi/10.2.0/../../../../arm-none-eabi/lib/thumb/libstdc++.a(stdexcept.o)
                                          0x8 (size before relaxing)
 .ARM.exidx.text._ZNSt11logic_errorC2EPKc
                0x00000000080077e4        0x8 /opt/devkitpro/devkitARM/bin/../lib/gcc/arm-none-eabi/10.2.0/../../../../arm-none-eabi/lib/thumb/libstdc++.a(cow-stdexcept.o)
 .ARM.exidx.text._ZNSt12length_errorC2EPKc
                0x00000000080077ec        0x8 /opt/devkitpro/devkitARM/bin/../lib/gcc/arm-none-eabi/10.2.0/../../../../arm-none-eabi/lib/thumb/libstdc++.a(cow-stdexcept.o)
 .ARM.exidx.text._ZNSs4_Rep9_S_createEjjRKSaIcE
                0x00000000080077f4        0x8 /opt/devkitpro/devkitARM/bin/../lib/gcc/arm-none-eabi/10.2.0/../../../../arm-none-eabi/lib/thumb/libstdc++.a(cow-string-inst.o)
 .ARM.exidx.text._ZNSs4_Rep10_M_destroyERKSaIcE
                0x00000000080077fc        0x8 /opt/devkitpro/devkitARM/bin/../lib/gcc/arm-none-eabi/10.2.0/../../../../arm-none-eabi/lib/thumb/libstdc++.a(cow-string-inst.o)
 .ARM.exidx.text._ZNSs12_S_constructIPKcEEPcT_S3_RKSaIcESt20forward_iterator_tag
                0x0000000008007804        0x8 /opt/devkitpro/devkitARM/bin/../lib/gcc/arm-none-eabi/10.2.0/../../../../arm-none-eabi/lib/thumb/libstdc++.a(cow-string-inst.o)
 .ARM.exidx.text._ZNSsC2EPKcRKSaIcE
                0x000000000800780c        0x8 /opt/devkitpro/devkitARM/bin/../lib/gcc/arm-none-eabi/10.2.0/../../../../arm-none-eabi/lib/thumb/libstdc++.a(cow-string-inst.o)
 .ARM.exidx.text._ZNK10__cxxabiv117__class_type_info11__do_upcastEPKS0_PPv
                0x0000000008007814        0x8 /opt/devkitpro/devkitARM/bin/../lib/gcc/arm-none-eabi/10.2.0/../../../../arm-none-eabi/lib/thumb/libstdc++.a(class_type_info.o)
 .ARM.exidx.text._ZNK10__cxxabiv117__class_type_info20__do_find_public_srcEiPKvPKS0_S2_
                0x000000000800781c        0x8 /opt/devkitpro/devkitARM/bin/../lib/gcc/arm-none-eabi/10.2.0/../../../../arm-none-eabi/lib/thumb/libstdc++.a(class_type_info.o)
 .ARM.exidx.text._ZN10__cxxabiv117__class_type_infoD2Ev
                0x0000000008007824        0x0 /opt/devkitpro/devkitARM/bin/../lib/gcc/arm-none-eabi/10.2.0/../../../../arm-none-eabi/lib/thumb/libstdc++.a(class_type_info.o)
                                          0x8 (size before relaxing)
 .ARM.exidx.text._ZN10__cxxabiv117__class_type_infoD0Ev
                0x0000000008007824        0x0 /opt/devkitpro/devkitARM/bin/../lib/gcc/arm-none-eabi/10.2.0/../../../../arm-none-eabi/lib/thumb/libstdc++.a(class_type_info.o)
                                          0x8 (size before relaxing)
 .ARM.exidx.text._ZNK10__cxxabiv117__class_type_info12__do_dyncastEiNS0_10__sub_kindEPKS0_PKvS3_S5_RNS0_16__dyncast_resultE
                0x0000000008007824        0x0 /opt/devkitpro/devkitARM/bin/../lib/gcc/arm-none-eabi/10.2.0/../../../../arm-none-eabi/lib/thumb/libstdc++.a(class_type_info.o)
                                          0x8 (size before relaxing)
 .ARM.exidx.text._ZNK10__cxxabiv117__class_type_info11__do_upcastEPKS0_PKvRNS0_15__upcast_resultE
                0x0000000008007824        0x0 /opt/devkitpro/devkitARM/bin/../lib/gcc/arm-none-eabi/10.2.0/../../../../arm-none-eabi/lib/thumb/libstdc++.a(class_type_info.o)
                                          0x8 (size before relaxing)
 .ARM.exidx.text._ZNK10__cxxabiv117__class_type_info10__do_catchEPKSt9type_infoPPvj
                0x0000000008007824        0x8 /opt/devkitpro/devkitARM/bin/../lib/gcc/arm-none-eabi/10.2.0/../../../../arm-none-eabi/lib/thumb/libstdc++.a(class_type_info.o)
 .ARM.exidx.text._ZN10__cxxabiv1L24__is_gxx_exception_classEPc
                0x000000000800782c        0x8 /opt/devkitpro/devkitARM/bin/../lib/gcc/arm-none-eabi/10.2.0/../../../../arm-none-eabi/lib/thumb/libstdc++.a(eh_call.o)
 .ARM.exidx.text.__cxa_call_terminate
                0x0000000008007834        0x0 /opt/devkitpro/devkitARM/bin/../lib/gcc/arm-none-eabi/10.2.0/../../../../arm-none-eabi/lib/thumb/libstdc++.a(eh_call.o)
                                          0x8 (size before relaxing)
 .ARM.exidx.text.unlikely.__cxa_call_unexpected