Archive member included to satisfy reference by file (symbol)

/opt/devkitpro/libgba/lib/libgba.a(CpuSet.o)
                              template.o (CpuFastSet)
/opt/devkitpro/libgba/lib/libgba.a(interrupt.o)
                              template.o (irqInit)
/opt/devkitpro/libgba/lib/libgba.a(input.o)
                              template.o (scanKeys)
/opt/devkitpro/libgba/lib/libgba.a(InterruptDispatcher.o)
                              /opt/devkitpro/libgba/lib/libgba.a(interrupt.o) (IntrMain)
/opt/devkitpro/devkitARM/bin/../lib/gcc/arm-none-eabi/10.2.0/../../../../arm-none-eabi/lib/thumb/libstdc++.a(del_ops.o)
                              template.o (operator delete(void*, unsigned int))
/opt/devkitpro/devkitARM/bin/../lib/gcc/arm-none-eabi/10.2.0/../../../../arm-none-eabi/lib/thumb/libstdc++.a(new_op.o)
                              template.o (operator new(unsigned int))
/opt/devkitpro/devkitARM/bin/../lib/gcc/arm-none-eabi/10.2.0/../../../../arm-none-eabi/lib/thumb/libstdc++.a(tree.o)
                              template.o (std::_Rb_tree_decrement(std::_Rb_tree_node_base*))
/opt/devkitpro/devkitARM/bin/../lib/gcc/arm-none-eabi/10.2.0/../../../../arm-none-eabi/lib/thumb/libstdc++.a(functexcept.o)
                              template.o (std::__throw_bad_alloc())
/opt/devkitpro/devkitARM/bin/../lib/gcc/arm-none-eabi/10.2.0/../../../../arm-none-eabi/lib/thumb/libstdc++.a(functional.o)
                              template.o (std::__throw_bad_function_call())
/opt/devkitpro/devkitARM/bin/../lib/gcc/arm-none-eabi/10.2.0/../../../../arm-none-eabi/lib/thumb/libstdc++.a(snprintf_lite.o)
                              /opt/devkitpro/devkitARM/bin/../lib/gcc/arm-none-eabi/10.2.0/../../../../arm-none-eabi/lib/thumb/libstdc++.a(functexcept.o) (__gnu_cxx::__snprintf_lite(char*, unsigned int, char const*, std::__va_list))
/opt/devkitpro/devkitARM/bin/../lib/gcc/arm-none-eabi/10.2.0/../../../../arm-none-eabi/lib/thumb/libstdc++.a(bad_alloc.o)
                              /opt/devkitpro/devkitARM/bin/../lib/gcc/arm-none-eabi/10.2.0/../../../../arm-none-eabi/lib/thumb/libstdc++.a(new_op.o) (std::bad_alloc::~bad_alloc())
/opt/devkitpro/devkitARM/bin/../lib/gcc/arm-none-eabi/10.2.0/../../../../arm-none-eabi/lib/thumb/libstdc++.a(bad_cast.o)
                              /opt/devkitpro/devkitARM/bin/../lib/gcc/arm-none-eabi/10.2.0/../../../../arm-none-eabi/lib/thumb/libstdc++.a(functexcept.o) (std::bad_cast::~bad_cast())
/opt/devkitpro/devkitARM/bin/../lib/gcc/arm-none-eabi/10.2.0/../../../../arm-none-eabi/lib/thumb/libstdc++.a(bad_typeid.o)
                              /opt/devkitpro/devkitARM/bin/../lib/gcc/arm-none-eabi/10.2.0/../../../../arm-none-eabi/lib/thumb/libstdc++.a(functexcept.o) (std::bad_typeid::~bad_typeid())
/opt/devkitpro/devkitARM/bin/../lib/gcc/arm-none-eabi/10.2.0/../../../../arm-none-eabi/lib/thumb/libstdc++.a(del_op.o)
                              /opt/devkitpro/devkitARM/bin/../lib/gcc/arm-none-eabi/10.2.0/../../../../arm-none-eabi/lib/thumb/libstdc++.a(del_ops.o) (operator delete(void*))
/opt/devkitpro/devkitARM/bin/../lib/gcc/arm-none-eabi/10.2.0/../../../../arm-none-eabi/lib/thumb/libstdc++.a(eh_alloc.o)
                              /opt/devkitpro/devkitARM/bin/../lib/gcc/arm-none-eabi/10.2.0/../../../../arm-none-eabi/lib/thumb/libstdc++.a(new_op.o) (__cxa_allocate_exception)
/opt/devkitpro/devkitARM/bin/../lib/gcc/arm-none-eabi/10.2.0/../../../../arm-none-eabi/lib/thumb/libstdc++.a(eh_arm.o)
                              /opt/devkitpro/devkitARM/bin/../lib/gcc/arm-none-eabi/10.2.0/../../../../arm-none-eabi/lib/thumb/libstdc++.a(functexcept.o) (__cxa_end_cleanup)
/opt/devkitpro/devkitARM/bin/../lib/gcc/arm-none-eabi/10.2.0/../../../../arm-none-eabi/lib/thumb/libstdc++.a(eh_exception.o)
                              /opt/devkitpro/devkitARM/bin/../lib/gcc/arm-none-eabi/10.2.0/../../../../arm-none-eabi/lib/thumb/libstdc++.a(functional.o) (std::exception::~exception())
/opt/devkitpro/devkitARM/bin/../lib/gcc/arm-none-eabi/10.2.0/../../../../arm-none-eabi/lib/thumb/libstdc++.a(eh_globals.o)
                              /opt/devkitpro/devkitARM/bin/../lib/gcc/arm-none-eabi/10.2.0/../../../../arm-none-eabi/lib/thumb/libstdc++.a(eh_arm.o) (__cxa_get_globals)
/opt/devkitpro/devkitARM/bin/../lib/gcc/arm-none-eabi/10.2.0/../../../../arm-none-eabi/lib/thumb/libstdc++.a(eh_personality.o)
                              /opt/devkitpro/devkitARM/bin/../lib/gcc/arm-none-eabi/10.2.0/../../../../arm-none-eabi/lib/thumb/libstdc++.a(functexcept.o) (__gxx_personality_v0)
/opt/devkitpro/devkitARM/bin/../lib/gcc/arm-none-eabi/10.2.0/../../../../arm-none-eabi/lib/thumb/libstdc++.a(eh_terminate.o)
                              /opt/devkitpro/devkitARM/bin/../lib/gcc/arm-none-eabi/10.2.0/../../../../arm-none-eabi/lib/thumb/libstdc++.a(eh_alloc.o) (std::terminate())
/opt/devkitpro/devkitARM/bin/../lib/gcc/arm-none-eabi/10.2.0/../../../../arm-none-eabi/lib/thumb/libstdc++.a(eh_throw.o)
[...]
Memory Configuration

Name             Origin             Length             Attributes
rom              0x0000000008000000 0x0000000002000000
iwram            0x0000000003000000 0x0000000000008000
ewram            0x0000000002000000 0x0000000000040000
*default*        0x0000000000000000 0xffffffffffffffff

Linker script and memory map

                0x0000000008000000                __text_start = ORIGIN (rom)
                0x0000000002040000                __eheap_end = (ORIGIN (ewram) + LENGTH (ewram))
                0x0000000003000000                __iwram_start = ORIGIN (iwram)
                0x0000000003008000                __iwram_top = (ORIGIN (iwram) + LENGTH (iwram))
                0x0000000003007fa0                __sp_irq = (__iwram_top - 0x60)
                0x0000000003007f00                __sp_usr = (__sp_irq - 0xa0)
                0x0000000003007ff8                __irq_flags = 0x3007ff8
                0x0000000008000000                . = __text_start

.crt0           0x0000000008000000      0x210
 *(.crt0)
 .crt0          0x0000000008000000      0x210 /opt/devkitpro/devkitARM/bin/../lib/gcc/arm-none-eabi/10.2.0/../../../../arm-none-eabi/lib/thumb/gba_crt0.o
                0x0000000008000000                _start
                0x00000000080000c4                __boot_method
                0x00000000080000c5                __slave_number
                0x00000000080000e0                start_vector
                0x0000000008000210                . = ALIGN (0x4)

.init           0x0000000008000210        0xc
 *(SORT_NONE(.init))
 .init          0x0000000008000210        0x4 /opt/devkitpro/devkitARM/bin/../lib/gcc/arm-none-eabi/10.2.0/thumb/crti.o
                0x0000000008000210                _init
 .init          0x0000000008000214        0x8 /opt/devkitpro/devkitARM/bin/../lib/gcc/arm-none-eabi/10.2.0/thumb/crtn.o

.plt            0x000000000800021c        0x0
 *(.plt)
                0x000000000800021c                . = ALIGN (0x4)

.text           0x0000000008000220     0x4790
 *(EXCLUDE_FILE(*.iwram*) .text*)
 .text.__do_global_dtors_aux
                0x0000000008000220       0x2c /opt/devkitpro/devkitARM/bin/../lib/gcc/arm-none-eabi/10.2.0/thumb/crtbegin.o
 .text.frame_dummy
                0x000000000800024c       0x24 /opt/devkitpro/devkitARM/bin/../lib/gcc/arm-none-eabi/10.2.0/thumb/crtbegin.o
 .text          0x0000000008000270      0x640 template.o
                0x0000000008000270                movePlayerNorth()
                0x0000000008000290                movePlayerSouth()
                0x00000000080002b0                movePlayerEast()
                0x00000000080002d0                movePlayerWest()
                0x00000000080002f0                uploadPaletteMem()
                0x0000000008000310                uploadTileMem()
                0x0000000008000330                initGameboy()
                0x0000000008000378                registerPlayerListeners()
                0x00000000080005e4                pollInput()
                0x0000000008000720                makeCharacterSprite(unsigned char, unsigned char, unsigned char, bool)
 .text._ZNSt17_Function_handlerIFvvEPS0_E9_M_invokeERKSt9_Any_data
                0x00000000080008b0       0x10 template.o
                0x00000000080008b0                std::_Function_handler<void (), void (*)()>::_M_invoke(std::_Any_data const&)
 .text._ZNSt17_Function_handlerIFvvEPS0_E10_M_managerERSt9_Any_dataRKS3_St18_Manager_operation
                0x00000000080008c0       0x18 template.o
                0x00000000080008c0                std::_Function_handler<void (), void (*)()>::_M_manager(std::_Any_data&, std::_Any_data const&, std::_Manager_operation)
 .text.exit     0x00000000080008d8       0x5c template.o
 .text._ZNSt8_Rb_treeINSt7__cxx1112basic_stringIcSt11char_traitsIcESaIcEEESt4pairIKS5_St8functionIFvvEEESt10_Select1stISB_ESt4lessIS5_ESaISB_EE17_M_emplace_uniqueIJS6_IS5_SA_EEEES6_ISt17_Rb_tree_iteratorISB_EbEDpOT_
                0x0000000008000934      0x1cc template.o
                0x0000000008000934                std::pair<std::_Rb_tree_iterator<std::pair<std::__cxx11::basic_string<char, std::char_traits<char>, std::allocator<char> > const, std::function<void ()> > >, bool> std::_Rb_tree<std::__cxx11::basic_string<char, std::char_traits<char>, std::allocator<char> >, std::pair<std::__cxx11::basic_string<char, std::char_traits<char>, std::allocator<char> > const, std::function<void ()> >, std::_Select1st<std::pair<std::__cxx11::basic_string<char, std::char_traits<char>, std::allocator<char> > const, std::function<void ()> > >, std::less<std::__cxx11::basic_string<char, std::char_traits<char>, std::allocator<char> > >, std::allocator<std::pair<std::__cxx11::basic_string<char, std::char_traits<char>, std::allocator<char> > const, std::function<void ()> > > >::_M_emplace_unique<std::pair<std::__cxx11::basic_string<char, std::char_traits<char>, std::allocator<char> >, std::function<void ()> > >(std::pair<std::__cxx11::basic_string<char, std::char_traits<char>, std::allocator<char> >, std::function<void ()> >&&)
 .text._ZNSt8_Rb_treeINSt7__cxx1112basic_stringIcSt11char_traitsIcESaIcEEESt4pairIKS5_St8functionIFvvEEESt10_Select1stISB_ESt4lessIS5_ESaISB_EE4findERS7_
                0x0000000008000b00       0x80 template.o
                0x0000000008000b00                std::_Rb_tree<std::__cxx11::basic_string<char, std::char_traits<char>, std::allocator<char> >, std::pair<std::__cxx11::basic_string<char, std::char_traits<char>, std::allocator<char> > const, std::function<void ()> >, std::_Select1st<std::pair<std::__cxx11::basic_string<char, std::char_traits<char>, std::allocator<char> > const, std::function<void ()> > >, std::less<std::__cxx11::basic_string<char, std::char_traits<char>, std::allocator<char> > >, std::allocator<std::pair<std::__cxx11::basic_string<char, std::char_traits<char>, std::allocator<char> > const, std::function<void ()> > > >::find(std::__cxx11::basic_string<char, std::char_traits<char>, std::allocator<char> > const&)
 .text._ZNSt6vectorI14AnimationFrameSaIS0_EE17_M_realloc_insertIJS0_EEEvN9__gnu_cxx17__normal_iteratorIPS0_S2_EEDpOT_
                0x0000000008000b80       0xf4 template.o
                0x0000000008000b80                void std::vector<AnimationFrame, std::allocator<AnimationFrame> >::_M_realloc_insert<AnimationFrame>(__gnu_cxx::__normal_iterator<AnimationFrame*, std::vector<AnimationFrame, std::allocator<AnimationFrame> > >, AnimationFrame&&)
 .text._ZNSt6vectorI6SpriteSaIS0_EE17_M_realloc_insertIJS0_EEEvN9__gnu_cxx17__normal_iteratorIPS0_S2_EEDpOT_
                0x0000000008000c74      0x1a8 template.o
                0x0000000008000c74                void std::vector<Sprite, std::allocator<Sprite> >::_M_realloc_insert<Sprite>(__gnu_cxx::__normal_iterator<Sprite*, std::vector<Sprite, std::allocator<Sprite> > >, Sprite&&)
 .text.startup  0x0000000008000e1c      0x198 template.o
                0x0000000008000e1c                main
 .text          0x0000000008000fb4        0x8 /opt/devkitpro/libgba/lib/libgba.a(CpuSet.o)
                0x0000000008000fb4                CpuSet
                0x0000000008000fb8                CpuFastSet
 .text          0x0000000008000fbc      0x3b8 /opt/devkitpro/libgba/lib/libgba.a(interrupt.o)
                0x0000000008000fbc                dummy
                0x0000000008000fc0                InitInterrupt
                0x000000000800101c                irqInit
                0x0000000008001078                SetInterrupt
                0x000000000800115c                irqSet
                0x0000000008001240                EnableInterrupt
                0x000000000800128c                irqEnable
                0x00000000080012dc                DisableInterrupt
                0x0000000008001328                irqDisable
 .text          0x0000000008001374       0xbc /opt/devkitpro/libgba/lib/libgba.a(input.o)
                0x0000000008001374                setRepeat
                0x0000000008001380                scanKeys
                0x00000000080013f4                keysDownRepeat
                0x0000000008001404                keysDown
                0x0000000008001414                keysUp
                0x0000000008001424                keysHeld
 .text._ZdlPvj  0x0000000008001430        0xc /opt/devkitpro/devkitARM/bin/../lib/gcc/arm-none-eabi/10.2.0/../../../../arm-none-eabi/lib/thumb/libstdc++.a(del_ops.o)
                0x0000000008001430                operator delete(void*, unsigned int)
 .text._Znwj    0x000000000800143c       0x48 /opt/devkitpro/devkitARM/bin/../lib/gcc/arm-none-eabi/10.2.0/../../../../arm-none-eabi/lib/thumb/libstdc++.a(new_op.o)
                0x000000000800143c                operator new(unsigned int)
 .text._ZSt18_Rb_tree_decrementPSt18_Rb_tree_node_base
                0x0000000008001484       0x38 /opt/devkitpro/devkitARM/bin/../lib/gcc/arm-none-eabi/10.2.0/../../../../arm-none-eabi/lib/thumb/libstdc++.a(tree.o)
                0x0000000008001484                std::_Rb_tree_decrement(std::_Rb_tree_node_base*)
 .text._ZSt29_Rb_tree_insert_and_rebalancebPSt18_Rb_tree_node_baseS0_RS_
                0x00000000080014bc      0x188 /opt/devkitpro/devkitARM/bin/../lib/gcc/arm-none-eabi/10.2.0/../../../../arm-none-eabi/lib/thumb/libstdc++.a(tree.o)
                0x00000000080014bc                std::_Rb_tree_insert_and_rebalance(bool, std::_Rb_tree_node_base*, std::_Rb_tree_node_base*, std::_Rb_tree_node_base&)
 .text.unlikely._ZSt17__throw_bad_allocv
                0x0000000008001644       0x20 /opt/devkitpro/devkitARM/bin/../lib/gcc/arm-none-eabi/10.2.0/../../../../arm-none-eabi/lib/thumb/libstdc++.a(functexcept.o)
                0x0000000008001644                std::__throw_bad_alloc()
 .text.unlikely._ZSt19__throw_logic_errorPKc
                0x0000000008001664       0x30 /opt/devkitpro/devkitARM/bin/../lib/gcc/arm-none-eabi/10.2.0/../../../../arm-none-eabi/lib/thumb/libstdc++.a(functexcept.o)
                0x0000000008001664                std::__throw_logic_error(char const*)
 .text.unlikely._ZSt20__throw_length_errorPKc
                0x0000000008001694       0x30 /opt/devkitpro/devkitARM/bin/../lib/gcc/arm-none-eabi/10.2.0/../../../../arm-none-eabi/lib/thumb/libstdc++.a(functexcept.o)
                0x0000000008001694                std::__throw_length_error(char const*)
 .text._ZNKSt17bad_function_call4whatEv
                0x00000000080016c4        0x8 /opt/devkitpro/devkitARM/bin/../lib/gcc/arm-none-eabi/10.2.0/../../../../arm-none-eabi/lib/thumb/libstdc++.a(functional.o)
                0x00000000080016c4                std::bad_function_call::what() const
 .text._ZNSt17bad_function_callD2Ev
                0x00000000080016cc       0x1c /opt/devkitpro/devkitARM/bin/../lib/gcc/arm-none-eabi/10.2.0/../../../../arm-none-eabi/lib/thumb/libstdc++.a(functional.o)
                0x00000000080016cc                std::bad_function_call::~bad_function_call()
                0x00000000080016cc                std::bad_function_call::~bad_function_call()
 .text._ZNSt17bad_function_callD0Ev
                0x00000000080016e8       0x20 /opt/devkitpro/devkitARM/bin/../lib/gcc/arm-none-eabi/10.2.0/../../../../arm-none-eabi/lib/thumb/libstdc++.a(functional.o)
                0x00000000080016e8                std::bad_function_call::~bad_function_call()
 .text.unlikely._ZSt25__throw_bad_function_callv
                0x0000000008001708       0x24 /opt/devkitpro/devkitARM/bin/../lib/gcc/arm-none-eabi/10.2.0/../../../../arm-none-eabi/lib/thumb/libstdc++.a(functional.o)
                0x0000000008001708                std::__throw_bad_function_call()
 .text._ZNKSt9bad_alloc4whatEv
                0x000000000800172c        0x8 /opt/devkitpro/devkitARM/bin/../lib/gcc/arm-none-eabi/10.2.0/../../../../arm-none-eabi/lib/thumb/libstdc++.a(bad_alloc.o)
                0x000000000800172c                std::bad_alloc::what() const
 .text._ZNSt9bad_allocD2Ev
                0x0000000008001734       0x1c /opt/devkitpro/devkitARM/bin/../lib/gcc/arm-none-eabi/10.2.0/../../../../arm-none-eabi/lib/thumb/libstdc++.a(bad_alloc.o)
                0x0000000008001734                std::bad_alloc::~bad_alloc()
                0x0000000008001734                std::bad_alloc::~bad_alloc()
 .text._ZNSt9bad_allocD0Ev
                0x0000000008001750       0x24 /opt/devkitpro/devkitARM/bin/../lib/gcc/arm-none-eabi/10.2.0/../../../../arm-none-eabi/lib/thumb/libstdc++.a(bad_alloc.o)
                0x0000000008001750                std::bad_alloc::~bad_alloc()
 .text._ZdlPv   0x0000000008001774        0xc /opt/devkitpro/devkitARM/bin/../lib/gcc/arm-none-eabi/10.2.0/../../../../arm-none-eabi/lib/thumb/libstdc++.a(del_op.o)
                0x0000000008001774                operator delete(void*)
 .text._ZN12_GLOBAL__N_14pool4freeEPv.constprop.0
                0x0000000008001780       0x80 /opt/devkitpro/devkitARM/bin/../lib/gcc/arm-none-eabi/10.2.0/../../../../arm-none-eabi/lib/thumb/libstdc++.a(eh_alloc.o)
 .text._ZN12_GLOBAL__N_14pool8allocateEj.constprop.0
                0x0000000008001800       0x54 /opt/devkitpro/devkitARM/bin/../lib/gcc/arm-none-eabi/10.2.0/../../../../arm-none-eabi/lib/thumb/libstdc++.a(eh_alloc.o)
 .text.__cxa_allocate_exception
                0x0000000008001854       0x30 /opt/devkitpro/devkitARM/bin/../lib/gcc/arm-none-eabi/10.2.0/../../../../arm-none-eabi/lib/thumb/libstdc++.a(eh_alloc.o)
                0x0000000008001854                __cxa_allocate_exception
 .text.__cxa_free_exception
                0x0000000008001884       0x28 /opt/devkitpro/devkitARM/bin/../lib/gcc/arm-none-eabi/10.2.0/../../../../arm-none-eabi/lib/thumb/libstdc++.a(eh_alloc.o)
                0x0000000008001884                __cxa_free_exception
 .text.startup._GLOBAL__sub_I__ZN9__gnu_cxx9__freeresEv
                0x00000000080018ac       0x30 /opt/devkitpro/devkitARM/bin/../lib/gcc/arm-none-eabi/10.2.0/../../../../arm-none-eabi/lib/thumb/libstdc++.a(eh_alloc.o)
 .text.__cxa_end_cleanup
                0x00000000080018dc        0xc /opt/devkitpro/devkitARM/bin/../lib/gcc/arm-none-eabi/10.2.0/../../../../arm-none-eabi/lib/thumb/libstdc++.a(eh_arm.o)
                0x00000000080018dc                __cxa_end_cleanup
 .text.__cxa_type_match
                0x00000000080018e8       0xcc /opt/devkitpro/devkitARM/bin/../lib/gcc/arm-none-eabi/10.2.0/../../../../arm-none-eabi/lib/thumb/libstdc++.a(eh_arm.o)
                0x00000000080018e8                __cxa_type_match
 .text.__cxa_begin_cleanup
                0x00000000080019b4       0x64 /opt/devkitpro/devkitARM/bin/../lib/gcc/arm-none-eabi/10.2.0/../../../../arm-none-eabi/lib/thumb/libstdc++.a(eh_arm.o)
                0x00000000080019b4                __cxa_begin_cleanup
 .text.__gnu_end_cleanup
                0x0000000008001a18       0x74 /opt/devkitpro/devkitARM/bin/../lib/gcc/arm-none-eabi/10.2.0/../../../../arm-none-eabi/lib/thumb/libstdc++.a(eh_arm.o)
                0x0000000008001a18                __gnu_end_cleanup
 .text._ZNSt9exceptionD2Ev
                0x0000000008001a8c        0x4 /opt/devkitpro/devkitARM/bin/../lib/gcc/arm-none-eabi/10.2.0/../../../../arm-none-eabi/lib/thumb/libstdc++.a(eh_exception.o)
                0x0000000008001a8c                std::exception::~exception()
                0x0000000008001a8c                std::exception::~exception()
 .text._ZNSt13bad_exceptionD2Ev
                0x0000000008001a90        0x4 /opt/devkitpro/devkitARM/bin/../lib/gcc/arm-none-eabi/10.2.0/../../../../arm-none-eabi/lib/thumb/libstdc++.a(eh_exception.o)
                0x0000000008001a90                std::bad_exception::~bad_exception()
                0x0000000008001a90                std::bad_exception::~bad_exception()
 .text._ZNKSt13bad_exception4whatEv
                0x0000000008001a94        0x8 /opt/devkitpro/devkitARM/bin/../lib/gcc/arm-none-eabi/10.2.0/../../../../arm-none-eabi/lib/thumb/libstdc++.a(eh_exception.o)
                0x0000000008001a94                transaction clone for std::bad_exception::what() const
                0x0000000008001a94                std::bad_exception::what() const
 .text._ZNSt13bad_exceptionD0Ev
                0x0000000008001a9c       0x14 /opt/devkitpro/devkitARM/bin/../lib/gcc/arm-none-eabi/10.2.0/../../../../arm-none-eabi/lib/thumb/libstdc++.a(eh_exception.o)
                0x0000000008001a9c                std::bad_exception::~bad_exception()
 .text.__cxa_get_globals_fast
                0x0000000008001ab0        0x8 /opt/devkitpro/devkitARM/bin/../lib/gcc/arm-none-eabi/10.2.0/../../../../arm-none-eabi/lib/thumb/libstdc++.a(eh_globals.o)
                0x0000000008001ab0                __cxa_get_globals_fast
 .text.__cxa_get_globals
                0x0000000008001ab8        0x8 /opt/devkitpro/devkitARM/bin/../lib/gcc/arm-none-eabi/10.2.0/../../../../arm-none-eabi/lib/thumb/libstdc++.a(eh_globals.o)
                0x0000000008001ab8                __cxa_get_globals
 .text._ZL28read_encoded_value_with_basehjPKhPj
                0x0000000008001ac0      0x114 /opt/devkitpro/devkitARM/bin/../lib/gcc/arm-none-eabi/10.2.0/../../../../arm-none-eabi/lib/thumb/libstdc++.a(eh_personality.o)
 .text._ZL21base_of_encoded_valuehP15_Unwind_Context
                0x0000000008001bd4       0x4c /opt/devkitpro/devkitARM/bin/../lib/gcc/arm-none-eabi/10.2.0/../../../../arm-none-eabi/lib/thumb/libstdc++.a(eh_personality.o)
 .text._ZL17parse_lsda_headerP15_Unwind_ContextPKhP16lsda_header_info
                0x0000000008001c20       0x98 /opt/devkitpro/devkitARM/bin/../lib/gcc/arm-none-eabi/10.2.0/../../../../arm-none-eabi/lib/thumb/libstdc++.a(eh_personality.o)
 .text.__gxx_personality_v0
                0x0000000008001cb8      0x4a4 /opt/devkitpro/devkitARM/bin/../lib/gcc/arm-none-eabi/10.2.0/../../../../arm-none-eabi/lib/thumb/libstdc++.a(eh_personality.o)
                0x0000000008001cb8                __gxx_personality_v0
 .text._ZN10__cxxabiv111__terminateEPFvvE
                0x000000000800215c       0x2c /opt/devkitpro/devkitARM/bin/../lib/gcc/arm-none-eabi/10.2.0/../../../../arm-none-eabi/lib/thumb/libstdc++.a(eh_terminate.o)
                0x000000000800215c                __cxxabiv1::__terminate(void (*)())
 .text._ZSt9terminatev
                0x0000000008002188       0x10 /opt/devkitpro/devkitARM/bin/../lib/gcc/arm-none-eabi/10.2.0/../../../../arm-none-eabi/lib/thumb/libstdc++.a(eh_terminate.o)
                0x0000000008002188                std::terminate()
 .text._ZN10__cxxabiv112__unexpectedEPFvvE
                0x0000000008002198        0xc /opt/devkitpro/devkitARM/bin/../lib/gcc/arm-none-eabi/10.2.0/../../../../arm-none-eabi/lib/thumb/libstdc++.a(eh_terminate.o)
                0x0000000008002198                __cxxabiv1::__unexpected(void (*)())
 .text._ZSt10unexpectedv
                0x00000000080021a4       0x10 /opt/devkitpro/devkitARM/bin/../lib/gcc/arm-none-eabi/10.2.0/../../../../arm-none-eabi/lib/thumb/libstdc++.a(eh_terminate.o)
                0x00000000080021a4                std::unexpected()
 .text._ZSt13get_terminatev
                0x00000000080021b4        0xc /opt/devkitpro/devkitARM/bin/../lib/gcc/arm-none-eabi/10.2.0/../../../../arm-none-eabi/lib/thumb/libstdc++.a(eh_terminate.o)
                0x00000000080021b4                std::get_terminate()
 .text._ZSt14get_unexpectedv
                0x00000000080021c0        0xc /opt/devkitpro/devkitARM/bin/../lib/gcc/arm-none-eabi/10.2.0/../../../../arm-none-eabi/lib/thumb/libstdc++.a(eh_terminate.o)
                0x00000000080021c0                std::get_unexpected()
 .text._ZL23__gxx_exception_cleanup19_Unwind_Reason_CodeP21_Unwind_Control_Block
                0x00000000080021cc       0x3c /opt/devkitpro/devkitARM/bin/../lib/gcc/arm-none-eabi/10.2.0/../../../../arm-none-eabi/lib/thumb/libstdc++.a(eh_throw.o)
 .text.__cxa_init_primary_exception
                0x0000000008002208       0x50 /opt/devkitpro/devkitARM/bin/../lib/gcc/arm-none-eabi/10.2.0/../../../../arm-none-eabi/lib/thumb/libstdc++.a(eh_throw.o)
                0x0000000008002208                __cxa_init_primary_exception
 .text.__cxa_throw
                0x0000000008002258       0x34 /opt/devkitpro/devkitARM/bin/../lib/gcc/arm-none-eabi/10.2.0/../../../../arm-none-eabi/lib/thumb/libstdc++.a(eh_throw.o)
                0x0000000008002258                __cxa_throw
 .text.__cxa_rethrow
                0x000000000800228c       0x70 /opt/devkitpro/devkitARM/bin/../lib/gcc/arm-none-eabi/10.2.0/../../../../arm-none-eabi/lib/thumb/libstdc++.a(eh_throw.o)
                0x000000000800228c                __cxa_rethrow
 .text._ZSt15get_new_handlerv
                0x00000000080022fc        0xc /opt/devkitpro/devkitARM/bin/../lib/gcc/arm-none-eabi/10.2.0/../../../../arm-none-eabi/lib/thumb/libstdc++.a(new_handler.o)
                0x00000000080022fc                std::get_new_handler()
 .text._ZN10__cxxabiv120__si_class_type_infoD2Ev
                0x0000000008002308       0x1c /opt/devkitpro/devkitARM/bin/../lib/gcc/arm-none-eabi/10.2.0/../../../../arm-none-eabi/lib/thumb/libstdc++.a(si_class_type_info.o)
                0x0000000008002308                __cxxabiv1::__si_class_type_info::~__si_class_type_info()
                0x0000000008002308                __cxxabiv1::__si_class_type_info::~__si_class_type_info()
 .text._ZN10__cxxabiv120__si_class_type_infoD0Ev
                0x0000000008002324       0x24 /opt/devkitpro/devkitARM/bin/../lib/gcc/arm-none-eabi/10.2.0/../../../../arm-none-eabi/lib/thumb/libstdc++.a(si_class_type_info.o)
                0x0000000008002324                __cxxabiv1::__si_class_type_info::~__si_class_type_info()
 .text._ZNK10__cxxabiv120__si_class_type_info20__do_find_public_srcEiPKvPKNS_17__class_type_infoES2_
                0x0000000008002348       0x40 /opt/devkitpro/devkitARM/bin/../lib/gcc/arm-none-eabi/10.2.0/../../../../arm-none-eabi/lib/thumb/libstdc++.a(si_class_type_info.o)
                0x0000000008002348                __cxxabiv1::__si_class_type_info::__do_find_public_src(int, void const*, __cxxabiv1::__class_type_info const*, void const*) const
 .text._ZNK10__cxxabiv120__si_class_type_info12__do_dyncastEiNS_17__class_type_info10__sub_kindEPKS1_PKvS4_S6_RNS1_16__dyncast_resultE
                0x0000000008002388       0xa4 /opt/devkitpro/devkitARM/bin/../lib/gcc/arm-none-eabi/10.2.0/../../../../arm-none-eabi/lib/thumb/libstdc++.a(si_class_type_info.o)
                0x0000000008002388                __cxxabiv1::__si_class_type_info::__do_dyncast(int, __cxxabiv1::__class_type_info::__sub_kind, __cxxabiv1::__class_type_info const*, void const*, __cxxabiv1::__class_type_info const*, void const*, __cxxabiv1::__class_type_info::__dyncast_result&) const
 .text._ZNK10__cxxabiv120__si_class_type_info11__do_upcastEPKNS_17__class_type_infoEPKvRNS1_15__upcast_resultE
                0x000000000800242c       0x2c /opt/devkitpro/devkitARM/bin/../lib/gcc/arm-none-eabi/10.2.0/../../../../arm-none-eabi/lib/thumb/libstdc++.a(si_class_type_info.o)
                0x000000000800242c                __cxxabiv1::__si_class_type_info::__do_upcast(__cxxabiv1::__class_type_info const*, void const*, __cxxabiv1::__class_type_info::__upcast_result&) const
 .text._ZNSt9type_infoD2Ev
                0x0000000008002458        0x4 /opt/devkitpro/devkitARM/bin/../lib/gcc/arm-none-eabi/10.2.0/../../../../arm-none-eabi/lib/thumb/libstdc++.a(tinfo.o)
                0x0000000008002458                std::type_info::~type_info()
                0x0000000008002458                std::type_info::~type_info()
 .text._ZNKSt9type_info14__is_pointer_pEv
                0x000000000800245c        0x4 /opt/devkitpro/devkitARM/bin/../lib/gcc/arm-none-eabi/10.2.0/../../../../arm-none-eabi/lib/thumb/libstdc++.a(tinfo.o)
                0x000000000800245c                std::type_info::__is_function_p() const
                0x000000000800245c                std::type_info::__is_pointer_p() const
 .text._ZNKSt9type_infoeqERKS_
                0x0000000008002460       0x30 /opt/devkitpro/devkitARM/bin/../lib/gcc/arm-none-eabi/10.2.0/../../../../arm-none-eabi/lib/thumb/libstdc++.a(tinfo.o)
                0x0000000008002460                std::type_info::operator==(std::type_info const&) const
 .text._ZNKSt11logic_error4whatEv
                0x0000000008002490        0x4 /opt/devkitpro/devkitARM/bin/../lib/gcc/arm-none-eabi/10.2.0/../../../../arm-none-eabi/lib/thumb/libstdc++.a(stdexcept.o)
                0x0000000008002490                std::runtime_error::what() const
                0x0000000008002490                std::logic_error::what() const
 .text._ZNSt11logic_errorD2Ev
                0x0000000008002494       0x44 /opt/devkitpro/devkitARM/bin/../lib/gcc/arm-none-eabi/10.2.0/../../../../arm-none-eabi/lib/thumb/libstdc++.a(stdexcept.o)
                0x0000000008002494                std::logic_error::~logic_error()
                0x0000000008002494                std::logic_error::~logic_error()
 .text._ZNSt12length_errorD2Ev
                0x00000000080024d8       0x44 /opt/devkitpro/devkitARM/bin/../lib/gcc/arm-none-eabi/10.2.0/../../../../arm-none-eabi/lib/thumb/libstdc++.a(stdexcept.o)
                0x00000000080024d8                std::length_error::~length_error()
                0x00000000080024d8                std::length_error::~length_error()
 .text._ZNSt11logic_errorD0Ev
                0x000000000800251c       0x4c /opt/devkitpro/devkitARM/bin/../lib/gcc/arm-none-eabi/10.2.0/../../../../arm-none-eabi/lib/thumb/libstdc++.a(stdexcept.o)
                0x000000000800251c                std::logic_error::~logic_error()
 .text._ZNSt12length_errorD0Ev
                0x0000000008002568       0x4c /opt/devkitpro/devkitARM/bin/../lib/gcc/arm-none-eabi/10.2.0/../../../../arm-none-eabi/lib/thumb/libstdc++.a(stdexcept.o)
                0x0000000008002568                std::length_error::~length_error()
 .text._ZNSt11logic_errorC2EPKc
                0x00000000080025b4       0x28 /opt/devkitpro/devkitARM/bin/../lib/gcc/arm-none-eabi/10.2.0/../../../../arm-none-eabi/lib/thumb/libstdc++.a(cow-stdexcept.o)
                0x00000000080025b4                std::logic_error::logic_error(char const*)
                0x00000000080025b4                std::logic_error::logic_error(char const*)
 .text._ZNSt12length_errorC2EPKc
                0x00000000080025dc       0x30 /opt/devkitpro/devkitARM/bin/../lib/gcc/arm-none-eabi/10.2.0/../../../../arm-none-eabi/lib/thumb/libstdc++.a(cow-stdexcept.o)
                0x00000000080025dc                std::length_error::length_error(char const*)
                0x00000000080025dc                std::length_error::length_error(char const*)
 .text._ZNSs4_Rep9_S_createEjjRKSaIcE
                0x000000000800260c       0x64 /opt/devkitpro/devkitARM/bin/../lib/gcc/arm-none-eabi/10.2.0/../../../../arm-none-eabi/lib/thumb/libstdc++.a(cow-string-inst.o)
                0x000000000800260c                std::string::_Rep::_S_create(unsigned int, unsigned int, std::allocator<char> const&)
 .text._ZNSs4_Rep10_M_destroyERKSaIcE
                0x0000000008002670        0xc /opt/devkitpro/devkitARM/bin/../lib/gcc/arm-none-eabi/10.2.0/../../../../arm-none-eabi/lib/thumb/libstdc++.a(cow-string-inst.o)
                0x0000000008002670                std::string::_Rep::_M_destroy(std::allocator<char> const&)
 .text._ZNSs12_S_constructIPKcEEPcT_S3_RKSaIcESt20forward_iterator_tag
                0x000000000800267c       0x60 /opt/devkitpro/devkitARM/bin/../lib/gcc/arm-none-eabi/10.2.0/../../../../arm-none-eabi/lib/thumb/libstdc++.a(cow-string-inst.o)
                0x000000000800267c                char* std::string::_S_construct<char const*>(char const*, char const*, std::allocator<char> const&, std::forward_iterator_tag)
 .text._ZNSsC2EPKcRKSaIcE
                0x00000000080026dc       0x30 /opt/devkitpro/devkitARM/bin/../lib/gcc/arm-none-eabi/10.2.0/../../../../arm-none-eabi/lib/thumb/libstdc++.a(cow-string-inst.o)
                0x00000000080026dc                std::basic_string<char, std::char_traits<char>, std::allocator<char> >::basic_string(char const*, std::allocator<char> const&)
                0x00000000080026dc                std::basic_string<char, std::char_traits<char>, std::allocator<char> >::basic_string(char const*, std::allocator<char> const&)
 .text._ZNK10__cxxabiv117__class_type_info11__do_upcastEPKS0_PPv
                0x000000000800270c       0x3c /opt/devkitpro/devkitARM/bin/../lib/gcc/arm-none-eabi/10.2.0/../../../../arm-none-eabi/lib/thumb/libstdc++.a(class_type_info.o)
                0x000000000800270c                __cxxabiv1::__class_type_info::__do_upcast(__cxxabiv1::__class_type_info const*, void**) const
 .text._ZNK10__cxxabiv117__class_type_info20__do_find_public_srcEiPKvPKS0_S2_
                0x0000000008002748       0x14 /opt/devkitpro/devkitARM/bin/../lib/gcc/arm-none-eabi/10.2.0/../../../../arm-none-eabi/lib/thumb/libstdc++.a(class_type_info.o)
                0x0000000008002748                __cxxabiv1::__class_type_info::__do_find_public_src(int, void const*, __cxxabiv1::__class_type_info const*, void const*) const
 .text._ZN10__cxxabiv117__class_type_infoD2Ev
                0x000000000800275c       0x1c /opt/devkitpro/devkitARM/bin/../lib/gcc/arm-none-eabi/10.2.0/../../../../arm-none-eabi/lib/thumb/libstdc++.a(class_type_info.o)
                0x000000000800275c                __cxxabiv1::__class_type_info::~__class_type_info()
                0x000000000800275c                __cxxabiv1::__class_type_info::~__class_type_info()
 .text._ZN10__cxxabiv117__class_type_infoD0Ev
                0x0000000008002778       0x24 /opt/devkitpro/devkitARM/bin/../lib/gcc/arm-none-eabi/10.2.0/../../../../arm-none-eabi/lib/thumb/libstdc++.a(class_type_info.o)
                0x0000000008002778                __cxxabiv1::__class_type_info::~__class_type_info()
 .text._ZNK10__cxxabiv117__class_type_info12__do_dyncastEiNS0_10__sub_kindEPKS0_PKvS3_S5_RNS0_16__dyncast_resultE
                0x000000000800279c       0x44 /opt/devkitpro/devkitARM/bin/../lib/gcc/arm-none-eabi/10.2.0/../../../../arm-none-eabi/lib/thumb/libstdc++.a(class_type_info.o)
                0x000000000800279c                __cxxabiv1::__class_type_info::__do_dyncast(int, __cxxabiv1::__class_type_info::__sub_kind, __cxxabiv1::__class_type_info const*, void const*, __cxxabiv1::__class_type_info const*, void const*, __cxxabiv1::__class_type_info::__dyncast_result&) const
 .text._ZNK10__cxxabiv117__class_type_info11__do_upcastEPKS0_PKvRNS0_15__upcast_resultE
                0x00000000080027e0       0x20 /opt/devkitpro/devkitARM/bin/../lib/gcc/arm-none-eabi/10.2.0/../../../../arm-none-eabi/lib/thumb/libstdc++.a(class_type_info.o)
                0x00000000080027e0                __cxxabiv1::__class_type_info::__do_upcast(__cxxabiv1::__class_type_info const*, void const*, __cxxabiv1::__class_type_info::__upcast_result&) const
 .text._ZNK10__cxxabiv117__class_type_info10__do_catchEPKSt9type_infoPPvj
                0x0000000008002800       0x2c /opt/devkitpro/devkitARM/bin/../lib/gcc/arm-none-eabi/10.2.0/../../../../arm-none-eabi/lib/thumb/libstdc++.a(class_type_info.o)
                0x0000000008002800                __cxxabiv1::__class_type_info::__do_catch(std::type_info const*, void**, unsigned int) const
 .text._ZN10__cxxabiv1L24__is_gxx_exception_classEPc
                0x000000000800282c       0x3c /opt/devkitpro/devkitARM/bin/../lib/gcc/arm-none-eabi/10.2.0/../../../../arm-none-eabi/lib/thumb/libstdc++.a(eh_call.o)
 .text.__cxa_call_terminate
                0x0000000008002868       0x20 /opt/devkitpro/devkitARM/bin/../lib/gcc/arm-none-eabi/10.2.0/../../../../arm-none-eabi/lib/thumb/libstdc++.a(eh_call.o)
                0x0000000008002868                __cxa_call_terminate
 .text.unlikely.__cxa_call_unexpected
                0x0000000008002888      0x104 /opt/devkitpro/devkitARM/bin/../lib/gcc/arm-none-eabi/10.2.0/../../../../arm-none-eabi/lib/thumb/libstdc++.a(eh_call.o)
                0x0000000008002888                __cxa_call_unexpected
 .text.__cxa_begin_catch
                0x000000000800298c       0x78 /opt/devkitpro/devkitARM/bin/../lib/gcc/arm-none-eabi/10.2.0/../../../../arm-none-eabi/lib/thumb/libstdc++.a(eh_catch.o)
                0x000000000800298c                __cxa_begin_catch
 .text.__cxa_end_catch
                0x0000000008002a04       0x94 /opt/devkitpro/devkitARM/bin/../lib/gcc/arm-none-eabi/10.2.0/../../../../arm-none-eabi/lib/thumb/libstdc++.a(eh_catch.o)
                0x0000000008002a04                __cxa_end_catch
 .text.selfrel_offset31
                0x0000000008002a98       0x18 /opt/devkitpro/devkitARM/bin/../lib/gcc/arm-none-eabi/10.2.0/thumb/libgcc.a(unwind-arm.o)
 .text.search_EIT_table
                0x0000000008002ab0       0x74 /opt/devkitpro/devkitARM/bin/../lib/gcc/arm-none-eabi/10.2.0/thumb/libgcc.a(unwind-arm.o)
 .text.__gnu_unwind_get_pr_addr
                0x0000000008002b24       0x2c /opt/devkitpro/devkitARM/bin/../lib/gcc/arm-none-eabi/10.2.0/thumb/libgcc.a(unwind-arm.o)
 .text.get_eit_entry
                0x0000000008002b50       0xa0 /opt/devkitpro/devkitARM/bin/../lib/gcc/arm-none-eabi/10.2.0/thumb/libgcc.a(unwind-arm.o)
 .text.restore_non_core_regs
                0x0000000008002bf0       0x5c /opt/devkitpro/devkitARM/bin/../lib/gcc/arm-none-eabi/10.2.0/thumb/libgcc.a(unwind-arm.o)
 .text._Unwind_decode_typeinfo_ptr.constprop.0
                0x0000000008002c4c        0xc /opt/devkitpro/devkitARM/bin/../lib/gcc/arm-none-eabi/10.2.0/thumb/libgcc.a(unwind-arm.o)
 .text._Unwind_DebugHook
                0x0000000008002c58        0x4 /opt/devkitpro/devkitARM/bin/../lib/gcc/arm-none-eabi/10.2.0/thumb/libgcc.a(unwind-arm.o)
 .text.unwind_phase2
                0x0000000008002c5c       0x40 /opt/devkitpro/devkitARM/bin/../lib/gcc/arm-none-eabi/10.2.0/thumb/libgcc.a(unwind-arm.o)
 .text.unwind_phase2_forced
                0x0000000008002c9c       0xe0 /opt/devkitpro/devkitARM/bin/../lib/gcc/arm-none-eabi/10.2.0/thumb/libgcc.a(unwind-arm.o)
 .text.__gnu_Unwind_RaiseException
                0x0000000008002d7c       0x5c /opt/devkitpro/devkitARM/bin/../lib/gcc/arm-none-eabi/10.2.0/thumb/libgcc.a(unwind-arm.o)
                0x0000000008002d7c                __gnu_Unwind_RaiseException
 .text.__gnu_Unwind_ForcedUnwind
                0x0000000008002dd8       0x18 /opt/devkitpro/devkitARM/bin/../lib/gcc/arm-none-eabi/10.2.0/thumb/libgcc.a(unwind-arm.o)
                0x0000000008002dd8                __gnu_Unwind_ForcedUnwind
 .text.__gnu_Unwind_Resume
                0x0000000008002df0       0x4c /opt/devkitpro/devkitARM/bin/../lib/gcc/arm-none-eabi/10.2.0/thumb/libgcc.a(unwind-arm.o)
                0x0000000008002df0                __gnu_Unwind_Resume
 .text.__gnu_Unwind_Resume_or_Rethrow
                0x0000000008002e3c       0x20 /opt/devkitpro/devkitARM/bin/../lib/gcc/arm-none-eabi/10.2.0/thumb/libgcc.a(unwind-arm.o)
                0x0000000008002e3c                __gnu_Unwind_Resume_or_Rethrow
 .text._Unwind_Complete
                0x0000000008002e5c        0x4 /opt/devkitpro/devkitARM/bin/../lib/gcc/arm-none-eabi/10.2.0/thumb/libgcc.a(unwind-arm.o)
                0x0000000008002e5c                _Unwind_Complete
 .text._Unwind_DeleteException
                0x0000000008002e60       0x18 /opt/devkitpro/devkitARM/bin/../lib/gcc/arm-none-eabi/10.2.0/thumb/libgcc.a(unwind-arm.o)
                0x0000000008002e60                _Unwind_DeleteException
 .text._Unwind_VRS_Get
                0x0000000008002e78       0x38 /opt/devkitpro/devkitARM/bin/../lib/gcc/arm-none-eabi/10.2.0/thumb/libgcc.a(unwind-arm.o)
                0x0000000008002e78                _Unwind_VRS_Get
 .text._Unwind_GetGR
                0x0000000008002eb0       0x1c /opt/devkitpro/devkitARM/bin/../lib/gcc/arm-none-eabi/10.2.0/thumb/libgcc.a(unwind-arm.o)
 .text._Unwind_VRS_Set
                0x0000000008002ecc       0x38 /opt/devkitpro/devkitARM/bin/../lib/gcc/arm-none-eabi/10.2.0/thumb/libgcc.a(unwind-arm.o)
                0x0000000008002ecc                _Unwind_VRS_Set
 .text._Unwind_SetGR
                0x0000000008002f04       0x1c /opt/devkitpro/devkitARM/bin/../lib/gcc/arm-none-eabi/10.2.0/thumb/libgcc.a(unwind-arm.o)
 .text.__gnu_Unwind_Backtrace
                0x0000000008002f20       0x80 /opt/devkitpro/devkitARM/bin/../lib/gcc/arm-none-eabi/10.2.0/thumb/libgcc.a(unwind-arm.o)
                0x0000000008002f20                __gnu_Unwind_Backtrace
 .text.__gnu_unwind_pr_common
                0x0000000008002fa0      0x2d8 /opt/devkitpro/devkitARM/bin/../lib/gcc/arm-none-eabi/10.2.0/thumb/libgcc.a(unwind-arm.o)
 .text.__aeabi_unwind_cpp_pr0
                0x0000000008003278       0x10 /opt/devkitpro/devkitARM/bin/../lib/gcc/arm-none-eabi/10.2.0/thumb/libgcc.a(unwind-arm.o)
                0x0000000008003278                __aeabi_unwind_cpp_pr0
 .text.__aeabi_unwind_cpp_pr1
                0x0000000008003288       0x10 /opt/devkitpro/devkitARM/bin/../lib/gcc/arm-none-eabi/10.2.0/thumb/libgcc.a(unwind-arm.o)
                0x0000000008003288                __aeabi_unwind_cpp_pr1
 .text.__aeabi_unwind_cpp_pr2
                0x0000000008003298       0x10 /opt/devkitpro/devkitARM/bin/../lib/gcc/arm-none-eabi/10.2.0/thumb/libgcc.a(unwind-arm.o)
                0x0000000008003298                __aeabi_unwind_cpp_pr2
 .text._Unwind_VRS_Pop
                0x00000000080032a8      0x2b8 /opt/devkitpro/devkitARM/bin/../lib/gcc/arm-none-eabi/10.2.0/thumb/libgcc.a(unwind-arm.o)
                0x00000000080032a8                _Unwind_VRS_Pop
 .text          0x0000000008003560      0x1d8 /opt/devkitpro/devkitARM/bin/../lib/gcc/arm-none-eabi/10.2.0/thumb/libgcc.a(libunwind.o)
                0x0000000008003560                __restore_core_regs
                0x0000000008003560                restore_core_regs
                0x000000000800357c                __gnu_Unwind_Restore_VFP
                0x0000000008003584                __gnu_Unwind_Save_VFP
                0x000000000800358c                __gnu_Unwind_Restore_VFP_D
                0x0000000008003594                __gnu_Unwind_Save_VFP_D
                0x000000000800359c                __gnu_Unwind_Restore_VFP_D_16_to_31
                0x00000000080035a4                __gnu_Unwind_Save_VFP_D_16_to_31
                0x00000000080035ac                __gnu_Unwind_Restore_WMMXD
                0x00000000080035f0                __gnu_Unwind_Save_WMMXD
                0x0000000008003634                __gnu_Unwind_Restore_WMMXC
                0x0000000008003648                __gnu_Unwind_Save_WMMXC
                0x000000000800365c                ___Unwind_RaiseException
                0x000000000800365c                _Unwind_RaiseException
                0x0000000008003688                ___Unwind_Resume
                0x0000000008003688                _Unwind_Resume
                0x00000000080036b4                _Unwind_Resume_or_Rethrow
                0x00000000080036b4                ___Unwind_Resume_or_Rethrow
                0x00000000080036e0                ___Unwind_ForcedUnwind
                0x00000000080036e0                _Unwind_ForcedUnwind
                0x000000000800370c                _Unwind_Backtrace
                0x000000000800370c                ___Unwind_Backtrace
 .text.next_unwind_byte
                0x0000000008003738       0x34 /opt/devkitpro/devkitARM/bin/../lib/gcc/arm-none-eabi/10.2.0/thumb/libgcc.a(pr-support.o)
 .text._Unwind_GetGR.constprop.0
                0x000000000800376c       0x1c /opt/devkitpro/devkitARM/bin/../lib/gcc/arm-none-eabi/10.2.0/thumb/libgcc.a(pr-support.o)
 .text.unwind_UCB_from_context
                0x0000000008003788        0xc /opt/devkitpro/devkitARM/bin/../lib/gcc/arm-none-eabi/10.2.0/thumb/libgcc.a(pr-support.o)
 .text.__gnu_unwind_execute
                0x0000000008003794      0x2f0 /opt/devkitpro/devkitARM/bin/../lib/gcc/arm-none-eabi/10.2.0/thumb/libgcc.a(pr-support.o)
                0x0000000008003794                __gnu_unwind_execute
 .text.__gnu_unwind_frame
                0x0000000008003a84       0x2c /opt/devkitpro/devkitARM/bin/../lib/gcc/arm-none-eabi/10.2.0/thumb/libgcc.a(pr-support.o)
                0x0000000008003a84                __gnu_unwind_frame
 .text._Unwind_GetRegionStart
                0x0000000008003ab0       0x10 /opt/devkitpro/devkitARM/bin/../lib/gcc/arm-none-eabi/10.2.0/thumb/libgcc.a(pr-support.o)
                0x0000000008003ab0                _Unwind_GetRegionStart
 .text._Unwind_GetLanguageSpecificData
                0x0000000008003ac0       0x18 /opt/devkitpro/devkitARM/bin/../lib/gcc/arm-none-eabi/10.2.0/thumb/libgcc.a(pr-support.o)
                0x0000000008003ac0                _Unwind_GetLanguageSpecificData
 .text.unlikely._Unwind_GetDataRelBase
                0x0000000008003ad8        0x6 /opt/devkitpro/devkitARM/bin/../lib/gcc/arm-none-eabi/10.2.0/thumb/libgcc.a(pr-support.o)
                0x0000000008003ad8                _Unwind_GetDataRelBase
 .text.unlikely._Unwind_GetTextRelBase
                0x0000000008003ade        0x6 /opt/devkitpro/devkitARM/bin/../lib/gcc/arm-none-eabi/10.2.0/thumb/libgcc.a(pr-support.o)
                0x0000000008003ade                _Unwind_GetTextRelBase
 .text.abort    0x0000000008003ae4       0x10 /opt/devkitpro/devkitARM/bin/../lib/gcc/arm-none-eabi/10.2.0/../../../../arm-none-eabi/lib/thumb/libg.a(lib_a-abort.o)
                0x0000000008003ae4                abort
 .text.__libc_init_array
                0x0000000008003af4       0x50 /opt/devkitpro/devkitARM/bin/../lib/gcc/arm-none-eabi/10.2.0/../../../../arm-none-eabi/lib/thumb/libg.a(lib_a-init.o)
                0x0000000008003af4                __libc_init_array
 .text.malloc   0x0000000008003b44       0x14 /opt/devkitpro/devkitARM/bin/../lib/gcc/arm-none-eabi/10.2.0/../../../../arm-none-eabi/lib/thumb/libg.a(lib_a-malloc.o)
                0x0000000008003b44                malloc
 .text.free     0x0000000008003b58       0x14 /opt/devkitpro/devkitARM/bin/../lib/gcc/arm-none-eabi/10.2.0/../../../../arm-none-eabi/lib/thumb/libg.a(lib_a-malloc.o)
                0x0000000008003b58                free
 .text._malloc_r
                0x0000000008003b6c      0x59c /opt/devkitpro/devkitARM/bin/../lib/gcc/arm-none-eabi/10.2.0/../../../../arm-none-eabi/lib/thumb/libg.a(lib_a-mallocr.o)
                0x0000000008003b6c                _malloc_r
 .text.memcmp   0x0000000008004108       0x4c /opt/devkitpro/devkitARM/bin/../lib/gcc/arm-none-eabi/10.2.0/../../../../arm-none-eabi/lib/thumb/libg.a(lib_a-memcmp.o)
                0x0000000008004108                memcmp
 .text.memcpy   0x0000000008004154       0xa8 /opt/devkitpro/devkitARM/bin/../lib/gcc/arm-none-eabi/10.2.0/../../../../arm-none-eabi/lib/thumb/libg.a(lib_a-memcpy-stub.o)
                0x0000000008004154                memcpy
 .text.memset   0x00000000080041fc       0xb0 /opt/devkitpro/devkitARM/bin/../lib/gcc/arm-none-eabi/10.2.0/../../../../arm-none-eabi/lib/thumb/libg.a(lib_a-memset.o)
                0x00000000080041fc                memset
 .text.__malloc_lock
                0x00000000080042ac       0x14 /opt/devkitpro/devkitARM/bin/../lib/gcc/arm-none-eabi/10.2.0/../../../../arm-none-eabi/lib/thumb/libg.a(lib_a-mlock.o)
                0x00000000080042ac                __malloc_lock
 .text.__malloc_unlock
                0x00000000080042c0       0x14 /opt/devkitpro/devkitARM/bin/../lib/gcc/arm-none-eabi/10.2.0/../../../../arm-none-eabi/lib/thumb/libg.a(lib_a-mlock.o)
                0x00000000080042c0                __malloc_unlock
 .text._raise_r
                0x00000000080042d4       0x64 /opt/devkitpro/devkitARM/bin/../lib/gcc/arm-none-eabi/10.2.0/../../../../arm-none-eabi/lib/thumb/libg.a(lib_a-signal.o)
                0x00000000080042d4                _raise_r
 .text.raise    0x0000000008004338       0x14 /opt/devkitpro/devkitARM/bin/../lib/gcc/arm-none-eabi/10.2.0/../../../../arm-none-eabi/lib/thumb/libg.a(lib_a-signal.o)
                0x0000000008004338                raise
 .text          0x000000000800434c      0x224 /opt/devkitpro/devkitARM/bin/../lib/gcc/arm-none-eabi/10.2.0/../../../../arm-none-eabi/lib/thumb/libg.a(lib_a-strcmp.o)
                0x000000000800434c                strcmp
 .text.strlen   0x0000000008004570       0x60 /opt/devkitpro/devkitARM/bin/../lib/gcc/arm-none-eabi/10.2.0/../../../../arm-none-eabi/lib/thumb/libg.a(lib_a-strlen-stub.o)
                0x0000000008004570                strlen
 .text._malloc_trim_r
                0x00000000080045d0       0xa0 /opt/devkitpro/devkitARM/bin/../lib/gcc/arm-none-eabi/10.2.0/../../../../arm-none-eabi/lib/thumb/libg.a(lib_a-freer.o)
                0x00000000080045d0                _malloc_trim_r
 .text._free_r  0x0000000008004670      0x1e0 /opt/devkitpro/devkitARM/bin/../lib/gcc/arm-none-eabi/10.2.0/../../../../arm-none-eabi/lib/thumb/libg.a(lib_a-freer.o)
                0x0000000008004670                _free_r
 .text._getpid_r
                0x0000000008004850        0xc /opt/devkitpro/devkitARM/bin/../lib/gcc/arm-none-eabi/10.2.0/../../../../arm-none-eabi/lib/thumb/libsysbase.a(getpid.o)
                0x0000000008004850                _getpid_r
 .text._kill_r  0x000000000800485c        0xc /opt/devkitpro/devkitARM/bin/../lib/gcc/arm-none-eabi/10.2.0/../../../../arm-none-eabi/lib/thumb/libsysbase.a(kill.o)
                0x000000000800485c                _kill_r
 .text._sbrk_r  0x0000000008004868       0x54 /opt/devkitpro/devkitARM/bin/../lib/gcc/arm-none-eabi/10.2.0/../../../../arm-none-eabi/lib/thumb/libsysbase.a(sbrk.o)
                0x0000000008004868                _sbrk_r
 .text._exit    0x00000000080048bc       0x18 /opt/devkitpro/devkitARM/bin/../lib/gcc/arm-none-eabi/10.2.0/../../../../arm-none-eabi/lib/thumb/libsysbase.a(_exit.o)
                0x00000000080048bc                _exit
 .text.__libc_lock_acquire_recursive
                0x00000000080048d4       0x1c /opt/devkitpro/devkitARM/bin/../lib/gcc/arm-none-eabi/10.2.0/../../../../arm-none-eabi/lib/thumb/libsysbase.a(syscall_support.o)
                0x00000000080048d4                __libc_lock_acquire_recursive
 .text.__libc_lock_release_recursive
                0x00000000080048f0       0x1c /opt/devkitpro/devkitARM/bin/../lib/gcc/arm-none-eabi/10.2.0/../../../../arm-none-eabi/lib/thumb/libsysbase.a(syscall_support.o)
                0x00000000080048f0                __libc_lock_release_recursive
 .text.__getreent
                0x000000000800490c       0x28 /opt/devkitpro/devkitARM/bin/../lib/gcc/arm-none-eabi/10.2.0/../../../../arm-none-eabi/lib/thumb/libsysbase.a(getreent.o)
                0x000000000800490c                __getreent
 *fill*         0x0000000008004934        0x4 ff
 .text.__getreent.__stub
                0x0000000008004938       0x78 linker stubs
 *(.gnu.linkonce.t.*)
 *(.text.*personality*)
 *(.gnu.warning)
 *(.glue_7t)
 .glue_7t       0x00000000080049b0        0x0 linker stubs
 *(.glue_7)
 .glue_7        0x00000000080049b0        0x0 linker stubs
 *(.vfp11_veneer)
 .vfp11_veneer  0x00000000080049b0        0x0 linker stubs
                0x00000000080049b0                . = ALIGN (0x4)
                0x00000000080049b0                __text_end = .

.v4_bx          0x00000000080049b0        0x0
 .v4_bx         0x00000000080049b0        0x0 linker stubs

.iplt           0x00000000080049b0        0x0
 .iplt          0x00000000080049b0        0x0 /opt/devkitpro/devkitARM/bin/../lib/gcc/arm-none-eabi/10.2.0/../../../../arm-none-eabi/lib/thumb/gba_crt0.o

.fini           0x00000000080049b0        0xc
 *(.fini)
 .fini          0x00000000080049b0        0x4 /opt/devkitpro/devkitARM/bin/../lib/gcc/arm-none-eabi/10.2.0/thumb/crti.o
                0x00000000080049b0                _fini
 .fini          0x00000000080049b4        0x8 /opt/devkitpro/devkitARM/bin/../lib/gcc/arm-none-eabi/10.2.0/thumb/crtn.o
                0x00000000080049bc                . = ALIGN (0x4)

.rodata         0x00000000080049bc      0x7d4
 *(.rodata)
 .rodata        0x00000000080049bc      0x4c0 asuka.o
                0x00000000080049bc                asukaPal
                0x00000000080049fc                asukaTiles
 *all.rodata*(*)
 *(.roda)
 *(.rodata.*)
 .rodata.str1.4
                0x0000000008004e7c        0x6 template.o
 *fill*         0x0000000008004e82        0x2 ff
 .rodata._ZNSt6vectorI14AnimationFrameSaIS0_EE17_M_realloc_insertIJS0_EEEvN9__gnu_cxx17__normal_iteratorIPS0_S2_EEDpOT_.str1.4
                0x0000000008004e84       0x1a template.o
 *fill*         0x0000000008004e9e        0x2 ff
 .rodata._ZNKSt17bad_function_call4whatEv.str1.4
                0x0000000008004ea0       0x12 /opt/devkitpro/devkitARM/bin/../lib/gcc/arm-none-eabi/10.2.0/../../../../arm-none-eabi/lib/thumb/libstdc++.a(functional.o)
 *fill*         0x0000000008004eb2        0x2 ff
 .rodata._ZTISt17bad_function_call
                0x0000000008004eb4        0xc /opt/devkitpro/devkitARM/bin/../lib/gcc/arm-none-eabi/10.2.0/../../../../arm-none-eabi/lib/thumb/libstdc++.a(functional.o)
                0x0000000008004eb4                typeinfo for std::bad_function_call
 .rodata._ZTSSt17bad_function_call
                0x0000000008004ec0       0x16 /opt/devkitpro/devkitARM/bin/../lib/gcc/arm-none-eabi/10.2.0/../../../../arm-none-eabi/lib/thumb/libstdc++.a(functional.o)
                0x0000000008004ec0                typeinfo name for std::bad_function_call
 *fill*         0x0000000008004ed6        0x2 ff
 .rodata._ZTVSt17bad_function_call
                0x0000000008004ed8       0x14 /opt/devkitpro/devkitARM/bin/../lib/gcc/arm-none-eabi/10.2.0/../../../../arm-none-eabi/lib/thumb/libstdc++.a(functional.o)
                0x0000000008004ed8                vtable for std::bad_function_call
 .rodata._ZNKSt9bad_alloc4whatEv.str1.4
                0x0000000008004eec        0xf /opt/devkitpro/devkitARM/bin/../lib/gcc/arm-none-eabi/10.2.0/../../../../arm-none-eabi/lib/thumb/libstdc++.a(bad_alloc.o)
 *fill*         0x0000000008004efb        0x1 ff
 .rodata._ZTISt9bad_alloc
                0x0000000008004efc        0xc /opt/devkitpro/devkitARM/bin/../lib/gcc/arm-none-eabi/10.2.0/../../../../arm-none-eabi/lib/thumb/libstdc++.a(bad_alloc.o)
                0x0000000008004efc                typeinfo for std::bad_alloc
 .rodata._ZTSSt9bad_alloc
                0x0000000008004f08        0xd /opt/devkitpro/devkitARM/bin/../lib/gcc/arm-none-eabi/10.2.0/../../../../arm-none-eabi/lib/thumb/libstdc++.a(bad_alloc.o)
                0x0000000008004f08                typeinfo name for std::bad_alloc
 *fill*         0x0000000008004f15        0x3 ff
 .rodata._ZTVSt9bad_alloc
                0x0000000008004f18       0x14 /opt/devkitpro/devkitARM/bin/../lib/gcc/arm-none-eabi/10.2.0/../../../../arm-none-eabi/lib/thumb/libstdc++.a(bad_alloc.o)
                0x0000000008004f18                vtable for std::bad_alloc
 .rodata._ZNKSt13bad_exception4whatEv.str1.4
                0x0000000008004f2c       0x13 /opt/devkitpro/devkitARM/bin/../lib/gcc/arm-none-eabi/10.2.0/../../../../arm-none-eabi/lib/thumb/libstdc++.a(eh_exception.o)
 *fill*         0x0000000008004f3f        0x1 ff
 .rodata._ZTIN10__cxxabiv115__forced_unwindE
                0x0000000008004f40        0x8 /opt/devkitpro/devkitARM/bin/../lib/gcc/arm-none-eabi/10.2.0/../../../../arm-none-eabi/lib/thumb/libstdc++.a(eh_exception.o)
                0x0000000008004f40                typeinfo for __cxxabiv1::__forced_unwind
 .rodata._ZTIN10__cxxabiv119__foreign_exceptionE
                0x0000000008004f48        0x8 /opt/devkitpro/devkitARM/bin/../lib/gcc/arm-none-eabi/10.2.0/../../../../arm-none-eabi/lib/thumb/libstdc++.a(eh_exception.o)
                0x0000000008004f48                typeinfo for __cxxabiv1::__foreign_exception
 .rodata._ZTISt13bad_exception
                0x0000000008004f50        0xc /opt/devkitpro/devkitARM/bin/../lib/gcc/arm-none-eabi/10.2.0/../../../../arm-none-eabi/lib/thumb/libstdc++.a(eh_exception.o)
                0x0000000008004f50                typeinfo for std::bad_exception
 .rodata._ZTISt9exception
                0x0000000008004f5c        0x8 /opt/devkitpro/devkitARM/bin/../lib/gcc/arm-none-eabi/10.2.0/../../../../arm-none-eabi/lib/thumb/libstdc++.a(eh_exception.o)
                0x0000000008004f5c                typeinfo for std::exception
 .rodata._ZTSN10__cxxabiv115__forced_unwindE
                0x0000000008004f64       0x20 /opt/devkitpro/devkitARM/bin/../lib/gcc/arm-none-eabi/10.2.0/../../../../arm-none-eabi/lib/thumb/libstdc++.a(eh_exception.o)
                0x0000000008004f64                typeinfo name for __cxxabiv1::__forced_unwind
 .rodata._ZTSN10__cxxabiv119__foreign_exceptionE
                0x0000000008004f84       0x24 /opt/devkitpro/devkitARM/bin/../lib/gcc/arm-none-eabi/10.2.0/../../../../arm-none-eabi/lib/thumb/libstdc++.a(eh_exception.o)
                0x0000000008004f84                typeinfo name for __cxxabiv1::__foreign_exception
 .rodata._ZTSSt13bad_exception
                0x0000000008004fa8       0x12 /opt/devkitpro/devkitARM/bin/../lib/gcc/arm-none-eabi/10.2.0/../../../../arm-none-eabi/lib/thumb/libstdc++.a(eh_exception.o)
                0x0000000008004fa8                typeinfo name for std::bad_exception
 *fill*         0x0000000008004fba        0x2 ff
 .rodata._ZTSSt9exception
                0x0000000008004fbc        0xd /opt/devkitpro/devkitARM/bin/../lib/gcc/arm-none-eabi/10.2.0/../../../../arm-none-eabi/lib/thumb/libstdc++.a(eh_exception.o)
                0x0000000008004fbc                typeinfo name for std::exception
 *fill*         0x0000000008004fc9        0x3 ff
 .rodata._ZTVSt13bad_exception
                0x0000000008004fcc       0x14 /opt/devkitpro/devkitARM/bin/../lib/gcc/arm-none-eabi/10.2.0/../../../../arm-none-eabi/lib/thumb/libstdc++.a(eh_exception.o)
                0x0000000008004fcc                vtable for std::bad_exception
 .rodata._ZL28read_encoded_value_with_basehjPKhPj
                0x0000000008004fe0       0x34 /opt/devkitpro/devkitARM/bin/../lib/gcc/arm-none-eabi/10.2.0/../../../../arm-none-eabi/lib/thumb/libstdc++.a(eh_personality.o)
 .rodata._ZTIN10__cxxabiv120__si_class_type_infoE
                0x0000000008005014        0xc /opt/devkitpro/devkitARM/bin/../lib/gcc/arm-none-eabi/10.2.0/../../../../arm-none-eabi/lib/thumb/libstdc++.a(si_class_type_info.o)
                0x0000000008005014                typeinfo for __cxxabiv1::__si_class_type_info
 .rodata._ZTSN10__cxxabiv120__si_class_type_infoE
                0x0000000008005020       0x25 /opt/devkitpro/devkitARM/bin/../lib/gcc/arm-none-eabi/10.2.0/../../../../arm-none-eabi/lib/thumb/libstdc++.a(si_class_type_info.o)
                0x0000000008005020                typeinfo name for __cxxabiv1::__si_class_type_info
 *fill*         0x0000000008005045        0x3 ff
 .rodata._ZTVN10__cxxabiv120__si_class_type_infoE
                0x0000000008005048       0x2c /opt/devkitpro/devkitARM/bin/../lib/gcc/arm-none-eabi/10.2.0/../../../../arm-none-eabi/lib/thumb/libstdc++.a(si_class_type_info.o)
                0x0000000008005048                vtable for __cxxabiv1::__si_class_type_info
 .rodata._ZTISt9type_info
                0x0000000008005074        0x8 /opt/devkitpro/devkitARM/bin/../lib/gcc/arm-none-eabi/10.2.0/../../../../arm-none-eabi/lib/thumb/libstdc++.a(tinfo.o)
                0x0000000008005074                typeinfo for std::type_info
 .rodata._ZTSSt9type_info
                0x000000000800507c        0xd /opt/devkitpro/devkitARM/bin/../lib/gcc/arm-none-eabi/10.2.0/../../../../arm-none-eabi/lib/thumb/libstdc++.a(tinfo.o)
                0x000000000800507c                typeinfo name for std::type_info
 *fill*         0x0000000008005089        0x3 ff
 .rodata._ZTISt11logic_error
                0x000000000800508c        0xc /opt/devkitpro/devkitARM/bin/../lib/gcc/arm-none-eabi/10.2.0/../../../../arm-none-eabi/lib/thumb/libstdc++.a(stdexcept.o)
                0x000000000800508c                typeinfo for std::logic_error
 .rodata._ZTISt12length_error
                0x0000000008005098        0xc /opt/devkitpro/devkitARM/bin/../lib/gcc/arm-none-eabi/10.2.0/../../../../arm-none-eabi/lib/thumb/libstdc++.a(stdexcept.o)
                0x0000000008005098                typeinfo for std::length_error
 .rodata._ZTSSt11logic_error
                0x00000000080050a4       0x10 /opt/devkitpro/devkitARM/bin/../lib/gcc/arm-none-eabi/10.2.0/../../../../arm-none-eabi/lib/thumb/libstdc++.a(stdexcept.o)
                0x00000000080050a4                typeinfo name for std::logic_error
 .rodata._ZTSSt12length_error
                0x00000000080050b4       0x11 /opt/devkitpro/devkitARM/bin/../lib/gcc/arm-none-eabi/10.2.0/../../../../arm-none-eabi/lib/thumb/libstdc++.a(stdexcept.o)
                0x00000000080050b4                typeinfo name for std::length_error
 *fill*         0x00000000080050c5        0x3 ff
 .rodata._ZTVSt11logic_error
                0x00000000080050c8       0x14 /opt/devkitpro/devkitARM/bin/../lib/gcc/arm-none-eabi/10.2.0/../../../../arm-none-eabi/lib/thumb/libstdc++.a(stdexcept.o)
                0x00000000080050c8                vtable for std::logic_error
 .rodata._ZTVSt12length_error
                0x00000000080050dc       0x14 /opt/devkitpro/devkitARM/bin/../lib/gcc/arm-none-eabi/10.2.0/../../../../arm-none-eabi/lib/thumb/libstdc++.a(stdexcept.o)
                0x00000000080050dc                vtable for std::length_error
 .rodata._ZNSs4_Rep9_S_createEjjRKSaIcE.str1.4
                0x00000000080050f0       0x18 /opt/devkitpro/devkitARM/bin/../lib/gcc/arm-none-eabi/10.2.0/../../../../arm-none-eabi/lib/thumb/libstdc++.a(cow-string-inst.o)
 .rodata._ZNSs12_S_constructIPcEES0_T_S1_RKSaIcESt20forward_iterator_tag.str1.4
                0x0000000008005108       0x2a /opt/devkitpro/devkitARM/bin/../lib/gcc/arm-none-eabi/10.2.0/../../../../arm-none-eabi/lib/thumb/libstdc++.a(cow-string-inst.o)
 *fill*         0x0000000008005132        0x2 ff
 .rodata._ZTIN10__cxxabiv117__class_type_infoE
                0x0000000008005134        0xc /opt/devkitpro/devkitARM/bin/../lib/gcc/arm-none-eabi/10.2.0/../../../../arm-none-eabi/lib/thumb/libstdc++.a(class_type_info.o)
                0x0000000008005134                typeinfo for __cxxabiv1::__class_type_info
 .rodata._ZTSN10__cxxabiv117__class_type_infoE
                0x0000000008005140       0x22 /opt/devkitpro/devkitARM/bin/../lib/gcc/arm-none-eabi/10.2.0/../../../../arm-none-eabi/lib/thumb/libstdc++.a(class_type_info.o)
                0x0000000008005140                typeinfo name for __cxxabiv1::__class_type_info
 *fill*         0x0000000008005162        0x2 ff
 .rodata._ZTVN10__cxxabiv117__class_type_infoE
                0x0000000008005164       0x2c /opt/devkitpro/devkitARM/bin/../lib/gcc/arm-none-eabi/10.2.0/../../../../arm-none-eabi/lib/thumb/libstdc++.a(class_type_info.o)
                0x0000000008005164                vtable for __cxxabiv1::__class_type_info
 *(.gnu.linkonce.r*)
                0x0000000008005190                . = ALIGN (0x4)

.ARM.extab      0x0000000008005190      0x128
 *(.ARM.extab* .gnu.linkonce.armextab.*)
 .ARM.extab.text.unlikely._ZSt19__throw_logic_errorPKc
                0x0000000008005190       0x14 /opt/devkitpro/devkitARM/bin/../lib/gcc/arm-none-eabi/10.2.0/../../../../arm-none-eabi/lib/thumb/libstdc++.a(functexcept.o)
 .ARM.extab.text.unlikely._ZSt20__throw_length_errorPKc
                0x00000000080051a4       0x14 /opt/devkitpro/devkitARM/bin/../lib/gcc/arm-none-eabi/10.2.0/../../../../arm-none-eabi/lib/thumb/libstdc++.a(functexcept.o)
 .ARM.extab.text.__cxa_type_match
                0x00000000080051b8        0xc /opt/devkitpro/devkitARM/bin/../lib/gcc/arm-none-eabi/10.2.0/../../../../arm-none-eabi/lib/thumb/libstdc++.a(eh_arm.o)
 .ARM.extab.text._ZL28read_encoded_value_with_basehjPKhPj
                0x00000000080051c4        0xc /opt/devkitpro/devkitARM/bin/../lib/gcc/arm-none-eabi/10.2.0/../../../../arm-none-eabi/lib/thumb/libstdc++.a(eh_personality.o)
 .ARM.extab.text.__gxx_personality_v0
                0x00000000080051d0       0x28 /opt/devkitpro/devkitARM/bin/../lib/gcc/arm-none-eabi/10.2.0/../../../../arm-none-eabi/lib/thumb/libstdc++.a(eh_personality.o)
 .ARM.extab.text._ZN10__cxxabiv111__terminateEPFvvE
                0x00000000080051f8       0x28 /opt/devkitpro/devkitARM/bin/../lib/gcc/arm-none-eabi/10.2.0/../../../../arm-none-eabi/lib/thumb/libstdc++.a(eh_terminate.o)
 .ARM.extab.text._ZNK10__cxxabiv120__si_class_type_info12__do_dyncastEiNS_17__class_type_info10__sub_kindEPKS1_PKvS4_S6_RNS1_16__dyncast_resultE
                0x0000000008005220        0xc /opt/devkitpro/devkitARM/bin/../lib/gcc/arm-none-eabi/10.2.0/../../../../arm-none-eabi/lib/thumb/libstdc++.a(si_class_type_info.o)
 .ARM.extab.text._ZNSt11logic_errorC2EPKc
                0x000000000800522c       0x14 /opt/devkitpro/devkitARM/bin/../lib/gcc/arm-none-eabi/10.2.0/../../../../arm-none-eabi/lib/thumb/libstdc++.a(cow-stdexcept.o)
 .ARM.extab.text._ZNSt12length_errorC2EPKc
                0x0000000008005240       0x14 /opt/devkitpro/devkitARM/bin/../lib/gcc/arm-none-eabi/10.2.0/../../../../arm-none-eabi/lib/thumb/libstdc++.a(cow-stdexcept.o)
 .ARM.extab.text._ZNSs4_Rep9_S_createEjjRKSaIcE
                0x0000000008005254        0x0 /opt/devkitpro/devkitARM/bin/../lib/gcc/arm-none-eabi/10.2.0/../../../../arm-none-eabi/lib/thumb/libstdc++.a(cow-string-inst.o)
 .ARM.extab.text._ZNSs4_Rep10_M_destroyERKSaIcE
                0x0000000008005254        0x0 /opt/devkitpro/devkitARM/bin/../lib/gcc/arm-none-eabi/10.2.0/../../../../arm-none-eabi/lib/thumb/libstdc++.a(cow-string-inst.o)
 .ARM.extab.text._ZNSs12_S_constructIPKcEEPcT_S3_RKSaIcESt20forward_iterator_tag
                0x0000000008005254        0x0 /opt/devkitpro/devkitARM/bin/../lib/gcc/arm-none-eabi/10.2.0/../../../../arm-none-eabi/lib/thumb/libstdc++.a(cow-string-inst.o)
 .ARM.extab.text._ZNSsC2EPKcRKSaIcE
                0x0000000008005254        0x0 /opt/devkitpro/devkitARM/bin/../lib/gcc/arm-none-eabi/10.2.0/../../../../arm-none-eabi/lib/thumb/libstdc++.a(cow-string-inst.o)
 .ARM.extab.text.unlikely.__cxa_call_unexpected
                0x0000000008005254       0x28 /opt/devkitpro/devkitARM/bin/../lib/gcc/arm-none-eabi/10.2.0/../../../../arm-none-eabi/lib/thumb/libstdc++.a(eh_call.o)
 .ARM.extab.text.__cxa_begin_catch
                0x000000000800527c        0xc /opt/devkitpro/devkitARM/bin/../lib/gcc/arm-none-eabi/10.2.0/../../../../arm-none-eabi/lib/thumb/libstdc++.a(eh_catch.o)
 .ARM.extab.text.unwind_phase2_forced
                0x0000000008005288        0xc /opt/devkitpro/devkitARM/bin/../lib/gcc/arm-none-eabi/10.2.0/thumb/libgcc.a(unwind-arm.o)
 .ARM.extab.text.__gnu_unwind_pr_common
                0x0000000008005294        0xc /opt/devkitpro/devkitARM/bin/../lib/gcc/arm-none-eabi/10.2.0/thumb/libgcc.a(unwind-arm.o)
 .ARM.extab.text._Unwind_VRS_Pop
                0x00000000080052a0        0xc /opt/devkitpro/devkitARM/bin/../lib/gcc/arm-none-eabi/10.2.0/thumb/libgcc.a(unwind-arm.o)
 .ARM.extab.text.__gnu_unwind_execute
                0x00000000080052ac        0xc /opt/devkitpro/devkitARM/bin/../lib/gcc/arm-none-eabi/10.2.0/thumb/libgcc.a(pr-support.o)
                0x00000000080052b8                __exidx_start = .

.ARM.exidx      0x00000000080052b8      0x208
 *(.ARM.exidx* .gnu.linkonce.armexidx.*)
 .ARM.exidx.text._ZdlPvj
                0x00000000080052b8        0x8 /opt/devkitpro/devkitARM/bin/../lib/gcc/arm-none-eabi/10.2.0/../../../../arm-none-eabi/lib/thumb/libstdc++.a(del_ops.o)
 .ARM.exidx.text._Znwj
                0x00000000080052c0        0x8 /opt/devkitpro/devkitARM/bin/../lib/gcc/arm-none-eabi/10.2.0/../../../../arm-none-eabi/lib/thumb/libstdc++.a(new_op.o)
 .ARM.exidx.text._ZSt18_Rb_tree_decrementPSt18_Rb_tree_node_base
                0x00000000080052c8        0x8 /opt/devkitpro/devkitARM/bin/../lib/gcc/arm-none-eabi/10.2.0/../../../../arm-none-eabi/lib/thumb/libstdc++.a(tree.o)
 .ARM.exidx.text._ZSt29_Rb_tree_insert_and_rebalancebPSt18_Rb_tree_node_baseS0_RS_
                0x00000000080052d0        0x0 /opt/devkitpro/devkitARM/bin/../lib/gcc/arm-none-eabi/10.2.0/../../../../arm-none-eabi/lib/thumb/libstdc++.a(tree.o)
                                          0x8 (size before relaxing)
 .ARM.exidx.text.unlikely._ZSt17__throw_bad_allocv
                0x00000000080052d0        0x8 /opt/devkitpro/devkitARM/bin/../lib/gcc/arm-none-eabi/10.2.0/../../../../arm-none-eabi/lib/thumb/libstdc++.a(functexcept.o)
 .ARM.exidx.text.unlikely._ZSt19__throw_logic_errorPKc
                0x00000000080052d8        0x8 /opt/devkitpro/devkitARM/bin/../lib/gcc/arm-none-eabi/10.2.0/../../../../arm-none-eabi/lib/thumb/libstdc++.a(functexcept.o)
 .ARM.exidx.text.unlikely._ZSt20__throw_length_errorPKc
                0x00000000080052e0        0x8 /opt/devkitpro/devkitARM/bin/../lib/gcc/arm-none-eabi/10.2.0/../../../../arm-none-eabi/lib/thumb/libstdc++.a(functexcept.o)
 .ARM.exidx.text._ZNKSt17bad_function_call4whatEv
                0x00000000080052e8        0x8 /opt/devkitpro/devkitARM/bin/../lib/gcc/arm-none-eabi/10.2.0/../../../../arm-none-eabi/lib/thumb/libstdc++.a(functional.o)
 .ARM.exidx.text._ZNSt17bad_function_callD2Ev
                0x00000000080052f0        0x0 /opt/devkitpro/devkitARM/bin/../lib/gcc/arm-none-eabi/10.2.0/../../../../arm-none-eabi/lib/thumb/libstdc++.a(functional.o)
                                          0x8 (size before relaxing)
 .ARM.exidx.text._ZNSt17bad_function_callD0Ev
                0x00000000080052f0        0x0 /opt/devkitpro/devkitARM/bin/../lib/gcc/arm-none-eabi/10.2.0/../../../../arm-none-eabi/lib/thumb/libstdc++.a(functional.o)
                                          0x8 (size before relaxing)
 .ARM.exidx.text.unlikely._ZSt25__throw_bad_function_callv
                0x00000000080052f0        0x8 /opt/devkitpro/devkitARM/bin/../lib/gcc/arm-none-eabi/10.2.0/../../../../arm-none-eabi/lib/thumb/libstdc++.a(functional.o)
 .ARM.exidx.text._ZNKSt9bad_alloc4whatEv
                0x00000000080052f8        0x8 /opt/devkitpro/devkitARM/bin/../lib/gcc/arm-none-eabi/10.2.0/../../../../arm-none-eabi/lib/thumb/libstdc++.a(bad_alloc.o)
 .ARM.exidx.text._ZNSt9bad_allocD2Ev
                0x0000000008005300        0x0 /opt/devkitpro/devkitARM/bin/../lib/gcc/arm-none-eabi/10.2.0/../../../../arm-none-eabi/lib/thumb/libstdc++.a(bad_alloc.o)
                                          0x8 (size before relaxing)
 .ARM.exidx.text._ZNSt9bad_allocD0Ev
                0x0000000008005300        0x0 /opt/devkitpro/devkitARM/bin/../lib/gcc/arm-none-eabi/10.2.0/../../../../arm-none-eabi/lib/thumb/libstdc++.a(bad_alloc.o)
                                          0x8 (size before relaxing)
 .ARM.exidx.text._ZdlPv
                0x0000000008005300        0x0 /opt/devkitpro/devkitARM/bin/../lib/gcc/arm-none-eabi/10.2.0/../../../../arm-none-eabi/lib/thumb/libstdc++.a(del_op.o)
                                          0x8 (size before relaxing)
 .ARM.exidx.text._ZN12_GLOBAL__N_14pool4freeEPv.constprop.0
                0x0000000008005300        0x0 /opt/devkitpro/devkitARM/bin/../lib/gcc/arm-none-eabi/10.2.0/../../../../arm-none-eabi/lib/thumb/libstdc++.a(eh_alloc.o)
                                          0x8 (size before relaxing)
 .ARM.exidx.text._ZN12_GLOBAL__N_14pool8allocateEj.constprop.0
                0x0000000008005300        0x0 /opt/devkitpro/devkitARM/bin/../lib/gcc/arm-none-eabi/10.2.0/../../../../arm-none-eabi/lib/thumb/libstdc++.a(eh_alloc.o)
                                          0x8 (size before relaxing)
 .ARM.exidx.text.__cxa_allocate_exception
                0x0000000008005300        0x0 /opt/devkitpro/devkitARM/bin/../lib/gcc/arm-none-eabi/10.2.0/../../../../arm-none-eabi/lib/thumb/libstdc++.a(eh_alloc.o)
                                          0x8 (size before relaxing)
 .ARM.exidx.text.__cxa_free_exception
                0x0000000008005300        0x0 /opt/devkitpro/devkitARM/bin/../lib/gcc/arm-none-eabi/10.2.0/../../../../arm-none-eabi/lib/thumb/libstdc++.a(eh_alloc.o)
                                          0x8 (size before relaxing)
 .ARM.exidx.text.startup._GLOBAL__sub_I__ZN9__gnu_cxx9__freeresEv
                0x0000000008005300        0x0 /opt/devkitpro/devkitARM/bin/../lib/gcc/arm-none-eabi/10.2.0/../../../../arm-none-eabi/lib/thumb/libstdc++.a(eh_alloc.o)
                                          0x8 (size before relaxing)
 .ARM.exidx.text.__cxa_type_match
                0x0000000008005300        0x8 /opt/devkitpro/devkitARM/bin/../lib/gcc/arm-none-eabi/10.2.0/../../../../arm-none-eabi/lib/thumb/libstdc++.a(eh_arm.o)
 .ARM.exidx.text.__cxa_begin_cleanup
                0x0000000008005308        0x8 /opt/devkitpro/devkitARM/bin/../lib/gcc/arm-none-eabi/10.2.0/../../../../arm-none-eabi/lib/thumb/libstdc++.a(eh_arm.o)
 .ARM.exidx.text.__gnu_end_cleanup
                0x0000000008005310        0x0 /opt/devkitpro/devkitARM/bin/../lib/gcc/arm-none-eabi/10.2.0/../../../../arm-none-eabi/lib/thumb/libstdc++.a(eh_arm.o)
                                          0x8 (size before relaxing)
 .ARM.exidx.text._ZNSt9exceptionD2Ev
                0x0000000008005310        0x0 /opt/devkitpro/devkitARM/bin/../lib/gcc/arm-none-eabi/10.2.0/../../../../arm-none-eabi/lib/thumb/libstdc++.a(eh_exception.o)
                                          0x8 (size before relaxing)
 .ARM.exidx.text._ZNSt13bad_exceptionD2Ev
                0x0000000008005310        0x0 /opt/devkitpro/devkitARM/bin/../lib/gcc/arm-none-eabi/10.2.0/../../../../arm-none-eabi/lib/thumb/libstdc++.a(eh_exception.o)
                                          0x8 (size before relaxing)
 .ARM.exidx.text._ZNKSt13bad_exception4whatEv
                0x0000000008005310        0x0 /opt/devkitpro/devkitARM/bin/../lib/gcc/arm-none-eabi/10.2.0/../../../../arm-none-eabi/lib/thumb/libstdc++.a(eh_exception.o)
                                          0x8 (size before relaxing)
 .ARM.exidx.text._ZNSt13bad_exceptionD0Ev
                0x0000000008005310        0x0 /opt/devkitpro/devkitARM/bin/../lib/gcc/arm-none-eabi/10.2.0/../../../../arm-none-eabi/lib/thumb/libstdc++.a(eh_exception.o)
                                          0x8 (size before relaxing)
 .ARM.exidx.text.__cxa_get_globals_fast
                0x0000000008005310        0x0 /opt/devkitpro/devkitARM/bin/../lib/gcc/arm-none-eabi/10.2.0/../../../../arm-none-eabi/lib/thumb/libstdc++.a(eh_globals.o)
                                          0x8 (size before relaxing)
 .ARM.exidx.text.__cxa_get_globals
                0x0000000008005310        0x0 /opt/devkitpro/devkitARM/bin/../lib/gcc/arm-none-eabi/10.2.0/../../../../arm-none-eabi/lib/thumb/libstdc++.a(eh_globals.o)
                                          0x8 (size before relaxing)
 .ARM.exidx.text._ZL28read_encoded_value_with_basehjPKhPj
                0x0000000008005310        0x8 /opt/devkitpro/devkitARM/bin/../lib/gcc/arm-none-eabi/10.2.0/../../../../arm-none-eabi/lib/thumb/libstdc++.a(eh_personality.o)
 .ARM.exidx.text._ZL21base_of_encoded_valuehP15_Unwind_Context
                0x0000000008005318        0x8 /opt/devkitpro/devkitARM/bin/../lib/gcc/arm-none-eabi/10.2.0/../../../../arm-none-eabi/lib/thumb/libstdc++.a(eh_personality.o)
 .ARM.exidx.text._ZL17parse_lsda_headerP15_Unwind_ContextPKhP16lsda_header_info
                0x0000000008005320        0x8 /opt/devkitpro/devkitARM/bin/../lib/gcc/arm-none-eabi/10.2.0/../../../../arm-none-eabi/lib/thumb/libstdc++.a(eh_personality.o)
 .ARM.exidx.text.__gxx_personality_v0
                0x0000000008005328        0x8 /opt/devkitpro/devkitARM/bin/../lib/gcc/arm-none-eabi/10.2.0/../../../../arm-none-eabi/lib/thumb/libstdc++.a(eh_personality.o)
 .ARM.exidx.text._ZN10__cxxabiv111__terminateEPFvvE
                0x0000000008005330        0x8 /opt/devkitpro/devkitARM/bin/../lib/gcc/arm-none-eabi/10.2.0/../../../../arm-none-eabi/lib/thumb/libstdc++.a(eh_terminate.o)
 .ARM.exidx.text._ZSt9terminatev
                0x0000000008005338        0x8 /opt/devkitpro/devkitARM/bin/../lib/gcc/arm-none-eabi/10.2.0/../../../../arm-none-eabi/lib/thumb/libstdc++.a(eh_terminate.o)
 .ARM.exidx.text._ZN10__cxxabiv112__unexpectedEPFvvE
                0x0000000008005340        0x8 /opt/devkitpro/devkitARM/bin/../lib/gcc/arm-none-eabi/10.2.0/../../../../arm-none-eabi/lib/thumb/libstdc++.a(eh_terminate.o)
 .ARM.exidx.text._ZSt10unexpectedv
                0x0000000008005348        0x0 /opt/devkitpro/devkitARM/bin/../lib/gcc/arm-none-eabi/10.2.0/../../../../arm-none-eabi/lib/thumb/libstdc++.a(eh_terminate.o)
                                          0x8 (size before relaxing)
 .ARM.exidx.text._ZSt13get_terminatev
                0x0000000008005348        0x8 /opt/devkitpro/devkitARM/bin/../lib/gcc/arm-none-eabi/10.2.0/../../../../arm-none-eabi/lib/thumb/libstdc++.a(eh_terminate.o)
 .ARM.exidx.text._ZSt14get_unexpectedv
                0x0000000008005350        0x0 /opt/devkitpro/devkitARM/bin/../lib/gcc/arm-none-eabi/10.2.0/../../../../arm-none-eabi/lib/thumb/libstdc++.a(eh_terminate.o)
                                          0x8 (size before relaxing)
 .ARM.exidx.text._ZL23__gxx_exception_cleanup19_Unwind_Reason_CodeP21_Unwind_Control_Block
                0x0000000008005350        0x8 /opt/devkitpro/devkitARM/bin/../lib/gcc/arm-none-eabi/10.2.0/../../../../arm-none-eabi/lib/thumb/libstdc++.a(eh_throw.o)
 .ARM.exidx.text.__cxa_init_primary_exception
                0x0000000008005358        0x8 /opt/devkitpro/devkitARM/bin/../lib/gcc/arm-none-eabi/10.2.0/../../../../arm-none-eabi/lib/thumb/libstdc++.a(eh_throw.o)
 .ARM.exidx.text.__cxa_throw
                0x0000000008005360        0x8 /opt/devkitpro/devkitARM/bin/../lib/gcc/arm-none-eabi/10.2.0/../../../../arm-none-eabi/lib/thumb/libstdc++.a(eh_throw.o)
 .ARM.exidx.text.__cxa_rethrow
                0x0000000008005368        0x8 /opt/devkitpro/devkitARM/bin/../lib/gcc/arm-none-eabi/10.2.0/../../../../arm-none-eabi/lib/thumb/libstdc++.a(eh_throw.o)
 .ARM.exidx.text._ZSt15get_new_handlerv
                0x0000000008005370        0x8 /opt/devkitpro/devkitARM/bin/../lib/gcc/arm-none-eabi/10.2.0/../../../../arm-none-eabi/lib/thumb/libstdc++.a(new_handler.o)
 .ARM.exidx.text._ZN10__cxxabiv120__si_class_type_infoD2Ev
                0x0000000008005378        0x0 /opt/devkitpro/devkitARM/bin/../lib/gcc/arm-none-eabi/10.2.0/../../../../arm-none-eabi/lib/thumb/libstdc++.a(si_class_type_info.o)
                                          0x8 (size before relaxing)
 .ARM.exidx.text._ZN10__cxxabiv120__si_class_type_infoD0Ev
                0x0000000008005378        0x0 /opt/devkitpro/devkitARM/bin/../lib/gcc/arm-none-eabi/10.2.0/../../../../arm-none-eabi/lib/thumb/libstdc++.a(si_class_type_info.o)
                                          0x8 (size before relaxing)
 .ARM.exidx.text._ZNK10__cxxabiv120__si_class_type_info20__do_find_public_srcEiPKvPKNS_17__class_type_infoES2_
                0x0000000008005378        0x8 /opt/devkitpro/devkitARM/bin/../lib/gcc/arm-none-eabi/10.2.0/../../../../arm-none-eabi/lib/thumb/libstdc++.a(si_class_type_info.o)
 .ARM.exidx.text._ZNK10__cxxabiv120__si_class_type_info12__do_dyncastEiNS_17__class_type_info10__sub_kindEPKS1_PKvS4_S6_RNS1_16__dyncast_resultE
                0x0000000008005380        0x8 /opt/devkitpro/devkitARM/bin/../lib/gcc/arm-none-eabi/10.2.0/../../../../arm-none-eabi/lib/thumb/libstdc++.a(si_class_type_info.o)
 .ARM.exidx.text._ZNK10__cxxabiv120__si_class_type_info11__do_upcastEPKNS_17__class_type_infoEPKvRNS1_15__upcast_resultE
                0x0000000008005388        0x8 /opt/devkitpro/devkitARM/bin/../lib/gcc/arm-none-eabi/10.2.0/../../../../arm-none-eabi/lib/thumb/libstdc++.a(si_class_type_info.o)
 .ARM.exidx.text._ZNSt9type_infoD2Ev
                0x0000000008005390        0x8 /opt/devkitpro/devkitARM/bin/../lib/gcc/arm-none-eabi/10.2.0/../../../../arm-none-eabi/lib/thumb/libstdc++.a(tinfo.o)
 .ARM.exidx.text._ZNKSt9type_info14__is_pointer_pEv
                0x0000000008005398        0x0 /opt/devkitpro/devkitARM/bin/../lib/gcc/arm-none-eabi/10.2.0/../../../../arm-none-eabi/lib/thumb/libstdc++.a(tinfo.o)
                                          0x8 (size before relaxing)
 .ARM.exidx.text._ZNKSt9type_infoeqERKS_
                0x0000000008005398        0x0 /opt/devkitpro/devkitARM/bin/../lib/gcc/arm-none-eabi/10.2.0/../../../../arm-none-eabi/lib/thumb/libstdc++.a(tinfo.o)
                                          0x8 (size before relaxing)
 .ARM.exidx.text._ZNKSt11logic_error4whatEv
                0x0000000008005398        0x0 /opt/devkitpro/devkitARM/bin/../lib/gcc/arm-none-eabi/10.2.0/../../../../arm-none-eabi/lib/thumb/libstdc++.a(stdexcept.o)
                                          0x8 (size before relaxing)
 .ARM.exidx.text._ZNSt11logic_errorD2Ev
                0x0000000008005398        0x0 /opt/devkitpro/devkitARM/bin/../lib/gcc/arm-none-eabi/10.2.0/../../../../arm-none-eabi/lib/thumb/libstdc++.a(stdexcept.o)
                                          0x8 (size before relaxing)
 .ARM.exidx.text._ZNSt12length_errorD2Ev
                0x0000000008005398        0x0 /opt/devkitpro/devkitARM/bin/../lib/gcc/arm-none-eabi/10.2.0/../../../../arm-none-eabi/lib/thumb/libstdc++.a(stdexcept.o)
                                          0x8 (size before relaxing)
 .ARM.exidx.text._ZNSt11logic_errorD0Ev
                0x0000000008005398        0x0 /opt/devkitpro/devkitARM/bin/../lib/gcc/arm-none-eabi/10.2.0/../../../../arm-none-eabi/lib/thumb/libstdc++.a(stdexcept.o)
                                          0x8 (size before relaxing)
 .ARM.exidx.text._ZNSt12length_errorD0Ev
                0x0000000008005398        0x0 /opt/devkitpro/devkitARM/bin/../lib/gcc/arm-none-eabi/10.2.0/../../../../arm-none-eabi/lib/thumb/libstdc++.a(stdexcept.o)
                                          0x8 (size before relaxing)
 .ARM.exidx.text._ZNSt11logic_errorC2EPKc
                0x0000000008005398        0x8 /opt/devkitpro/devkitARM/bin/../lib/gcc/arm-none-eabi/10.2.0/../../../../arm-none-eabi/lib/thumb/libstdc++.a(cow-stdexcept.o)
 .ARM.exidx.text._ZNSt12length_errorC2EPKc
                0x00000000080053a0        0x8 /opt/devkitpro/devkitARM/bin/../lib/gcc/arm-none-eabi/10.2.0/../../../../arm-none-eabi/lib/thumb/libstdc++.a(cow-stdexcept.o)
 .ARM.exidx.text._ZNSs4_Rep9_S_createEjjRKSaIcE
                0x00000000080053a8        0x8 /opt/devkitpro/devkitARM/bin/../lib/gcc/arm-none-eabi/10.2.0/../../../../arm-none-eabi/lib/thumb/libstdc++.a(cow-string-inst.o)
 .ARM.exidx.text._ZNSs4_Rep10_M_destroyERKSaIcE
                0x00000000080053b0        0x8 /opt/devkitpro/devkitARM/bin/../lib/gcc/arm-none-eabi/10.2.0/../../../../arm-none-eabi/lib/thumb/libstdc++.a(cow-string-inst.o)
 .ARM.exidx.text._ZNSs12_S_constructIPKcEEPcT_S3_RKSaIcESt20forward_iterator_tag
                0x00000000080053b8        0x8 /opt/devkitpro/devkitARM/bin/../lib/gcc/arm-none-eabi/10.2.0/../../../../arm-none-eabi/lib/thumb/libstdc++.a(cow-string-inst.o)
 .ARM.exidx.text._ZNSsC2EPKcRKSaIcE
                0x00000000080053c0        0x8 /opt/devkitpro/devkitARM/bin/../lib/gcc/arm-none-eabi/10.2.0/../../../../arm-none-eabi/lib/thumb/libstdc++.a(cow-string-inst.o)
 .ARM.exidx.text._ZNK10__cxxabiv117__class_type_info11__do_upcastEPKS0_PPv
                0x00000000080053c8        0x8 /opt/devkitpro/devkitARM/bin/../lib/gcc/arm-none-eabi/10.2.0/../../../../arm-none-eabi/lib/thumb/libstdc++.a(class_type_info.o)
 .ARM.exidx.text._ZNK10__cxxabiv117__class_type_info20__do_find_public_srcEiPKvPKS0_S2_
                0x00000000080053d0        0x8 /opt/devkitpro/devkitARM/bin/../lib/gcc/arm-none-eabi/10.2.0/../../../../arm-none-eabi/lib/thumb/libstdc++.a(class_type_info.o)
 .ARM.exidx.text._ZN10__cxxabiv117__class_type_infoD2Ev
                0x00000000080053d8        0x0 /opt/devkitpro/devkitARM/bin/../lib/gcc/arm-none-eabi/10.2.0/../../../../arm-none-eabi/lib/thumb/libstdc++.a(class_type_info.o)
                                          0x8 (size before relaxing)
 .ARM.exidx.text._ZN10__cxxabiv117__class_type_infoD0Ev
                0x00000000080053d8        0x0 /opt/devkitpro/devkitARM/bin/../lib/gcc/arm-none-eabi/10.2.0/../../../../arm-none-eabi/lib/thumb/libstdc++.a(class_type_info.o)
                                          0x8 (size before relaxing)
 .ARM.exidx.text._ZNK10__cxxabiv117__class_type_info12__do_dyncastEiNS0_10__sub_kindEPKS0_PKvS3_S5_RNS0_16__dyncast_resultE
                0x00000000080053d8        0x0 /opt/devkitpro/devkitARM/bin/../lib/gcc/arm-none-eabi/10.2.0/../../../../arm-none-eabi/lib/thumb/libstdc++.a(class_type_info.o)
                                          0x8 (size before relaxing)
 .ARM.exidx.text._ZNK10__cxxabiv117__class_type_info11__do_upcastEPKS0_PKvRNS0_15__upcast_resultE
                0x00000000080053d8        0x0 /opt/devkitpro/devkitARM/bin/../lib/gcc/arm-none-eabi/10.2.0/../../../../arm-none-eabi/lib/thumb/libstdc++.a(class_type_info.o)
                                          0x8 (size before relaxing)
 .ARM.exidx.text._ZNK10__cxxabiv117__class_type_info10__do_catchEPKSt9type_infoPPvj
                0x00000000080053d8        0x8 /opt/devkitpro/devkitARM/bin/../lib/gcc/arm-none-eabi/10.2.0/../../../../arm-none-eabi/lib/thumb/libstdc++.a(class_type_info.o)
 .ARM.exidx.text._ZN10__cxxabiv1L24__is_gxx_exception_classEPc
                0x00000000080053e0        0x8 /opt/devkitpro/devkitARM/bin/../lib/gcc/arm-none-eabi/10.2.0/../../../../arm-none-eabi/lib/thumb/libstdc++.a(eh_call.o)
 .ARM.exidx.text.__cxa_call_terminate
                0x00000000080053e8        0x0 /opt/devkitpro/devkitARM/bin/../lib/gcc/arm-none-eabi/10.2.0/../../../../arm-none-eabi/lib/thumb/libstdc++.a(eh_call.o)
                                          0x8 (size before relaxing)
 .ARM.exidx.text.unlikely.__cxa_call_unexpected
                0x00000000080053e8        0x8 /opt/devkitpro/devkitARM/bin/../lib/gcc/arm-none-eabi/10.2.0/../../../../arm-none-eabi/lib/thumb/libstdc++.a(eh_call.o)
 .ARM.exidx.text.__cxa_begin_catch
                0x00000000080053f0        0x8 /opt/devkitpro/devkitARM/bin/../lib/gcc/arm-none-eabi/10.2.0/../../../../arm-none-eabi/lib/thumb/libstdc++.a(eh_catch.o)
 .ARM.exidx.text.__cxa_end_catch
                0x00000000080053f8        0x8 /opt/devkitpro/devkitARM/bin/../lib/gcc/arm-none-eabi/10.2.0/../../../../arm-none-eabi/lib/thumb/libstdc++.a(eh_catch.o)
 .ARM.exidx.text.selfrel_offset31
                0x0000000008005400        0x8 /opt/devkitpro/devkitARM/bin/../lib/gcc/arm-none-eabi/10.2.0/thumb/libgcc.a(unwind-arm.o)
 .ARM.exidx.text.search_EIT_table
                0x0000000008005408        0x0 /opt/devkitpro/devkitARM/bin/../lib/gcc/arm-none-eabi/10.2.0/thumb/libgcc.a(unwind-arm.o)
                                          0x8 (size before relaxing)
 .ARM.exidx.text.__gnu_unwind_get_pr_addr
                0x0000000008005408        0x0 /opt/devkitpro/devkitARM/bin/../lib/gcc/arm-none-eabi/10.2.0/thumb/libgcc.a(unwind-arm.o)
                                          0x8 (size before relaxing)
 .ARM.exidx.text.get_eit_entry
                0x0000000008005408        0x8 /opt/devkitpro/devkitARM/bin/../lib/gcc/arm-none-eabi/10.2.0/thumb/libgcc.a(unwind-arm.o)
 .ARM.exidx.text.restore_non_core_regs
                0x0000000008005410        0x8 /opt/devkitpro/devkitARM/bin/../lib/gcc/arm-none-eabi/10.2.0/thumb/libgcc.a(unwind-arm.o)
 .ARM.exidx.text._Unwind_decode_typeinfo_ptr.constprop.0
                0x0000000008005418        0x8 /opt/devkitpro/devkitARM/bin/../lib/gcc/arm-none-eabi/10.2.0/thumb/libgcc.a(unwind-arm.o)
 .ARM.exidx.text._Unwind_DebugHook
                0x0000000008005420        0x0 /opt/devkitpro/devkitARM/bin/../lib/gcc/arm-none-eabi/10.2.0/thumb/libgcc.a(unwind-arm.o)
                                          0x8 (size before relaxing)
 .ARM.exidx.text.unwind_phase2
                0x0000000008005420        0x8 /opt/devkitpro/devkitARM/bin/../lib/gcc/arm-none-eabi/10.2.0/thumb/libgcc.a(unwind-arm.o)
 .ARM.exidx.text.unwind_phase2_forced
                0x0000000008005428        0x8 /opt/devkitpro/devkitARM/bin/../lib/gcc/arm-none-eabi/10.2.0/thumb/libgcc.a(unwind-arm.o)
 .ARM.exidx.text.__gnu_Unwind_RaiseException
                0x0000000008005430        0x8 /opt/devkitpro/devkitARM/bin/../lib/gcc/arm-none-eabi/10.2.0/thumb/libgcc.a(unwind-arm.o)
 .ARM.exidx.text.__gnu_Unwind_ForcedUnwind
                0x0000000008005438        0x8 /opt/devkitpro/devkitARM/bin/../lib/gcc/arm-none-eabi/10.2.0/thumb/libgcc.a(unwind-arm.o)
 .ARM.exidx.text.__gnu_Unwind_Resume
                0x0000000008005440        0x8 /opt/devkitpro/devkitARM/bin/../lib/gcc/arm-none-eabi/10.2.0/thumb/libgcc.a(unwind-arm.o)
 .ARM.exidx.text.__gnu_Unwind_Resume_or_Rethrow
                0x0000000008005448        0x8 /opt/devkitpro/devkitARM/bin/../lib/gcc/arm-none-eabi/10.2.0/thumb/libgcc.a(unwind-arm.o)
 .ARM.exidx.text._Unwind_Complete
                0x0000000008005450        0x8 /opt/devkitpro/devkitARM/bin/../lib/gcc/arm-none-eabi/10.2.0/thumb/libgcc.a(unwind-arm.o)
 .ARM.exidx.text._Unwind_DeleteException
                0x0000000008005458        0x8 /opt/devkitpro/devkitARM/bin/../lib/gcc/arm-none-eabi/10.2.0/thumb/libgcc.a(unwind-arm.o)
 .ARM.exidx.text._Unwind_VRS_Get
                0x0000000008005460        0x8 /opt/devkitpro/devkitARM/bin/../lib/gcc/arm-none-eabi/10.2.0/thumb/libgcc.a(unwind-arm.o)
 .ARM.exidx.text._Unwind_GetGR
                0x0000000008005468        0x0 /opt/devkitpro/devkitARM/bin/../lib/gcc/arm-none-eabi/10.2.0/thumb/libgcc.a(unwind-arm.o)
                                          0x8 (size before relaxing)
 .ARM.exidx.text._Unwind_VRS_Set
                0x0000000008005468        0x0 /opt/devkitpro/devkitARM/bin/../lib/gcc/arm-none-eabi/10.2.0/thumb/libgcc.a(unwind-arm.o)
                                          0x8 (size before relaxing)
 .ARM.exidx.text._Unwind_SetGR
                0x0000000008005468        0x0 /opt/devkitpro/devkitARM/bin/../lib/gcc/arm-none-eabi/10.2.0/thumb/libgcc.a(unwind-arm.o)
                                          0x8 (size before relaxing)
 .ARM.exidx.text.__gnu_Unwind_Backtrace
                0x0000000008005468        0x8 /opt/devkitpro/devkitARM/bin/../lib/gcc/arm-none-eabi/10.2.0/thumb/libgcc.a(unwind-arm.o)
 .ARM.exidx.text.__gnu_unwind_pr_common
                0x0000000008005470        0x8 /opt/devkitpro/devkitARM/bin/../lib/gcc/arm-none-eabi/10.2.0/thumb/libgcc.a(unwind-arm.o)
 .ARM.exidx.text.__aeabi_unwind_cpp_pr0
                0x0000000008005478        0x8 /opt/devkitpro/devkitARM/bin/../lib/gcc/arm-none-eabi/10.2.0/thumb/libgcc.a(unwind-arm.o)
 .ARM.exidx.text.__aeabi_unwind_cpp_pr1
                0x0000000008005480        0x0 /opt/devkitpro/devkitARM/bin/../lib/gcc/arm-none-eabi/10.2.0/thumb/libgcc.a(unwind-arm.o)
                                          0x8 (size before relaxing)
 .ARM.exidx.text.__aeabi_unwind_cpp_pr2
                0x0000000008005480        0x0 /opt/devkitpro/devkitARM/bin/../lib/gcc/arm-none-eabi/10.2.0/thumb/libgcc.a(unwind-arm.o)
                                          0x8 (size before relaxing)
 .ARM.exidx.text._Unwind_VRS_Pop
                0x0000000008005480       0x10 /opt/devkitpro/devkitARM/bin/../lib/gcc/arm-none-eabi/10.2.0/thumb/libgcc.a(unwind-arm.o)
                                          0x8 (size before relaxing)
 .ARM.exidx.text.next_unwind_byte
                0x0000000008005490        0x0 /opt/devkitpro/devkitARM/bin/../lib/gcc/arm-none-eabi/10.2.0/thumb/libgcc.a(pr-support.o)
                                          0x8 (size before relaxing)
 .ARM.exidx.text._Unwind_GetGR.constprop.0
                0x0000000008005490        0x8 /opt/devkitpro/devkitARM/bin/../lib/gcc/arm-none-eabi/10.2.0/thumb/libgcc.a(pr-support.o)
 .ARM.exidx.text.unwind_UCB_from_context
                0x0000000008005498        0x8 /opt/devkitpro/devkitARM/bin/../lib/gcc/arm-none-eabi/10.2.0/thumb/libgcc.a(pr-support.o)
 .ARM.exidx.text.__gnu_unwind_execute
                0x00000000080054a0        0x8 /opt/devkitpro/devkitARM/bin/../lib/gcc/arm-none-eabi/10.2.0/thumb/libgcc.a(pr-support.o)
 .ARM.exidx.text.__gnu_unwind_frame
                0x00000000080054a8        0x8 /opt/devkitpro/devkitARM/bin/../lib/gcc/arm-none-eabi/10.2.0/thumb/libgcc.a(pr-support.o)
 .ARM.exidx.text._Unwind_GetRegionStart
                0x00000000080054b0        0x8 /opt/devkitpro/devkitARM/bin/../lib/gcc/arm-none-eabi/10.2.0/thumb/libgcc.a(pr-support.o)
 .ARM.exidx.text._Unwind_GetLanguageSpecificData
                0x00000000080054b8        0x0 /opt/devkitpro/devkitARM/bin/../lib/gcc/arm-none-eabi/10.2.0/thumb/libgcc.a(pr-support.o)
                                          0x8 (size before relaxing)
 .ARM.exidx.text.unlikely._Unwind_GetDataRelBase
                0x00000000080054b8        0x8 /opt/devkitpro/devkitARM/bin/../lib/gcc/arm-none-eabi/10.2.0/thumb/libgcc.a(pr-support.o)
 .ARM.exidx.text.unlikely._Unwind_GetTextRelBase
                0x00000000080054c0        0x0 /opt/devkitpro/devkitARM/bin/../lib/gcc/arm-none-eabi/10.2.0/thumb/libgcc.a(pr-support.o)
                                          0x8 (size before relaxing)
                0x00000000080054c0                __exidx_end = .

.ctors          0x00000000080054c0        0x0
 *crtbegin.o(.ctors)
 *(EXCLUDE_FILE(*crtend.o) .ctors)
 *(SORT_BY_NAME(.ctors.*))
 *(.ctors)
                0x00000000080054c0                . = ALIGN (0x4)

.dtors          0x00000000080054c0        0x0
 *crtbegin.o(.dtors)
 *(EXCLUDE_FILE(*crtend.o) .dtors)
 *(SORT_BY_NAME(.dtors.*))
 *(.dtors)
                0x00000000080054c0                . = ALIGN (0x4)

.eh_frame       0x00000000080054c0        0x4
 *(.eh_frame)
 .eh_frame      0x00000000080054c0        0x0 /opt/devkitpro/devkitARM/bin/../lib/gcc/arm-none-eabi/10.2.0/thumb/crtbegin.o
 .eh_frame      0x00000000080054c0        0x4 /opt/devkitpro/devkitARM/bin/../lib/gcc/arm-none-eabi/10.2.0/thumb/crtend.o
                0x00000000080054c4                . = ALIGN (0x4)

.gcc_except_table
                0x00000000080054c4        0x0
 *(.gcc_except_table)
                0x00000000080054c4                . = ALIGN (0x4)
                0x00000000080054c4                __iwram_lma = .

.iwram          0x0000000003000000       0xb8 load address 0x00000000080054c4
                0x0000000003000000                __iwram_start__ = ABSOLUTE (.)
 *(.iwram .iwram*)
 .iwram         0x0000000003000000       0xb8 /opt/devkitpro/libgba/lib/libgba.a(InterruptDispatcher.o)
                0x0000000003000000                IntrMain
 *iwram.*(.text* .data*)
                0x00000000030000b8                . = ALIGN (0x4)
                0x00000000030000b8                __iwram_end__ = ABSOLUTE (.)
                0x000000000800557c                __data_lma = (__iwram_lma + SIZEOF (.iwram))

.rel.dyn        0x00000000030000b8        0x0 load address 0x000000000800557c
 .rel.iplt      0x00000000030000b8        0x0 /opt/devkitpro/devkitARM/bin/../lib/gcc/arm-none-eabi/10.2.0/../../../../arm-none-eabi/lib/thumb/gba_crt0.o

.bss            0x00000000030000b8      0x574
                0x00000000030000b8                __bss_start = ABSOLUTE (.)
                0x00000000030000b8                __bss_start__ = ABSOLUTE (.)
 *(.dynbss)
 *(.gnu.linkonce.b*)
 *(.bss*)
 .bss.completed.1
                0x00000000030000b8        0x1 /opt/devkitpro/devkitARM/bin/../lib/gcc/arm-none-eabi/10.2.0/thumb/crtbegin.o
 *fill*         0x00000000030000b9        0x3 
 .bss.object.0  0x00000000030000bc       0x18 /opt/devkitpro/devkitARM/bin/../lib/gcc/arm-none-eabi/10.2.0/thumb/crtbegin.o
 .bss           0x00000000030000d4      0x41c template.o
                0x00000000030000d4                player
                0x00000000030000d8                eventManager
                0x00000000030000f0                oam_backbuffer
 .bss           0x00000000030004f0        0xa /opt/devkitpro/libgba/lib/libgba.a(input.o)
 *fill*         0x00000000030004fa        0x2 
 .bss._ZN12_GLOBAL__N_114emergency_poolE
                0x00000000030004fc       0x10 /opt/devkitpro/devkitARM/bin/../lib/gcc/arm-none-eabi/10.2.0/../../../../arm-none-eabi/lib/thumb/libstdc++.a(eh_alloc.o)
 .bss._ZL10eh_globals
                0x000000000300050c        0xc /opt/devkitpro/devkitARM/bin/../lib/gcc/arm-none-eabi/10.2.0/../../../../arm-none-eabi/lib/thumb/libstdc++.a(eh_globals.o)
 .bss._ZN12_GLOBAL__N_113__new_handlerE
                0x0000000003000518        0x4 /opt/devkitpro/devkitARM/bin/../lib/gcc/arm-none-eabi/10.2.0/../../../../arm-none-eabi/lib/thumb/libstdc++.a(new_handler.o)
 .bss._ZNSs4_Rep20_S_empty_rep_storageE
                0x000000000300051c       0x10 /opt/devkitpro/devkitARM/bin/../lib/gcc/arm-none-eabi/10.2.0/../../../../arm-none-eabi/lib/thumb/libstdc++.a(cow-string-inst.o)
                0x000000000300051c                std::string::_Rep::_S_empty_rep_storage
 .bss.__malloc_current_mallinfo
                0x000000000300052c       0x28 /opt/devkitpro/devkitARM/bin/../lib/gcc/arm-none-eabi/10.2.0/../../../../arm-none-eabi/lib/thumb/libg.a(lib_a-mallocr.o)
                0x000000000300052c                __malloc_current_mallinfo
 .bss.__malloc_max_sbrked_mem
                0x0000000003000554        0x4 /opt/devkitpro/devkitARM/bin/../lib/gcc/arm-none-eabi/10.2.0/../../../../arm-none-eabi/lib/thumb/libg.a(lib_a-mallocr.o)
                0x0000000003000554                __malloc_max_sbrked_mem
 .bss.__malloc_max_total_mem
                0x0000000003000558        0x4 /opt/devkitpro/devkitARM/bin/../lib/gcc/arm-none-eabi/10.2.0/../../../../arm-none-eabi/lib/thumb/libg.a(lib_a-mallocr.o)
                0x0000000003000558                __malloc_max_total_mem
 .bss.__malloc_top_pad
                0x000000000300055c        0x4 /opt/devkitpro/devkitARM/bin/../lib/gcc/arm-none-eabi/10.2.0/../../../../arm-none-eabi/lib/thumb/libg.a(lib_a-mallocr.o)
                0x000000000300055c                __malloc_top_pad
 .bss.heap_start.0
                0x0000000003000560        0x4 /opt/devkitpro/devkitARM/bin/../lib/gcc/arm-none-eabi/10.2.0/../../../../arm-none-eabi/lib/thumb/libsysbase.a(sbrk.o)
 .bss.fake_heap_end
                0x0000000003000564        0x4 /opt/devkitpro/devkitARM/bin/../lib/gcc/arm-none-eabi/10.2.0/../../../../arm-none-eabi/lib/thumb/libsysbase.a(malloc_vars.o)
                0x0000000003000564                fake_heap_end
 .bss.fake_heap_start
                0x0000000003000568        0x4 /opt/devkitpro/devkitARM/bin/../lib/gcc/arm-none-eabi/10.2.0/../../../../arm-none-eabi/lib/thumb/libsysbase.a(malloc_vars.o)