Archive member included to satisfy reference by file (symbol)

/opt/devkitpro/libgba/lib/libgba.a(CpuSet.o)
                              template.o (CpuFastSet)
/opt/devkitpro/libgba/lib/libgba.a(interrupt.o)
                              template.o (irqInit)
/opt/devkitpro/libgba/lib/libgba.a(input.o)
                              gameobjects.o (scanKeys)
/opt/devkitpro/libgba/lib/libgba.a(InterruptDispatcher.o)
                              /opt/devkitpro/libgba/lib/libgba.a(interrupt.o) (IntrMain)
/opt/devkitpro/devkitARM/bin/../lib/gcc/arm-none-eabi/10.2.0/../../../../arm-none-eabi/lib/thumb/libstdc++.a(del_ops.o)
                              gameobjects.o (operator delete(void*, unsigned int))
/opt/devkitpro/devkitARM/bin/../lib/gcc/arm-none-eabi/10.2.0/../../../../arm-none-eabi/lib/thumb/libstdc++.a(new_op.o)
                              gameobjects.o (operator new(unsigned int))
/opt/devkitpro/devkitARM/bin/../lib/gcc/arm-none-eabi/10.2.0/../../../../arm-none-eabi/lib/thumb/libstdc++.a(tree.o)
                              gameobjects.o (std::_Rb_tree_increment(std::_Rb_tree_node_base*))
/opt/devkitpro/devkitARM/bin/../lib/gcc/arm-none-eabi/10.2.0/../../../../arm-none-eabi/lib/thumb/libstdc++.a(functexcept.o)
                              gameobjects.o (std::__throw_bad_alloc())
/opt/devkitpro/devkitARM/bin/../lib/gcc/arm-none-eabi/10.2.0/../../../../arm-none-eabi/lib/thumb/libstdc++.a(functional.o)
                              gameobjects.o (std::__throw_bad_function_call())
/opt/devkitpro/devkitARM/bin/../lib/gcc/arm-none-eabi/10.2.0/../../../../arm-none-eabi/lib/thumb/libstdc++.a(snprintf_lite.o)
                              /opt/devkitpro/devkitARM/bin/../lib/gcc/arm-none-eabi/10.2.0/../../../../arm-none-eabi/lib/thumb/libstdc++.a(functexcept.o) (__gnu_cxx::__snprintf_lite(char*, unsigned int, char const*, std::__va_list))
/opt/devkitpro/devkitARM/bin/../lib/gcc/arm-none-eabi/10.2.0/../../../../arm-none-eabi/lib/thumb/libstdc++.a(string-inst.o)
                              gameobjects.o (std::__cxx11::basic_string<char, std::char_traits<char>, std::allocator<char> >::_M_create(unsigned int&, unsigned int))
/opt/devkitpro/devkitARM/bin/../lib/gcc/arm-none-eabi/10.2.0/../../../../arm-none-eabi/lib/thumb/libstdc++.a(bad_alloc.o)
                              /opt/devkitpro/devkitARM/bin/../lib/gcc/arm-none-eabi/10.2.0/../../../../arm-none-eabi/lib/thumb/libstdc++.a(new_op.o) (std::bad_alloc::~bad_alloc())
/opt/devkitpro/devkitARM/bin/../lib/gcc/arm-none-eabi/10.2.0/../../../../arm-none-eabi/lib/thumb/libstdc++.a(bad_cast.o)
                              /opt/devkitpro/devkitARM/bin/../lib/gcc/arm-none-eabi/10.2.0/../../../../arm-none-eabi/lib/thumb/libstdc++.a(functexcept.o) (std::bad_cast::~bad_cast())
/opt/devkitpro/devkitARM/bin/../lib/gcc/arm-none-eabi/10.2.0/../../../../arm-none-eabi/lib/thumb/libstdc++.a(bad_typeid.o)
                              /opt/devkitpro/devkitARM/bin/../lib/gcc/arm-none-eabi/10.2.0/../../../../arm-none-eabi/lib/thumb/libstdc++.a(functexcept.o) (std::bad_typeid::~bad_typeid())
/opt/devkitpro/devkitARM/bin/../lib/gcc/arm-none-eabi/10.2.0/../../../../arm-none-eabi/lib/thumb/libstdc++.a(del_op.o)
                              /opt/devkitpro/devkitARM/bin/../lib/gcc/arm-none-eabi/10.2.0/../../../../arm-none-eabi/lib/thumb/libstdc++.a(del_ops.o) (operator delete(void*))
/opt/devkitpro/devkitARM/bin/../lib/gcc/arm-none-eabi/10.2.0/../../../../arm-none-eabi/lib/thumb/libstdc++.a(eh_alloc.o)
                              /opt/devkitpro/devkitARM/bin/../lib/gcc/arm-none-eabi/10.2.0/../../../../arm-none-eabi/lib/thumb/libstdc++.a(new_op.o) (__cxa_allocate_exception)
/opt/devkitpro/devkitARM/bin/../lib/gcc/arm-none-eabi/10.2.0/../../../../arm-none-eabi/lib/thumb/libstdc++.a(eh_arm.o)
                              /opt/devkitpro/devkitARM/bin/../lib/gcc/arm-none-eabi/10.2.0/../../../../arm-none-eabi/lib/thumb/libstdc++.a(functexcept.o) (__cxa_end_cleanup)
/opt/devkitpro/devkitARM/bin/../lib/gcc/arm-none-eabi/10.2.0/../../../../arm-none-eabi/lib/thumb/libstdc++.a(eh_catch.o)
                              /opt/devkitpro/devkitARM/bin/../lib/gcc/arm-none-eabi/10.2.0/../../../../arm-none-eabi/lib/thumb/libstdc++.a(string-inst.o) (__cxa_begin_catch)
/opt/devkitpro/devkitARM/bin/../lib/gcc/arm-none-eabi/10.2.0/../../../../arm-none-eabi/lib/thumb/libstdc++.a(eh_exception.o)
                              /opt/devkitpro/devkitARM/bin/../lib/gcc/arm-none-eabi/10.2.0/../../../../arm-none-eabi/lib/thumb/libstdc++.a(functional.o) (std::exception::~exception())
/opt/devkitpro/devkitARM/bin/../lib/gcc/arm-none-eabi/10.2.0/../../../../arm-none-eabi/lib/thumb/libstdc++.a(eh_globals.o)
                              /opt/devkitpro/devkitARM/bin/../lib/gcc/arm-none-eabi/10.2.0/../../../../arm-none-eabi/lib/thumb/libstdc++.a(eh_catch.o) (__cxa_get_globals_fast)
/opt/devkitpro/devkitARM/bin/../lib/gcc/arm-none-eabi/10.2.0/../../../../arm-none-eabi/lib/thumb/libstdc++.a(eh_personality.o)
[...]
Memory Configuration

Name             Origin             Length             Attributes
rom              0x0000000008000000 0x0000000002000000
iwram            0x0000000003000000 0x0000000000008000
ewram            0x0000000002000000 0x0000000000040000
*default*        0x0000000000000000 0xffffffffffffffff

Linker script and memory map

                0x0000000008000000                __text_start = ORIGIN (rom)
                0x0000000002040000                __eheap_end = (ORIGIN (ewram) + LENGTH (ewram))
                0x0000000003000000                __iwram_start = ORIGIN (iwram)
                0x0000000003008000                __iwram_top = (ORIGIN (iwram) + LENGTH (iwram))
                0x0000000003007fa0                __sp_irq = (__iwram_top - 0x60)
                0x0000000003007f00                __sp_usr = (__sp_irq - 0xa0)
                0x0000000003007ff8                __irq_flags = 0x3007ff8
                0x0000000008000000                . = __text_start

.crt0           0x0000000008000000      0x210
 *(.crt0)
 .crt0          0x0000000008000000      0x210 /opt/devkitpro/devkitARM/bin/../lib/gcc/arm-none-eabi/10.2.0/../../../../arm-none-eabi/lib/thumb/gba_crt0.o
                0x0000000008000000                _start
                0x00000000080000c4                __boot_method
                0x00000000080000c5                __slave_number
                0x00000000080000e0                start_vector
                0x0000000008000210                . = ALIGN (0x4)

.init           0x0000000008000210        0xc
 *(SORT_NONE(.init))
 .init          0x0000000008000210        0x4 /opt/devkitpro/devkitARM/bin/../lib/gcc/arm-none-eabi/10.2.0/thumb/crti.o
                0x0000000008000210                _init
 .init          0x0000000008000214        0x8 /opt/devkitpro/devkitARM/bin/../lib/gcc/arm-none-eabi/10.2.0/thumb/crtn.o

.plt            0x000000000800021c        0x0
 *(.plt)
                0x000000000800021c                . = ALIGN (0x4)

.text           0x0000000008000220    0x12180
 *(EXCLUDE_FILE(*.iwram*) .text*)
 .text.__do_global_dtors_aux
                0x0000000008000220       0x2c /opt/devkitpro/devkitARM/bin/../lib/gcc/arm-none-eabi/10.2.0/thumb/crtbegin.o
 .text.frame_dummy
                0x000000000800024c       0x24 /opt/devkitpro/devkitARM/bin/../lib/gcc/arm-none-eabi/10.2.0/thumb/crtbegin.o
 .text          0x0000000008000270     0x1c88 gameobjects.o
                0x0000000008000270                InputManager::pause()
                0x0000000008000284                InputManager::unpause()
                0x000000000800029c                EventBinding::EventBinding(std::__cxx11::basic_string<char, std::char_traits<char>, std::allocator<char> >, std::function<void ()>)
                0x000000000800029c                EventBinding::EventBinding(std::__cxx11::basic_string<char, std::char_traits<char>, std::allocator<char> >, std::function<void ()>)
                0x0000000008000320                AnimationFrame::AnimationFrame(unsigned char, unsigned char)
                0x0000000008000320                AnimationFrame::AnimationFrame(unsigned char, unsigned char)
                0x0000000008000328                Animation::Animation()
                0x0000000008000328                Animation::Animation()
                0x0000000008000334                Animation::Animation(unsigned short)
                0x0000000008000334                Animation::Animation(unsigned short)
                0x0000000008000344                Animation::tick()
                0x000000000800034c                Animation::currentFrame()
                0x00000000080003a4                Animation::tile()
                0x00000000080003cc                Sprite::Sprite()
                0x00000000080003cc                Sprite::Sprite()
                0x00000000080003d8                Sprite::Sprite(OBJATTR*, unsigned char, unsigned char)
                0x00000000080003d8                Sprite::Sprite(OBJATTR*, unsigned char, unsigned char)
                0x00000000080003f0                Sprite::draw()
                0x0000000008000440                Sprite::update()
                0x0000000008000448                Sprite::checkCollision(int, int)
                0x000000000800059c                Sprite::faceNorth()
                0x00000000080005cc                Sprite::faceSouth()
                0x00000000080005fc                Sprite::faceEast()
                0x000000000800062c                Sprite::faceWest()
                0x000000000800065c                InputManager::pollInput()
                0x0000000008000bc0                InputManager::InputManager()
                0x0000000008000bc0                InputManager::InputManager()
                0x0000000008001450                InputManager::registerBinding(std::__cxx11::basic_string<char, std::char_traits<char>, std::allocator<char> >, std::__cxx11::basic_string<char, std::char_traits<char>, std::allocator<char> >, std::function<void ()>)
                0x000000000800179c                registerInputBindings(InputManager*, Sprite*)
 .text._ZNSt17_Function_handlerIFvvESt5_BindIFM12InputManagerFvvEPS2_EEE9_M_invokeERKSt9_Any_data
                0x0000000008001ef8       0x24 gameobjects.o
                0x0000000008001ef8                std::_Function_handler<void (), std::_Bind<void (InputManager::*(InputManager*))()> >::_M_invoke(std::_Any_data const&)
 .text._ZNSt17_Function_handlerIFvvESt5_BindIFM6SpriteFvvEPS2_EEE9_M_invokeERKSt9_Any_data
                0x0000000008001f1c       0x24 gameobjects.o
                0x0000000008001f1c                std::_Function_handler<void (), std::_Bind<void (Sprite::*(Sprite*))()> >::_M_invoke(std::_Any_data const&)
 .text._ZNSt17_Function_handlerIFvvESt5_BindIFM12InputManagerFvvEPS2_EEE10_M_managerERSt9_Any_dataRKS9_St18_Manager_operation
                0x0000000008001f40       0x3c gameobjects.o
                0x0000000008001f40                std::_Function_handler<void (), std::_Bind<void (InputManager::*(InputManager*))()> >::_M_manager(std::_Any_data&, std::_Any_data const&, std::_Manager_operation)
 .text._ZNSt17_Function_handlerIFvvESt5_BindIFM6SpriteFvvEPS2_EEE10_M_managerERSt9_Any_dataRKS9_St18_Manager_operation
                0x0000000008001f7c       0x3c gameobjects.o
                0x0000000008001f7c                std::_Function_handler<void (), std::_Bind<void (Sprite::*(Sprite*))()> >::_M_manager(std::_Any_data&, std::_Any_data const&, std::_Manager_operation)
 .text.startup  0x0000000008001fb8       0xf4 gameobjects.o
 .text._ZNSt6vectorI12EventBindingSaIS0_EE17_M_realloc_insertIJRKS0_EEEvN9__gnu_cxx17__normal_iteratorIPS0_S2_EEDpOT_
                0x00000000080020ac      0x28c gameobjects.o
                0x00000000080020ac                void std::vector<EventBinding, std::allocator<EventBinding> >::_M_realloc_insert<EventBinding const&>(__gnu_cxx::__normal_iterator<EventBinding*, std::vector<EventBinding, std::allocator<EventBinding> > >, EventBinding const&)
 .text._ZNSt6vectorISt5tupleIJhNSt7__cxx1112basic_stringIcSt11char_traitsIcESaIcEEES6_EESaIS7_EE17_M_realloc_insertIJS7_EEEvN9__gnu_cxx17__normal_iteratorIPS7_S9_EEDpOT_
                0x0000000008002338      0x28c gameobjects.o
                0x0000000008002338                void std::vector<std::tuple<unsigned char, std::__cxx11::basic_string<char, std::char_traits<char>, std::allocator<char> >, std::__cxx11::basic_string<char, std::char_traits<char>, std::allocator<char> > >, std::allocator<std::tuple<unsigned char, std::__cxx11::basic_string<char, std::char_traits<char>, std::allocator<char> >, std::__cxx11::basic_string<char, std::char_traits<char>, std::allocator<char> > > > >::_M_realloc_insert<std::tuple<unsigned char, std::__cxx11::basic_string<char, std::char_traits<char>, std::allocator<char> >, std::__cxx11::basic_string<char, std::char_traits<char>, std::allocator<char> > > >(__gnu_cxx::__normal_iterator<std::tuple<unsigned char, std::__cxx11::basic_string<char, std::char_traits<char>, std::allocator<char> >, std::__cxx11::basic_string<char, std::char_traits<char>, std::allocator<char> > >*, std::vector<std::tuple<unsigned char, std::__cxx11::basic_string<char, std::char_traits<char>, std::allocator<char> >, std::__cxx11::basic_string<char, std::char_traits<char>, std::allocator<char> > >, std::allocator<std::tuple<unsigned char, std::__cxx11::basic_string<char, std::char_traits<char>, std::allocator<char> >, std::__cxx11::basic_string<char, std::char_traits<char>, std::allocator<char> > > > > >, std::tuple<unsigned char, std::__cxx11::basic_string<char, std::char_traits<char>, std::allocator<char> >, std::__cxx11::basic_string<char, std::char_traits<char>, std::allocator<char> > >&&)
 .text._ZNSt6vectorISt5tupleIJhNSt7__cxx1112basic_stringIcSt11char_traitsIcESaIcEEES6_EESaIS7_EE12emplace_backIJS7_EEEvDpOT_
                0x00000000080025c4       0x84 gameobjects.o
                0x00000000080025c4                void std::vector<std::tuple<unsigned char, std::__cxx11::basic_string<char, std::char_traits<char>, std::allocator<char> >, std::__cxx11::basic_string<char, std::char_traits<char>, std::allocator<char> > >, std::allocator<std::tuple<unsigned char, std::__cxx11::basic_string<char, std::char_traits<char>, std::allocator<char> >, std::__cxx11::basic_string<char, std::char_traits<char>, std::allocator<char> > > > >::emplace_back<std::tuple<unsigned char, std::__cxx11::basic_string<char, std::char_traits<char>, std::allocator<char> >, std::__cxx11::basic_string<char, std::char_traits<char>, std::allocator<char> > > >(std::tuple<unsigned char, std::__cxx11::basic_string<char, std::char_traits<char>, std::allocator<char> >, std::__cxx11::basic_string<char, std::char_traits<char>, std::allocator<char> > >&&)
 .text._ZNSt6vectorI12EventBindingSaIS0_EE17_M_realloc_insertIJS0_EEEvN9__gnu_cxx17__normal_iteratorIPS0_S2_EEDpOT_
                0x0000000008002648      0x260 gameobjects.o
                0x0000000008002648                void std::vector<EventBinding, std::allocator<EventBinding> >::_M_realloc_insert<EventBinding>(__gnu_cxx::__normal_iterator<EventBinding*, std::vector<EventBinding, std::allocator<EventBinding> > >, EventBinding&&)
 .text._ZNSt8_Rb_treeINSt7__cxx1112basic_stringIcSt11char_traitsIcESaIcEEESt4pairIKS5_St6vectorI12EventBindingSaIS9_EEESt10_Select1stISC_ESt4lessIS5_ESaISC_EE24_M_get_insert_unique_posERS7_
                0x00000000080028a8       0xe4 gameobjects.o
                0x00000000080028a8                std::_Rb_tree<std::__cxx11::basic_string<char, std::char_traits<char>, std::allocator<char> >, std::pair<std::__cxx11::basic_string<char, std::char_traits<char>, std::allocator<char> > const, std::vector<EventBinding, std::allocator<EventBinding> > >, std::_Select1st<std::pair<std::__cxx11::basic_string<char, std::char_traits<char>, std::allocator<char> > const, std::vector<EventBinding, std::allocator<EventBinding> > > >, std::less<std::__cxx11::basic_string<char, std::char_traits<char>, std::allocator<char> > >, std::allocator<std::pair<std::__cxx11::basic_string<char, std::char_traits<char>, std::allocator<char> > const, std::vector<EventBinding, std::allocator<EventBinding> > > > >::_M_get_insert_unique_pos(std::__cxx11::basic_string<char, std::char_traits<char>, std::allocator<char> > const&)
 .text._ZNSt8_Rb_treeINSt7__cxx1112basic_stringIcSt11char_traitsIcESaIcEEESt4pairIKS5_St6vectorI12EventBindingSaIS9_EEESt10_Select1stISC_ESt4lessIS5_ESaISC_EE29_M_get_insert_hint_unique_posESt23_Rb_tree_const_iteratorISC_ERS7_
                0x000000000800298c      0x198 gameobjects.o
                0x000000000800298c                std::_Rb_tree<std::__cxx11::basic_string<char, std::char_traits<char>, std::allocator<char> >, std::pair<std::__cxx11::basic_string<char, std::char_traits<char>, std::allocator<char> > const, std::vector<EventBinding, std::allocator<EventBinding> > >, std::_Select1st<std::pair<std::__cxx11::basic_string<char, std::char_traits<char>, std::allocator<char> > const, std::vector<EventBinding, std::allocator<EventBinding> > > >, std::less<std::__cxx11::basic_string<char, std::char_traits<char>, std::allocator<char> > >, std::allocator<std::pair<std::__cxx11::basic_string<char, std::char_traits<char>, std::allocator<char> > const, std::vector<EventBinding, std::allocator<EventBinding> > > > >::_M_get_insert_hint_unique_pos(std::_Rb_tree_const_iterator<std::pair<std::__cxx11::basic_string<char, std::char_traits<char>, std::allocator<char> > const, std::vector<EventBinding, std::allocator<EventBinding> > > >, std::__cxx11::basic_string<char, std::char_traits<char>, std::allocator<char> > const&)
 .text.exit     0x0000000008002b24       0x84 gameobjects.o
 .text          0x0000000008002ba8      0x344 template.o
                0x0000000008002ca8                uploadPaletteMem()
                0x0000000008002cc8                uploadTileMem()
                0x0000000008002ce8                initGameboy()
                0x0000000008002d30                makeNPCSprite(unsigned char, unsigned char, unsigned char, bool)
                0x0000000008002dcc                makeCharacterSprite(unsigned char, unsigned char, unsigned char, bool)
 .text.startup  0x0000000008002eec      0x220 template.o
                0x0000000008002f48                main
 .text._ZNSt12_Vector_baseI14AnimationFrameSaIS0_EED2Ev
                0x000000000800310c       0x1c template.o
                0x000000000800310c                std::_Vector_base<AnimationFrame, std::allocator<AnimationFrame> >::~_Vector_base()
                0x000000000800310c                std::_Vector_base<AnimationFrame, std::allocator<AnimationFrame> >::~_Vector_base()
 .text._ZNSt6vectorI14AnimationFrameSaIS0_EE17_M_realloc_insertIJS0_EEEvN9__gnu_cxx17__normal_iteratorIPS0_S2_EEDpOT_
                0x0000000008003128       0xf4 template.o
                0x0000000008003128                void std::vector<AnimationFrame, std::allocator<AnimationFrame> >::_M_realloc_insert<AnimationFrame>(__gnu_cxx::__normal_iterator<AnimationFrame*, std::vector<AnimationFrame, std::allocator<AnimationFrame> > >, AnimationFrame&&)
 .text._ZNSt6vectorI6SpriteSaIS0_EE17_M_realloc_insertIJS0_EEEvN9__gnu_cxx17__normal_iteratorIPS0_S2_EEDpOT_
                0x000000000800321c      0x1a8 template.o
                0x000000000800321c                void std::vector<Sprite, std::allocator<Sprite> >::_M_realloc_insert<Sprite>(__gnu_cxx::__normal_iterator<Sprite*, std::vector<Sprite, std::allocator<Sprite> > >, Sprite&&)
 .text._ZNSt6vectorI6SpriteSaIS0_EE12emplace_backIJS0_EEEvDpOT_
                0x00000000080033c4       0x40 template.o
                0x00000000080033c4                void std::vector<Sprite, std::allocator<Sprite> >::emplace_back<Sprite>(Sprite&&)
 .text.exit     0x0000000008003404       0x5c template.o
 .text          0x0000000008003460       0xf8 mgba.o
                0x0000000008003460                mgba_stdout_write
                0x0000000008003490                mgba_stderr_write
                0x00000000080034c0                mgba_printf
                0x00000000080034f8                mgba_console_open
                0x000000000800352c                mgba_open
                0x000000000800354c                mgba_close
 .text          0x0000000008003558        0x8 /opt/devkitpro/libgba/lib/libgba.a(CpuSet.o)
                0x0000000008003558                CpuSet
                0x000000000800355c                CpuFastSet
 .text          0x0000000008003560      0x3b8 /opt/devkitpro/libgba/lib/libgba.a(interrupt.o)
                0x0000000008003560                dummy
                0x0000000008003564                InitInterrupt
                0x00000000080035c0                irqInit
                0x000000000800361c                SetInterrupt
                0x0000000008003700                irqSet
                0x00000000080037e4                EnableInterrupt
                0x0000000008003830                irqEnable
                0x0000000008003880                DisableInterrupt
                0x00000000080038cc                irqDisable
 .text          0x0000000008003918       0xbc /opt/devkitpro/libgba/lib/libgba.a(input.o)
                0x0000000008003918                setRepeat
                0x0000000008003924                scanKeys
                0x0000000008003998                keysDownRepeat
                0x00000000080039a8                keysDown
                0x00000000080039b8                keysUp
                0x00000000080039c8                keysHeld
 .text._ZdlPvj  0x00000000080039d4        0xc /opt/devkitpro/devkitARM/bin/../lib/gcc/arm-none-eabi/10.2.0/../../../../arm-none-eabi/lib/thumb/libstdc++.a(del_ops.o)
                0x00000000080039d4                operator delete(void*, unsigned int)
 .text._Znwj    0x00000000080039e0       0x48 /opt/devkitpro/devkitARM/bin/../lib/gcc/arm-none-eabi/10.2.0/../../../../arm-none-eabi/lib/thumb/libstdc++.a(new_op.o)
                0x00000000080039e0                operator new(unsigned int)
 .text._ZSt18_Rb_tree_incrementPSt18_Rb_tree_node_base
                0x0000000008003a28       0x2c /opt/devkitpro/devkitARM/bin/../lib/gcc/arm-none-eabi/10.2.0/../../../../arm-none-eabi/lib/thumb/libstdc++.a(tree.o)
                0x0000000008003a28                std::_Rb_tree_increment(std::_Rb_tree_node_base*)
 .text._ZSt18_Rb_tree_decrementPSt18_Rb_tree_node_base
                0x0000000008003a54       0x38 /opt/devkitpro/devkitARM/bin/../lib/gcc/arm-none-eabi/10.2.0/../../../../arm-none-eabi/lib/thumb/libstdc++.a(tree.o)
                0x0000000008003a54                std::_Rb_tree_decrement(std::_Rb_tree_node_base*)
 .text._ZSt29_Rb_tree_insert_and_rebalancebPSt18_Rb_tree_node_baseS0_RS_
                0x0000000008003a8c      0x188 /opt/devkitpro/devkitARM/bin/../lib/gcc/arm-none-eabi/10.2.0/../../../../arm-none-eabi/lib/thumb/libstdc++.a(tree.o)
                0x0000000008003a8c                std::_Rb_tree_insert_and_rebalance(bool, std::_Rb_tree_node_base*, std::_Rb_tree_node_base*, std::_Rb_tree_node_base&)
 .text.unlikely._ZSt17__throw_bad_allocv
                0x0000000008003c14       0x20 /opt/devkitpro/devkitARM/bin/../lib/gcc/arm-none-eabi/10.2.0/../../../../arm-none-eabi/lib/thumb/libstdc++.a(functexcept.o)
                0x0000000008003c14                std::__throw_bad_alloc()
 .text.unlikely._ZSt19__throw_logic_errorPKc
                0x0000000008003c34       0x30 /opt/devkitpro/devkitARM/bin/../lib/gcc/arm-none-eabi/10.2.0/../../../../arm-none-eabi/lib/thumb/libstdc++.a(functexcept.o)
                0x0000000008003c34                std::__throw_logic_error(char const*)
 .text.unlikely._ZSt20__throw_length_errorPKc
                0x0000000008003c64       0x30 /opt/devkitpro/devkitARM/bin/../lib/gcc/arm-none-eabi/10.2.0/../../../../arm-none-eabi/lib/thumb/libstdc++.a(functexcept.o)
                0x0000000008003c64                std::__throw_length_error(char const*)
 .text._ZNKSt17bad_function_call4whatEv
                0x0000000008003c94        0x8 /opt/devkitpro/devkitARM/bin/../lib/gcc/arm-none-eabi/10.2.0/../../../../arm-none-eabi/lib/thumb/libstdc++.a(functional.o)
                0x0000000008003c94                std::bad_function_call::what() const
 .text._ZNSt17bad_function_callD2Ev
                0x0000000008003c9c       0x1c /opt/devkitpro/devkitARM/bin/../lib/gcc/arm-none-eabi/10.2.0/../../../../arm-none-eabi/lib/thumb/libstdc++.a(functional.o)
                0x0000000008003c9c                std::bad_function_call::~bad_function_call()
                0x0000000008003c9c                std::bad_function_call::~bad_function_call()
 .text._ZNSt17bad_function_callD0Ev
                0x0000000008003cb8       0x20 /opt/devkitpro/devkitARM/bin/../lib/gcc/arm-none-eabi/10.2.0/../../../../arm-none-eabi/lib/thumb/libstdc++.a(functional.o)
                0x0000000008003cb8                std::bad_function_call::~bad_function_call()
 .text.unlikely._ZSt25__throw_bad_function_callv
                0x0000000008003cd8       0x24 /opt/devkitpro/devkitARM/bin/../lib/gcc/arm-none-eabi/10.2.0/../../../../arm-none-eabi/lib/thumb/libstdc++.a(functional.o)
                0x0000000008003cd8                std::__throw_bad_function_call()
 .text._ZNSt7__cxx1112basic_stringIcSt11char_traitsIcESaIcEE9_M_createERjj
                0x0000000008003cfc       0x40 /opt/devkitpro/devkitARM/bin/../lib/gcc/arm-none-eabi/10.2.0/../../../../arm-none-eabi/lib/thumb/libstdc++.a(string-inst.o)
                0x0000000008003cfc                std::__cxx11::basic_string<char, std::char_traits<char>, std::allocator<char> >::_M_create(unsigned int&, unsigned int)
 .text._ZNSt7__cxx1112basic_stringIcSt11char_traitsIcESaIcEE10_M_disposeEv
                0x0000000008003d3c       0x18 /opt/devkitpro/devkitARM/bin/../lib/gcc/arm-none-eabi/10.2.0/../../../../arm-none-eabi/lib/thumb/libstdc++.a(string-inst.o)
                0x0000000008003d3c                std::__cxx11::basic_string<char, std::char_traits<char>, std::allocator<char> >::_M_dispose()
 .text._ZNSt7__cxx1112basic_stringIcSt11char_traitsIcESaIcEE13_S_copy_charsEPcPKcS7_
                0x0000000008003d54       0x20 /opt/devkitpro/devkitARM/bin/../lib/gcc/arm-none-eabi/10.2.0/../../../../arm-none-eabi/lib/thumb/libstdc++.a(string-inst.o)
                0x0000000008003d54                std::__cxx11::basic_string<char, std::char_traits<char>, std::allocator<char> >::_S_copy_chars(char*, char const*, char const*)
 .text._ZNSt7__cxx1112basic_stringIcSt11char_traitsIcESaIcEE9_M_assignERKS4_
                0x0000000008003d74       0x78 /opt/devkitpro/devkitARM/bin/../lib/gcc/arm-none-eabi/10.2.0/../../../../arm-none-eabi/lib/thumb/libstdc++.a(string-inst.o)
                0x0000000008003d74                std::__cxx11::basic_string<char, std::char_traits<char>, std::allocator<char> >::_M_assign(std::__cxx11::basic_string<char, std::char_traits<char>, std::allocator<char> > const&)
 .text._ZNKSt9bad_alloc4whatEv
                0x0000000008003dec        0x8 /opt/devkitpro/devkitARM/bin/../lib/gcc/arm-none-eabi/10.2.0/../../../../arm-none-eabi/lib/thumb/libstdc++.a(bad_alloc.o)
                0x0000000008003dec                std::bad_alloc::what() const
 .text._ZNSt9bad_allocD2Ev
                0x0000000008003df4       0x1c /opt/devkitpro/devkitARM/bin/../lib/gcc/arm-none-eabi/10.2.0/../../../../arm-none-eabi/lib/thumb/libstdc++.a(bad_alloc.o)
                0x0000000008003df4                std::bad_alloc::~bad_alloc()
                0x0000000008003df4                std::bad_alloc::~bad_alloc()
 .text._ZNSt9bad_allocD0Ev
                0x0000000008003e10       0x24 /opt/devkitpro/devkitARM/bin/../lib/gcc/arm-none-eabi/10.2.0/../../../../arm-none-eabi/lib/thumb/libstdc++.a(bad_alloc.o)
                0x0000000008003e10                std::bad_alloc::~bad_alloc()
 .text._ZdlPv   0x0000000008003e34        0xc /opt/devkitpro/devkitARM/bin/../lib/gcc/arm-none-eabi/10.2.0/../../../../arm-none-eabi/lib/thumb/libstdc++.a(del_op.o)
                0x0000000008003e34                operator delete(void*)
 .text._ZN12_GLOBAL__N_14pool4freeEPv.constprop.0
                0x0000000008003e40       0x80 /opt/devkitpro/devkitARM/bin/../lib/gcc/arm-none-eabi/10.2.0/../../../../arm-none-eabi/lib/thumb/libstdc++.a(eh_alloc.o)
 .text._ZN12_GLOBAL__N_14pool8allocateEj.constprop.0
                0x0000000008003ec0       0x54 /opt/devkitpro/devkitARM/bin/../lib/gcc/arm-none-eabi/10.2.0/../../../../arm-none-eabi/lib/thumb/libstdc++.a(eh_alloc.o)
 .text.__cxa_allocate_exception
                0x0000000008003f14       0x30 /opt/devkitpro/devkitARM/bin/../lib/gcc/arm-none-eabi/10.2.0/../../../../arm-none-eabi/lib/thumb/libstdc++.a(eh_alloc.o)
                0x0000000008003f14                __cxa_allocate_exception
 .text.__cxa_free_exception
                0x0000000008003f44       0x28 /opt/devkitpro/devkitARM/bin/../lib/gcc/arm-none-eabi/10.2.0/../../../../arm-none-eabi/lib/thumb/libstdc++.a(eh_alloc.o)
                0x0000000008003f44                __cxa_free_exception
 .text.startup._GLOBAL__sub_I__ZN9__gnu_cxx9__freeresEv
                0x0000000008003f6c       0x30 /opt/devkitpro/devkitARM/bin/../lib/gcc/arm-none-eabi/10.2.0/../../../../arm-none-eabi/lib/thumb/libstdc++.a(eh_alloc.o)
 .text.__cxa_end_cleanup
                0x0000000008003f9c        0xc /opt/devkitpro/devkitARM/bin/../lib/gcc/arm-none-eabi/10.2.0/../../../../arm-none-eabi/lib/thumb/libstdc++.a(eh_arm.o)
                0x0000000008003f9c                __cxa_end_cleanup
 .text.__cxa_type_match
                0x0000000008003fa8       0xcc /opt/devkitpro/devkitARM/bin/../lib/gcc/arm-none-eabi/10.2.0/../../../../arm-none-eabi/lib/thumb/libstdc++.a(eh_arm.o)
                0x0000000008003fa8                __cxa_type_match
 .text.__cxa_begin_cleanup
                0x0000000008004074       0x64 /opt/devkitpro/devkitARM/bin/../lib/gcc/arm-none-eabi/10.2.0/../../../../arm-none-eabi/lib/thumb/libstdc++.a(eh_arm.o)
                0x0000000008004074                __cxa_begin_cleanup
 .text.__gnu_end_cleanup
                0x00000000080040d8       0x74 /opt/devkitpro/devkitARM/bin/../lib/gcc/arm-none-eabi/10.2.0/../../../../arm-none-eabi/lib/thumb/libstdc++.a(eh_arm.o)
                0x00000000080040d8                __gnu_end_cleanup
 .text.__cxa_begin_catch
                0x000000000800414c       0x78 /opt/devkitpro/devkitARM/bin/../lib/gcc/arm-none-eabi/10.2.0/../../../../arm-none-eabi/lib/thumb/libstdc++.a(eh_catch.o)
                0x000000000800414c                __cxa_begin_catch
 .text.__cxa_end_catch
                0x00000000080041c4       0x94 /opt/devkitpro/devkitARM/bin/../lib/gcc/arm-none-eabi/10.2.0/../../../../arm-none-eabi/lib/thumb/libstdc++.a(eh_catch.o)
                0x00000000080041c4                __cxa_end_catch
 .text._ZNSt9exceptionD2Ev
                0x0000000008004258        0x4 /opt/devkitpro/devkitARM/bin/../lib/gcc/arm-none-eabi/10.2.0/../../../../arm-none-eabi/lib/thumb/libstdc++.a(eh_exception.o)
                0x0000000008004258                std::exception::~exception()
                0x0000000008004258                std::exception::~exception()
 .text._ZNSt13bad_exceptionD2Ev
                0x000000000800425c        0x4 /opt/devkitpro/devkitARM/bin/../lib/gcc/arm-none-eabi/10.2.0/../../../../arm-none-eabi/lib/thumb/libstdc++.a(eh_exception.o)
                0x000000000800425c                std::bad_exception::~bad_exception()
                0x000000000800425c                std::bad_exception::~bad_exception()
 .text._ZNKSt13bad_exception4whatEv
                0x0000000008004260        0x8 /opt/devkitpro/devkitARM/bin/../lib/gcc/arm-none-eabi/10.2.0/../../../../arm-none-eabi/lib/thumb/libstdc++.a(eh_exception.o)
                0x0000000008004260                transaction clone for std::bad_exception::what() const
                0x0000000008004260                std::bad_exception::what() const
 .text._ZNSt13bad_exceptionD0Ev
                0x0000000008004268       0x14 /opt/devkitpro/devkitARM/bin/../lib/gcc/arm-none-eabi/10.2.0/../../../../arm-none-eabi/lib/thumb/libstdc++.a(eh_exception.o)
                0x0000000008004268                std::bad_exception::~bad_exception()
 .text.__cxa_get_globals_fast
                0x000000000800427c        0x8 /opt/devkitpro/devkitARM/bin/../lib/gcc/arm-none-eabi/10.2.0/../../../../arm-none-eabi/lib/thumb/libstdc++.a(eh_globals.o)
                0x000000000800427c                __cxa_get_globals_fast
 .text.__cxa_get_globals
                0x0000000008004284        0x8 /opt/devkitpro/devkitARM/bin/../lib/gcc/arm-none-eabi/10.2.0/../../../../arm-none-eabi/lib/thumb/libstdc++.a(eh_globals.o)
                0x0000000008004284                __cxa_get_globals
 .text._ZL28read_encoded_value_with_basehjPKhPj
                0x000000000800428c      0x114 /opt/devkitpro/devkitARM/bin/../lib/gcc/arm-none-eabi/10.2.0/../../../../arm-none-eabi/lib/thumb/libstdc++.a(eh_personality.o)
 .text._ZL21base_of_encoded_valuehP15_Unwind_Context
                0x00000000080043a0       0x4c /opt/devkitpro/devkitARM/bin/../lib/gcc/arm-none-eabi/10.2.0/../../../../arm-none-eabi/lib/thumb/libstdc++.a(eh_personality.o)
 .text._ZL17parse_lsda_headerP15_Unwind_ContextPKhP16lsda_header_info
                0x00000000080043ec       0x98 /opt/devkitpro/devkitARM/bin/../lib/gcc/arm-none-eabi/10.2.0/../../../../arm-none-eabi/lib/thumb/libstdc++.a(eh_personality.o)
 .text.__gxx_personality_v0
                0x0000000008004484      0x4a4 /opt/devkitpro/devkitARM/bin/../lib/gcc/arm-none-eabi/10.2.0/../../../../arm-none-eabi/lib/thumb/libstdc++.a(eh_personality.o)
                0x0000000008004484                __gxx_personality_v0
 .text._ZN10__cxxabiv111__terminateEPFvvE
                0x0000000008004928       0x2c /opt/devkitpro/devkitARM/bin/../lib/gcc/arm-none-eabi/10.2.0/../../../../arm-none-eabi/lib/thumb/libstdc++.a(eh_terminate.o)
                0x0000000008004928                __cxxabiv1::__terminate(void (*)())
 .text._ZSt9terminatev
                0x0000000008004954       0x10 /opt/devkitpro/devkitARM/bin/../lib/gcc/arm-none-eabi/10.2.0/../../../../arm-none-eabi/lib/thumb/libstdc++.a(eh_terminate.o)
                0x0000000008004954                std::terminate()
 .text._ZN10__cxxabiv112__unexpectedEPFvvE
                0x0000000008004964        0xc /opt/devkitpro/devkitARM/bin/../lib/gcc/arm-none-eabi/10.2.0/../../../../arm-none-eabi/lib/thumb/libstdc++.a(eh_terminate.o)
                0x0000000008004964                __cxxabiv1::__unexpected(void (*)())
 .text._ZSt10unexpectedv
                0x0000000008004970       0x10 /opt/devkitpro/devkitARM/bin/../lib/gcc/arm-none-eabi/10.2.0/../../../../arm-none-eabi/lib/thumb/libstdc++.a(eh_terminate.o)
                0x0000000008004970                std::unexpected()
 .text._ZSt13get_terminatev
                0x0000000008004980        0xc /opt/devkitpro/devkitARM/bin/../lib/gcc/arm-none-eabi/10.2.0/../../../../arm-none-eabi/lib/thumb/libstdc++.a(eh_terminate.o)
                0x0000000008004980                std::get_terminate()
 .text._ZSt14get_unexpectedv
                0x000000000800498c        0xc /opt/devkitpro/devkitARM/bin/../lib/gcc/arm-none-eabi/10.2.0/../../../../arm-none-eabi/lib/thumb/libstdc++.a(eh_terminate.o)
                0x000000000800498c                std::get_unexpected()
 .text._ZL23__gxx_exception_cleanup19_Unwind_Reason_CodeP21_Unwind_Control_Block
                0x0000000008004998       0x3c /opt/devkitpro/devkitARM/bin/../lib/gcc/arm-none-eabi/10.2.0/../../../../arm-none-eabi/lib/thumb/libstdc++.a(eh_throw.o)
 .text.__cxa_init_primary_exception
                0x00000000080049d4       0x50 /opt/devkitpro/devkitARM/bin/../lib/gcc/arm-none-eabi/10.2.0/../../../../arm-none-eabi/lib/thumb/libstdc++.a(eh_throw.o)
                0x00000000080049d4                __cxa_init_primary_exception
 .text.__cxa_throw
                0x0000000008004a24       0x34 /opt/devkitpro/devkitARM/bin/../lib/gcc/arm-none-eabi/10.2.0/../../../../arm-none-eabi/lib/thumb/libstdc++.a(eh_throw.o)
                0x0000000008004a24                __cxa_throw
 .text.__cxa_rethrow
                0x0000000008004a58       0x70 /opt/devkitpro/devkitARM/bin/../lib/gcc/arm-none-eabi/10.2.0/../../../../arm-none-eabi/lib/thumb/libstdc++.a(eh_throw.o)
                0x0000000008004a58                __cxa_rethrow
 .text._ZSt15get_new_handlerv
                0x0000000008004ac8        0xc /opt/devkitpro/devkitARM/bin/../lib/gcc/arm-none-eabi/10.2.0/../../../../arm-none-eabi/lib/thumb/libstdc++.a(new_handler.o)
                0x0000000008004ac8                std::get_new_handler()
 .text._ZN10__cxxabiv120__si_class_type_infoD2Ev
                0x0000000008004ad4       0x1c /opt/devkitpro/devkitARM/bin/../lib/gcc/arm-none-eabi/10.2.0/../../../../arm-none-eabi/lib/thumb/libstdc++.a(si_class_type_info.o)
                0x0000000008004ad4                __cxxabiv1::__si_class_type_info::~__si_class_type_info()
                0x0000000008004ad4                __cxxabiv1::__si_class_type_info::~__si_class_type_info()
 .text._ZN10__cxxabiv120__si_class_type_infoD0Ev
                0x0000000008004af0       0x24 /opt/devkitpro/devkitARM/bin/../lib/gcc/arm-none-eabi/10.2.0/../../../../arm-none-eabi/lib/thumb/libstdc++.a(si_class_type_info.o)
                0x0000000008004af0                __cxxabiv1::__si_class_type_info::~__si_class_type_info()
 .text._ZNK10__cxxabiv120__si_class_type_info20__do_find_public_srcEiPKvPKNS_17__class_type_infoES2_
                0x0000000008004b14       0x40 /opt/devkitpro/devkitARM/bin/../lib/gcc/arm-none-eabi/10.2.0/../../../../arm-none-eabi/lib/thumb/libstdc++.a(si_class_type_info.o)
                0x0000000008004b14                __cxxabiv1::__si_class_type_info::__do_find_public_src(int, void const*, __cxxabiv1::__class_type_info const*, void const*) const
 .text._ZNK10__cxxabiv120__si_class_type_info12__do_dyncastEiNS_17__class_type_info10__sub_kindEPKS1_PKvS4_S6_RNS1_16__dyncast_resultE
                0x0000000008004b54       0xa4 /opt/devkitpro/devkitARM/bin/../lib/gcc/arm-none-eabi/10.2.0/../../../../arm-none-eabi/lib/thumb/libstdc++.a(si_class_type_info.o)
                0x0000000008004b54                __cxxabiv1::__si_class_type_info::__do_dyncast(int, __cxxabiv1::__class_type_info::__sub_kind, __cxxabiv1::__class_type_info const*, void const*, __cxxabiv1::__class_type_info const*, void const*, __cxxabiv1::__class_type_info::__dyncast_result&) const
 .text._ZNK10__cxxabiv120__si_class_type_info11__do_upcastEPKNS_17__class_type_infoEPKvRNS1_15__upcast_resultE
                0x0000000008004bf8       0x2c /opt/devkitpro/devkitARM/bin/../lib/gcc/arm-none-eabi/10.2.0/../../../../arm-none-eabi/lib/thumb/libstdc++.a(si_class_type_info.o)
                0x0000000008004bf8                __cxxabiv1::__si_class_type_info::__do_upcast(__cxxabiv1::__class_type_info const*, void const*, __cxxabiv1::__class_type_info::__upcast_result&) const
 .text._ZNSt9type_infoD2Ev
                0x0000000008004c24        0x4 /opt/devkitpro/devkitARM/bin/../lib/gcc/arm-none-eabi/10.2.0/../../../../arm-none-eabi/lib/thumb/libstdc++.a(tinfo.o)
                0x0000000008004c24                std::type_info::~type_info()
                0x0000000008004c24                std::type_info::~type_info()
 .text._ZNKSt9type_info14__is_pointer_pEv
                0x0000000008004c28        0x4 /opt/devkitpro/devkitARM/bin/../lib/gcc/arm-none-eabi/10.2.0/../../../../arm-none-eabi/lib/thumb/libstdc++.a(tinfo.o)
                0x0000000008004c28                std::type_info::__is_function_p() const
                0x0000000008004c28                std::type_info::__is_pointer_p() const
 .text._ZNKSt9type_infoeqERKS_
                0x0000000008004c2c       0x30 /opt/devkitpro/devkitARM/bin/../lib/gcc/arm-none-eabi/10.2.0/../../../../arm-none-eabi/lib/thumb/libstdc++.a(tinfo.o)
                0x0000000008004c2c                std::type_info::operator==(std::type_info const&) const
 .text._ZNKSt11logic_error4whatEv
                0x0000000008004c5c        0x4 /opt/devkitpro/devkitARM/bin/../lib/gcc/arm-none-eabi/10.2.0/../../../../arm-none-eabi/lib/thumb/libstdc++.a(stdexcept.o)
                0x0000000008004c5c                std::runtime_error::what() const
                0x0000000008004c5c                std::logic_error::what() const
 .text._ZNSt11logic_errorD2Ev
                0x0000000008004c60       0x44 /opt/devkitpro/devkitARM/bin/../lib/gcc/arm-none-eabi/10.2.0/../../../../arm-none-eabi/lib/thumb/libstdc++.a(stdexcept.o)
                0x0000000008004c60                std::logic_error::~logic_error()
                0x0000000008004c60                std::logic_error::~logic_error()
 .text._ZNSt12length_errorD2Ev
                0x0000000008004ca4       0x44 /opt/devkitpro/devkitARM/bin/../lib/gcc/arm-none-eabi/10.2.0/../../../../arm-none-eabi/lib/thumb/libstdc++.a(stdexcept.o)
                0x0000000008004ca4                std::length_error::~length_error()
                0x0000000008004ca4                std::length_error::~length_error()
 .text._ZNSt11logic_errorD0Ev
                0x0000000008004ce8       0x4c /opt/devkitpro/devkitARM/bin/../lib/gcc/arm-none-eabi/10.2.0/../../../../arm-none-eabi/lib/thumb/libstdc++.a(stdexcept.o)
                0x0000000008004ce8                std::logic_error::~logic_error()
 .text._ZNSt12length_errorD0Ev
                0x0000000008004d34       0x4c /opt/devkitpro/devkitARM/bin/../lib/gcc/arm-none-eabi/10.2.0/../../../../arm-none-eabi/lib/thumb/libstdc++.a(stdexcept.o)
                0x0000000008004d34                std::length_error::~length_error()
 .text._ZNSt11logic_errorC2EPKc
                0x0000000008004d80       0x28 /opt/devkitpro/devkitARM/bin/../lib/gcc/arm-none-eabi/10.2.0/../../../../arm-none-eabi/lib/thumb/libstdc++.a(cow-stdexcept.o)
                0x0000000008004d80                std::logic_error::logic_error(char const*)
                0x0000000008004d80                std::logic_error::logic_error(char const*)
 .text._ZNSt12length_errorC2EPKc
                0x0000000008004da8       0x30 /opt/devkitpro/devkitARM/bin/../lib/gcc/arm-none-eabi/10.2.0/../../../../arm-none-eabi/lib/thumb/libstdc++.a(cow-stdexcept.o)
                0x0000000008004da8                std::length_error::length_error(char const*)
                0x0000000008004da8                std::length_error::length_error(char const*)
 .text._ZNSs4_Rep9_S_createEjjRKSaIcE
                0x0000000008004dd8       0x64 /opt/devkitpro/devkitARM/bin/../lib/gcc/arm-none-eabi/10.2.0/../../../../arm-none-eabi/lib/thumb/libstdc++.a(cow-string-inst.o)
                0x0000000008004dd8                std::string::_Rep::_S_create(unsigned int, unsigned int, std::allocator<char> const&)
 .text._ZNSs4_Rep10_M_destroyERKSaIcE
                0x0000000008004e3c        0xc /opt/devkitpro/devkitARM/bin/../lib/gcc/arm-none-eabi/10.2.0/../../../../arm-none-eabi/lib/thumb/libstdc++.a(cow-string-inst.o)
                0x0000000008004e3c                std::string::_Rep::_M_destroy(std::allocator<char> const&)
 .text._ZNSs12_S_constructIPKcEEPcT_S3_RKSaIcESt20forward_iterator_tag
                0x0000000008004e48       0x60 /opt/devkitpro/devkitARM/bin/../lib/gcc/arm-none-eabi/10.2.0/../../../../arm-none-eabi/lib/thumb/libstdc++.a(cow-string-inst.o)
                0x0000000008004e48                char* std::string::_S_construct<char const*>(char const*, char const*, std::allocator<char> const&, std::forward_iterator_tag)
 .text._ZNSsC2EPKcRKSaIcE
                0x0000000008004ea8       0x30 /opt/devkitpro/devkitARM/bin/../lib/gcc/arm-none-eabi/10.2.0/../../../../arm-none-eabi/lib/thumb/libstdc++.a(cow-string-inst.o)
                0x0000000008004ea8                std::basic_string<char, std::char_traits<char>, std::allocator<char> >::basic_string(char const*, std::allocator<char> const&)
                0x0000000008004ea8                std::basic_string<char, std::char_traits<char>, std::allocator<char> >::basic_string(char const*, std::allocator<char> const&)
 .text._ZNK10__cxxabiv117__class_type_info11__do_upcastEPKS0_PPv
                0x0000000008004ed8       0x3c /opt/devkitpro/devkitARM/bin/../lib/gcc/arm-none-eabi/10.2.0/../../../../arm-none-eabi/lib/thumb/libstdc++.a(class_type_info.o)
                0x0000000008004ed8                __cxxabiv1::__class_type_info::__do_upcast(__cxxabiv1::__class_type_info const*, void**) const
 .text._ZNK10__cxxabiv117__class_type_info20__do_find_public_srcEiPKvPKS0_S2_
                0x0000000008004f14       0x14 /opt/devkitpro/devkitARM/bin/../lib/gcc/arm-none-eabi/10.2.0/../../../../arm-none-eabi/lib/thumb/libstdc++.a(class_type_info.o)
                0x0000000008004f14                __cxxabiv1::__class_type_info::__do_find_public_src(int, void const*, __cxxabiv1::__class_type_info const*, void const*) const
 .text._ZN10__cxxabiv117__class_type_infoD2Ev
                0x0000000008004f28       0x1c /opt/devkitpro/devkitARM/bin/../lib/gcc/arm-none-eabi/10.2.0/../../../../arm-none-eabi/lib/thumb/libstdc++.a(class_type_info.o)
                0x0000000008004f28                __cxxabiv1::__class_type_info::~__class_type_info()
                0x0000000008004f28                __cxxabiv1::__class_type_info::~__class_type_info()
 .text._ZN10__cxxabiv117__class_type_infoD0Ev
                0x0000000008004f44       0x24 /opt/devkitpro/devkitARM/bin/../lib/gcc/arm-none-eabi/10.2.0/../../../../arm-none-eabi/lib/thumb/libstdc++.a(class_type_info.o)
                0x0000000008004f44                __cxxabiv1::__class_type_info::~__class_type_info()
 .text._ZNK10__cxxabiv117__class_type_info12__do_dyncastEiNS0_10__sub_kindEPKS0_PKvS3_S5_RNS0_16__dyncast_resultE
                0x0000000008004f68       0x44 /opt/devkitpro/devkitARM/bin/../lib/gcc/arm-none-eabi/10.2.0/../../../../arm-none-eabi/lib/thumb/libstdc++.a(class_type_info.o)
                0x0000000008004f68                __cxxabiv1::__class_type_info::__do_dyncast(int, __cxxabiv1::__class_type_info::__sub_kind, __cxxabiv1::__class_type_info const*, void const*, __cxxabiv1::__class_type_info const*, void const*, __cxxabiv1::__class_type_info::__dyncast_result&) const
 .text._ZNK10__cxxabiv117__class_type_info11__do_upcastEPKS0_PKvRNS0_15__upcast_resultE
                0x0000000008004fac       0x20 /opt/devkitpro/devkitARM/bin/../lib/gcc/arm-none-eabi/10.2.0/../../../../arm-none-eabi/lib/thumb/libstdc++.a(class_type_info.o)
                0x0000000008004fac                __cxxabiv1::__class_type_info::__do_upcast(__cxxabiv1::__class_type_info const*, void const*, __cxxabiv1::__class_type_info::__upcast_result&) const
 .text._ZNK10__cxxabiv117__class_type_info10__do_catchEPKSt9type_infoPPvj
                0x0000000008004fcc       0x2c /opt/devkitpro/devkitARM/bin/../lib/gcc/arm-none-eabi/10.2.0/../../../../arm-none-eabi/lib/thumb/libstdc++.a(class_type_info.o)
                0x0000000008004fcc                __cxxabiv1::__class_type_info::__do_catch(std::type_info const*, void**, unsigned int) const
 .text._ZN10__cxxabiv1L24__is_gxx_exception_classEPc
                0x0000000008004ff8       0x3c /opt/devkitpro/devkitARM/bin/../lib/gcc/arm-none-eabi/10.2.0/../../../../arm-none-eabi/lib/thumb/libstdc++.a(eh_call.o)
 .text.__cxa_call_terminate
                0x0000000008005034       0x20 /opt/devkitpro/devkitARM/bin/../lib/gcc/arm-none-eabi/10.2.0/../../../../arm-none-eabi/lib/thumb/libstdc++.a(eh_call.o)
                0x0000000008005034                __cxa_call_terminate
 .text.unlikely.__cxa_call_unexpected
                0x0000000008005054      0x104 /opt/devkitpro/devkitARM/bin/../lib/gcc/arm-none-eabi/10.2.0/../../../../arm-none-eabi/lib/thumb/libstdc++.a(eh_call.o)
                0x0000000008005054                __cxa_call_unexpected
 .text          0x0000000008005158      0x11c /opt/devkitpro/devkitARM/bin/../lib/gcc/arm-none-eabi/10.2.0/thumb/libgcc.a(_udivsi3.o)
                0x0000000008005158                __udivsi3
                0x0000000008005158                __aeabi_uidiv
                0x0000000008005254                __aeabi_uidivmod
 .text          0x0000000008005274        0x4 /opt/devkitpro/devkitARM/bin/../lib/gcc/arm-none-eabi/10.2.0/thumb/libgcc.a(_dvmd_tls.o)
                0x0000000008005274                __aeabi_ldiv0
                0x0000000008005274                __aeabi_idiv0
 .text.selfrel_offset31
                0x0000000008005278       0x18 /opt/devkitpro/devkitARM/bin/../lib/gcc/arm-none-eabi/10.2.0/thumb/libgcc.a(unwind-arm.o)
 .text.search_EIT_table
                0x0000000008005290       0x74 /opt/devkitpro/devkitARM/bin/../lib/gcc/arm-none-eabi/10.2.0/thumb/libgcc.a(unwind-arm.o)
 .text.__gnu_unwind_get_pr_addr
                0x0000000008005304       0x2c /opt/devkitpro/devkitARM/bin/../lib/gcc/arm-none-eabi/10.2.0/thumb/libgcc.a(unwind-arm.o)
 .text.get_eit_entry
                0x0000000008005330       0xa0 /opt/devkitpro/devkitARM/bin/../lib/gcc/arm-none-eabi/10.2.0/thumb/libgcc.a(unwind-arm.o)
 .text.restore_non_core_regs
                0x00000000080053d0       0x5c /opt/devkitpro/devkitARM/bin/../lib/gcc/arm-none-eabi/10.2.0/thumb/libgcc.a(unwind-arm.o)
 .text._Unwind_decode_typeinfo_ptr.constprop.0
                0x000000000800542c        0xc /opt/devkitpro/devkitARM/bin/../lib/gcc/arm-none-eabi/10.2.0/thumb/libgcc.a(unwind-arm.o)
 .text._Unwind_DebugHook
                0x0000000008005438        0x4 /opt/devkitpro/devkitARM/bin/../lib/gcc/arm-none-eabi/10.2.0/thumb/libgcc.a(unwind-arm.o)
 .text.unwind_phase2
                0x000000000800543c       0x40 /opt/devkitpro/devkitARM/bin/../lib/gcc/arm-none-eabi/10.2.0/thumb/libgcc.a(unwind-arm.o)
 .text.unwind_phase2_forced
                0x000000000800547c       0xe0 /opt/devkitpro/devkitARM/bin/../lib/gcc/arm-none-eabi/10.2.0/thumb/libgcc.a(unwind-arm.o)
 .text.__gnu_Unwind_RaiseException
                0x000000000800555c       0x5c /opt/devkitpro/devkitARM/bin/../lib/gcc/arm-none-eabi/10.2.0/thumb/libgcc.a(unwind-arm.o)
                0x000000000800555c                __gnu_Unwind_RaiseException
 .text.__gnu_Unwind_ForcedUnwind
                0x00000000080055b8       0x18 /opt/devkitpro/devkitARM/bin/../lib/gcc/arm-none-eabi/10.2.0/thumb/libgcc.a(unwind-arm.o)
                0x00000000080055b8                __gnu_Unwind_ForcedUnwind
 .text.__gnu_Unwind_Resume
                0x00000000080055d0       0x4c /opt/devkitpro/devkitARM/bin/../lib/gcc/arm-none-eabi/10.2.0/thumb/libgcc.a(unwind-arm.o)
                0x00000000080055d0                __gnu_Unwind_Resume
 .text.__gnu_Unwind_Resume_or_Rethrow
                0x000000000800561c       0x20 /opt/devkitpro/devkitARM/bin/../lib/gcc/arm-none-eabi/10.2.0/thumb/libgcc.a(unwind-arm.o)
                0x000000000800561c                __gnu_Unwind_Resume_or_Rethrow
 .text._Unwind_Complete
                0x000000000800563c        0x4 /opt/devkitpro/devkitARM/bin/../lib/gcc/arm-none-eabi/10.2.0/thumb/libgcc.a(unwind-arm.o)
                0x000000000800563c                _Unwind_Complete
 .text._Unwind_DeleteException
                0x0000000008005640       0x18 /opt/devkitpro/devkitARM/bin/../lib/gcc/arm-none-eabi/10.2.0/thumb/libgcc.a(unwind-arm.o)
                0x0000000008005640                _Unwind_DeleteException
 .text._Unwind_VRS_Get
                0x0000000008005658       0x38 /opt/devkitpro/devkitARM/bin/../lib/gcc/arm-none-eabi/10.2.0/thumb/libgcc.a(unwind-arm.o)
                0x0000000008005658                _Unwind_VRS_Get
 .text._Unwind_GetGR
                0x0000000008005690       0x1c /opt/devkitpro/devkitARM/bin/../lib/gcc/arm-none-eabi/10.2.0/thumb/libgcc.a(unwind-arm.o)
 .text._Unwind_VRS_Set
                0x00000000080056ac       0x38 /opt/devkitpro/devkitARM/bin/../lib/gcc/arm-none-eabi/10.2.0/thumb/libgcc.a(unwind-arm.o)
                0x00000000080056ac                _Unwind_VRS_Set
 .text._Unwind_SetGR
                0x00000000080056e4       0x1c /opt/devkitpro/devkitARM/bin/../lib/gcc/arm-none-eabi/10.2.0/thumb/libgcc.a(unwind-arm.o)
 .text.__gnu_Unwind_Backtrace
                0x0000000008005700       0x80 /opt/devkitpro/devkitARM/bin/../lib/gcc/arm-none-eabi/10.2.0/thumb/libgcc.a(unwind-arm.o)
                0x0000000008005700                __gnu_Unwind_Backtrace
 .text.__gnu_unwind_pr_common
                0x0000000008005780      0x2d8 /opt/devkitpro/devkitARM/bin/../lib/gcc/arm-none-eabi/10.2.0/thumb/libgcc.a(unwind-arm.o)
 .text.__aeabi_unwind_cpp_pr0
                0x0000000008005a58       0x10 /opt/devkitpro/devkitARM/bin/../lib/gcc/arm-none-eabi/10.2.0/thumb/libgcc.a(unwind-arm.o)
                0x0000000008005a58                __aeabi_unwind_cpp_pr0
 .text.__aeabi_unwind_cpp_pr1
                0x0000000008005a68       0x10 /opt/devkitpro/devkitARM/bin/../lib/gcc/arm-none-eabi/10.2.0/thumb/libgcc.a(unwind-arm.o)
                0x0000000008005a68                __aeabi_unwind_cpp_pr1
 .text.__aeabi_unwind_cpp_pr2
                0x0000000008005a78       0x10 /opt/devkitpro/devkitARM/bin/../lib/gcc/arm-none-eabi/10.2.0/thumb/libgcc.a(unwind-arm.o)
                0x0000000008005a78                __aeabi_unwind_cpp_pr2
 .text._Unwind_VRS_Pop
                0x0000000008005a88      0x2b8 /opt/devkitpro/devkitARM/bin/../lib/gcc/arm-none-eabi/10.2.0/thumb/libgcc.a(unwind-arm.o)
                0x0000000008005a88                _Unwind_VRS_Pop
 .text          0x0000000008005d40      0x1d8 /opt/devkitpro/devkitARM/bin/../lib/gcc/arm-none-eabi/10.2.0/thumb/libgcc.a(libunwind.o)
                0x0000000008005d40                __restore_core_regs
                0x0000000008005d40                restore_core_regs
                0x0000000008005d5c                __gnu_Unwind_Restore_VFP
                0x0000000008005d64                __gnu_Unwind_Save_VFP
                0x0000000008005d6c                __gnu_Unwind_Restore_VFP_D
                0x0000000008005d74                __gnu_Unwind_Save_VFP_D
                0x0000000008005d7c                __gnu_Unwind_Restore_VFP_D_16_to_31
                0x0000000008005d84                __gnu_Unwind_Save_VFP_D_16_to_31
                0x0000000008005d8c                __gnu_Unwind_Restore_WMMXD
                0x0000000008005dd0                __gnu_Unwind_Save_WMMXD
                0x0000000008005e14                __gnu_Unwind_Restore_WMMXC
                0x0000000008005e28                __gnu_Unwind_Save_WMMXC
                0x0000000008005e3c                ___Unwind_RaiseException
                0x0000000008005e3c                _Unwind_RaiseException
                0x0000000008005e68                ___Unwind_Resume
                0x0000000008005e68                _Unwind_Resume
                0x0000000008005e94                _Unwind_Resume_or_Rethrow
                0x0000000008005e94                ___Unwind_Resume_or_Rethrow
                0x0000000008005ec0                ___Unwind_ForcedUnwind
                0x0000000008005ec0                _Unwind_ForcedUnwind
                0x0000000008005eec                _Unwind_Backtrace
                0x0000000008005eec                ___Unwind_Backtrace
 .text.next_unwind_byte
                0x0000000008005f18       0x34 /opt/devkitpro/devkitARM/bin/../lib/gcc/arm-none-eabi/10.2.0/thumb/libgcc.a(pr-support.o)
 .text._Unwind_GetGR.constprop.0
                0x0000000008005f4c       0x1c /opt/devkitpro/devkitARM/bin/../lib/gcc/arm-none-eabi/10.2.0/thumb/libgcc.a(pr-support.o)
 .text.unwind_UCB_from_context
                0x0000000008005f68        0xc /opt/devkitpro/devkitARM/bin/../lib/gcc/arm-none-eabi/10.2.0/thumb/libgcc.a(pr-support.o)
 .text.__gnu_unwind_execute
                0x0000000008005f74      0x2f0 /opt/devkitpro/devkitARM/bin/../lib/gcc/arm-none-eabi/10.2.0/thumb/libgcc.a(pr-support.o)
                0x0000000008005f74                __gnu_unwind_execute
 .text.__gnu_unwind_frame
                0x0000000008006264       0x2c /opt/devkitpro/devkitARM/bin/../lib/gcc/arm-none-eabi/10.2.0/thumb/libgcc.a(pr-support.o)
                0x0000000008006264                __gnu_unwind_frame
 .text._Unwind_GetRegionStart
                0x0000000008006290       0x10 /opt/devkitpro/devkitARM/bin/../lib/gcc/arm-none-eabi/10.2.0/thumb/libgcc.a(pr-support.o)
                0x0000000008006290                _Unwind_GetRegionStart
 .text._Unwind_GetLanguageSpecificData
                0x00000000080062a0       0x18 /opt/devkitpro/devkitARM/bin/../lib/gcc/arm-none-eabi/10.2.0/thumb/libgcc.a(pr-support.o)
                0x00000000080062a0                _Unwind_GetLanguageSpecificData
 .text.unlikely._Unwind_GetDataRelBase
                0x00000000080062b8        0x6 /opt/devkitpro/devkitARM/bin/../lib/gcc/arm-none-eabi/10.2.0/thumb/libgcc.a(pr-support.o)
                0x00000000080062b8                _Unwind_GetDataRelBase
 .text.unlikely._Unwind_GetTextRelBase
                0x00000000080062be        0x6 /opt/devkitpro/devkitARM/bin/../lib/gcc/arm-none-eabi/10.2.0/thumb/libgcc.a(pr-support.o)
                0x00000000080062be                _Unwind_GetTextRelBase
 .text.abort    0x00000000080062c4       0x10 /opt/devkitpro/devkitARM/bin/../lib/gcc/arm-none-eabi/10.2.0/../../../../arm-none-eabi/lib/thumb/libg.a(lib_a-abort.o)
                0x00000000080062c4                abort
 .text.__libc_init_array
                0x00000000080062d4       0x50 /opt/devkitpro/devkitARM/bin/../lib/gcc/arm-none-eabi/10.2.0/../../../../arm-none-eabi/lib/thumb/libg.a(lib_a-init.o)
                0x00000000080062d4                __libc_init_array
 .text.malloc   0x0000000008006324       0x14 /opt/devkitpro/devkitARM/bin/../lib/gcc/arm-none-eabi/10.2.0/../../../../arm-none-eabi/lib/thumb/libg.a(lib_a-malloc.o)
                0x0000000008006324                malloc
 .text.free     0x0000000008006338       0x14 /opt/devkitpro/devkitARM/bin/../lib/gcc/arm-none-eabi/10.2.0/../../../../arm-none-eabi/lib/thumb/libg.a(lib_a-malloc.o)
                0x0000000008006338                free
 .text._malloc_r
                0x000000000800634c      0x59c /opt/devkitpro/devkitARM/bin/../lib/gcc/arm-none-eabi/10.2.0/../../../../arm-none-eabi/lib/thumb/libg.a(lib_a-mallocr.o)
                0x000000000800634c                _malloc_r
 .text.memchr   0x00000000080068e8       0x78 /opt/devkitpro/devkitARM/bin/../lib/gcc/arm-none-eabi/10.2.0/../../../../arm-none-eabi/lib/thumb/libg.a(lib_a-memchr-stub.o)
                0x00000000080068e8                memchr
 .text.memcmp   0x0000000008006960       0x4c /opt/devkitpro/devkitARM/bin/../lib/gcc/arm-none-eabi/10.2.0/../../../../arm-none-eabi/lib/thumb/libg.a(lib_a-memcmp.o)
                0x0000000008006960                memcmp
 .text.memcpy   0x00000000080069ac       0xa8 /opt/devkitpro/devkitARM/bin/../lib/gcc/arm-none-eabi/10.2.0/../../../../arm-none-eabi/lib/thumb/libg.a(lib_a-memcpy-stub.o)
                0x00000000080069ac                memcpy
 .text.memmove  0x0000000008006a54       0xbc /opt/devkitpro/devkitARM/bin/../lib/gcc/arm-none-eabi/10.2.0/../../../../arm-none-eabi/lib/thumb/libg.a(lib_a-memmove.o)
                0x0000000008006a54                memmove
 .text.memset   0x0000000008006b10       0xb0 /opt/devkitpro/devkitARM/bin/../lib/gcc/arm-none-eabi/10.2.0/../../../../arm-none-eabi/lib/thumb/libg.a(lib_a-memset.o)
                0x0000000008006b10                memset
 .text.__malloc_lock
                0x0000000008006bc0       0x14 /opt/devkitpro/devkitARM/bin/../lib/gcc/arm-none-eabi/10.2.0/../../../../arm-none-eabi/lib/thumb/libg.a(lib_a-mlock.o)
                0x0000000008006bc0                __malloc_lock
 .text.__malloc_unlock
                0x0000000008006bd4       0x14 /opt/devkitpro/devkitARM/bin/../lib/gcc/arm-none-eabi/10.2.0/../../../../arm-none-eabi/lib/thumb/libg.a(lib_a-mlock.o)
                0x0000000008006bd4                __malloc_unlock
 .text.printf   0x0000000008006be8       0x24 /opt/devkitpro/devkitARM/bin/../lib/gcc/arm-none-eabi/10.2.0/../../../../arm-none-eabi/lib/thumb/libg.a(lib_a-printf.o)
                0x0000000008006be8                printf
 .text._raise_r
                0x0000000008006c0c       0x64 /opt/devkitpro/devkitARM/bin/../lib/gcc/arm-none-eabi/10.2.0/../../../../arm-none-eabi/lib/thumb/libg.a(lib_a-signal.o)
                0x0000000008006c0c                _raise_r
 .text.raise    0x0000000008006c70       0x14 /opt/devkitpro/devkitARM/bin/../lib/gcc/arm-none-eabi/10.2.0/../../../../arm-none-eabi/lib/thumb/libg.a(lib_a-signal.o)
                0x0000000008006c70                raise
 .text          0x0000000008006c84      0x224 /opt/devkitpro/devkitARM/bin/../lib/gcc/arm-none-eabi/10.2.0/../../../../arm-none-eabi/lib/thumb/libg.a(lib_a-strcmp.o)
                0x0000000008006c84                strcmp
 .text.strlen   0x0000000008006ea8       0x60 /opt/devkitpro/devkitARM/bin/../lib/gcc/arm-none-eabi/10.2.0/../../../../arm-none-eabi/lib/thumb/libg.a(lib_a-strlen-stub.o)
                0x0000000008006ea8                strlen
 .text.strncpy  0x0000000008006f08       0x74 /opt/devkitpro/devkitARM/bin/../lib/gcc/arm-none-eabi/10.2.0/../../../../arm-none-eabi/lib/thumb/libg.a(lib_a-strncpy.o)
                0x0000000008006f08                strncpy
 .text.get_arg  0x0000000008006f7c      0x3f0 /opt/devkitpro/devkitARM/bin/../lib/gcc/arm-none-eabi/10.2.0/../../../../arm-none-eabi/lib/thumb/libg.a(lib_a-vfprintf.o)
 .text._vfprintf_r
                0x000000000800736c     0x2520 /opt/devkitpro/devkitARM/bin/../lib/gcc/arm-none-eabi/10.2.0/../../../../arm-none-eabi/lib/thumb/libg.a(lib_a-vfprintf.o)
                0x000000000800736c                _vfprintf_r
 .text.__sbprintf
                0x000000000800988c       0x8c /opt/devkitpro/devkitARM/bin/../lib/gcc/arm-none-eabi/10.2.0/../../../../arm-none-eabi/lib/thumb/libg.a(lib_a-vfprintf.o)
 .text._vsnprintf_r
                0x0000000008009918       0x74 /opt/devkitpro/devkitARM/bin/../lib/gcc/arm-none-eabi/10.2.0/../../../../arm-none-eabi/lib/thumb/libg.a(lib_a-vsnprintf.o)
                0x0000000008009918                _vsnprintf_r
 .text.vsnprintf
                0x000000000800998c       0x24 /opt/devkitpro/devkitARM/bin/../lib/gcc/arm-none-eabi/10.2.0/../../../../arm-none-eabi/lib/thumb/libg.a(lib_a-vsnprintf.o)
                0x000000000800998c                vsnprintf
 .text._wcrtomb_r
                0x00000000080099b0       0x5c /opt/devkitpro/devkitARM/bin/../lib/gcc/arm-none-eabi/10.2.0/../../../../arm-none-eabi/lib/thumb/libg.a(lib_a-wcrtomb.o)
                0x00000000080099b0                _wcrtomb_r
 .text._wcsrtombs_r
                0x0000000008009a0c       0x1c /opt/devkitpro/devkitARM/bin/../lib/gcc/arm-none-eabi/10.2.0/../../../../arm-none-eabi/lib/thumb/libg.a(lib_a-wcsrtombs.o)
                0x0000000008009a0c                _wcsrtombs_r
 .text.__swsetup_r
                0x0000000008009a28       0xe4 /opt/devkitpro/devkitARM/bin/../lib/gcc/arm-none-eabi/10.2.0/../../../../arm-none-eabi/lib/thumb/libg.a(lib_a-wsetup.o)
                0x0000000008009a28                __swsetup_r
 .text.quorem   0x0000000008009b0c      0x14c /opt/devkitpro/devkitARM/bin/../lib/gcc/arm-none-eabi/10.2.0/../../../../arm-none-eabi/lib/thumb/libg.a(lib_a-dtoa.o)
 .text._dtoa_r  0x0000000008009c58      0xff0 /opt/devkitpro/devkitARM/bin/../lib/gcc/arm-none-eabi/10.2.0/../../../../arm-none-eabi/lib/thumb/libg.a(lib_a-dtoa.o)
                0x0000000008009c58                _dtoa_r
 .text.__sflush_r
                0x000000000800ac48      0x1c0 /opt/devkitpro/devkitARM/bin/../lib/gcc/arm-none-eabi/10.2.0/../../../../arm-none-eabi/lib/thumb/libg.a(lib_a-fflush.o)
                0x000000000800ac48                __sflush_r
 .text._fflush_r
                0x000000000800ae08       0x70 /opt/devkitpro/devkitARM/bin/../lib/gcc/arm-none-eabi/10.2.0/../../../../arm-none-eabi/lib/thumb/libg.a(lib_a-fflush.o)
                0x000000000800ae08                _fflush_r
 .text._cleanup_r
                0x000000000800ae78       0x14 /opt/devkitpro/devkitARM/bin/../lib/gcc/arm-none-eabi/10.2.0/../../../../arm-none-eabi/lib/thumb/libg.a(lib_a-findfp.o)
                0x000000000800ae78                _cleanup_r
 .text.__sinit  0x000000000800ae8c      0x124 /opt/devkitpro/devkitARM/bin/../lib/gcc/arm-none-eabi/10.2.0/../../../../arm-none-eabi/lib/thumb/libg.a(lib_a-findfp.o)
                0x000000000800ae8c                __sinit
 .text.__sfp_lock_acquire
                0x000000000800afb0       0x14 /opt/devkitpro/devkitARM/bin/../lib/gcc/arm-none-eabi/10.2.0/../../../../arm-none-eabi/lib/thumb/libg.a(lib_a-findfp.o)
                0x000000000800afb0                __sfp_lock_acquire
 .text.__sfp_lock_release
                0x000000000800afc4       0x14 /opt/devkitpro/devkitARM/bin/../lib/gcc/arm-none-eabi/10.2.0/../../../../arm-none-eabi/lib/thumb/libg.a(lib_a-findfp.o)
                0x000000000800afc4                __sfp_lock_release
 .text._malloc_trim_r
                0x000000000800afd8       0xa0 /opt/devkitpro/devkitARM/bin/../lib/gcc/arm-none-eabi/10.2.0/../../../../arm-none-eabi/lib/thumb/libg.a(lib_a-freer.o)
                0x000000000800afd8                _malloc_trim_r
 .text._free_r  0x000000000800b078      0x1e0 /opt/devkitpro/devkitARM/bin/../lib/gcc/arm-none-eabi/10.2.0/../../../../arm-none-eabi/lib/thumb/libg.a(lib_a-freer.o)
                0x000000000800b078                _free_r
 .text._fwalk_reent
                0x000000000800b258       0x50 /opt/devkitpro/devkitARM/bin/../lib/gcc/arm-none-eabi/10.2.0/../../../../arm-none-eabi/lib/thumb/libg.a(lib_a-fwalk.o)
                0x000000000800b258                _fwalk_reent
 .text._localeconv_r
                0x000000000800b2a8        0x8 /opt/devkitpro/devkitARM/bin/../lib/gcc/arm-none-eabi/10.2.0/../../../../arm-none-eabi/lib/thumb/libg.a(lib_a-localeconv.o)
                0x000000000800b2a8                _localeconv_r
 .text.__locale_mb_cur_max
                0x000000000800b2b0       0x10 /opt/devkitpro/devkitARM/bin/../lib/gcc/arm-none-eabi/10.2.0/../../../../arm-none-eabi/lib/thumb/libg.a(lib_a-locale.o)
                0x000000000800b2b0                __locale_mb_cur_max
 .text.__smakebuf_r
                0x000000000800b2c0       0xec /opt/devkitpro/devkitARM/bin/../lib/gcc/arm-none-eabi/10.2.0/../../../../arm-none-eabi/lib/thumb/libg.a(lib_a-makebuf.o)
                0x000000000800b2c0                __smakebuf_r
 .text.__utf8_mbtowc
                0x000000000800b3ac      0x280 /opt/devkitpro/devkitARM/bin/../lib/gcc/arm-none-eabi/10.2.0/../../../../arm-none-eabi/lib/thumb/libg.a(lib_a-mbtowc_r.o)
                0x000000000800b3ac                __utf8_mbtowc
 .text._Balloc  0x000000000800b62c       0x54 /opt/devkitpro/devkitARM/bin/../lib/gcc/arm-none-eabi/10.2.0/../../../../arm-none-eabi/lib/thumb/libg.a(lib_a-mprec.o)
                0x000000000800b62c                _Balloc
 .text._Bfree   0x000000000800b680       0x14 /opt/devkitpro/devkitARM/bin/../lib/gcc/arm-none-eabi/10.2.0/../../../../arm-none-eabi/lib/thumb/libg.a(lib_a-mprec.o)
                0x000000000800b680                _Bfree
 .text.__multadd
                0x000000000800b694       0xac /opt/devkitpro/devkitARM/bin/../lib/gcc/arm-none-eabi/10.2.0/../../../../arm-none-eabi/lib/thumb/libg.a(lib_a-mprec.o)
                0x000000000800b694                __multadd
 .text.__hi0bits
                0x000000000800b740       0x38 /opt/devkitpro/devkitARM/bin/../lib/gcc/arm-none-eabi/10.2.0/../../../../arm-none-eabi/lib/thumb/libg.a(lib_a-mprec.o)
                0x000000000800b740                __hi0bits
 .text.__lo0bits
                0x000000000800b778       0x5c /opt/devkitpro/devkitARM/bin/../lib/gcc/arm-none-eabi/10.2.0/../../../../arm-none-eabi/lib/thumb/libg.a(lib_a-mprec.o)
                0x000000000800b778                __lo0bits
 .text.__i2b    0x000000000800b7d4       0x64 /opt/devkitpro/devkitARM/bin/../lib/gcc/arm-none-eabi/10.2.0/../../../../arm-none-eabi/lib/thumb/libg.a(lib_a-mprec.o)
                0x000000000800b7d4                __i2b
 .text.__multiply
                0x000000000800b838      0x1a8 /opt/devkitpro/devkitARM/bin/../lib/gcc/arm-none-eabi/10.2.0/../../../../arm-none-eabi/lib/thumb/libg.a(lib_a-mprec.o)
                0x000000000800b838                __multiply
 .text.__pow5mult
                0x000000000800b9e0       0xdc /opt/devkitpro/devkitARM/bin/../lib/gcc/arm-none-eabi/10.2.0/../../../../arm-none-eabi/lib/thumb/libg.a(lib_a-mprec.o)
                0x000000000800b9e0                __pow5mult
 .text.__lshift
                0x000000000800babc      0x100 /opt/devkitpro/devkitARM/bin/../lib/gcc/arm-none-eabi/10.2.0/../../../../arm-none-eabi/lib/thumb/libg.a(lib_a-mprec.o)
                0x000000000800babc                __lshift
 .text.__mcmp   0x000000000800bbbc       0x38 /opt/devkitpro/devkitARM/bin/../lib/gcc/arm-none-eabi/10.2.0/../../../../arm-none-eabi/lib/thumb/libg.a(lib_a-mprec.o)
                0x000000000800bbbc                __mcmp
 .text.__mdiff  0x000000000800bbf4      0x190 /opt/devkitpro/devkitARM/bin/../lib/gcc/arm-none-eabi/10.2.0/../../../../arm-none-eabi/lib/thumb/libg.a(lib_a-mprec.o)
                0x000000000800bbf4                __mdiff
 .text.__d2b    0x000000000800bd84       0xdc /opt/devkitpro/devkitARM/bin/../lib/gcc/arm-none-eabi/10.2.0/../../../../arm-none-eabi/lib/thumb/libg.a(lib_a-mprec.o)
                0x000000000800bd84                __d2b
 .text.frexp    0x000000000800be60       0x68 /opt/devkitpro/devkitARM/bin/../lib/gcc/arm-none-eabi/10.2.0/../../../../arm-none-eabi/lib/thumb/libg.a(lib_a-s_frexp.o)
                0x000000000800be60                frexp
 .text.__sread  0x000000000800bec8       0x34 /opt/devkitpro/devkitARM/bin/../lib/gcc/arm-none-eabi/10.2.0/../../../../arm-none-eabi/lib/thumb/libg.a(lib_a-stdio.o)
                0x000000000800bec8                __sread
 .text.__swrite
                0x000000000800befc       0x54 /opt/devkitpro/devkitARM/bin/../lib/gcc/arm-none-eabi/10.2.0/../../../../arm-none-eabi/lib/thumb/libg.a(lib_a-stdio.o)
                0x000000000800befc                __swrite
 .text.__sseek  0x000000000800bf50       0x40 /opt/devkitpro/devkitARM/bin/../lib/gcc/arm-none-eabi/10.2.0/../../../../arm-none-eabi/lib/thumb/libg.a(lib_a-stdio.o)
                0x000000000800bf50                __sseek
 .text.__sclose
                0x000000000800bf90       0x10 /opt/devkitpro/devkitARM/bin/../lib/gcc/arm-none-eabi/10.2.0/../../../../arm-none-eabi/lib/thumb/libg.a(lib_a-stdio.o)
                0x000000000800bf90                __sclose
 .text.__ssprint_r
                0x000000000800bfa0      0x124 /opt/devkitpro/devkitARM/bin/../lib/gcc/arm-none-eabi/10.2.0/../../../../arm-none-eabi/lib/thumb/libg.a(lib_a-svfiprintf.o)
                0x000000000800bfa0                __ssprint_r
 .text.get_arg  0x000000000800c0c4      0x3f0 /opt/devkitpro/devkitARM/bin/../lib/gcc/arm-none-eabi/10.2.0/../../../../arm-none-eabi/lib/thumb/libg.a(lib_a-svfprintf.o)
 .text._svfprintf_r
                0x000000000800c4b4     0x2498 /opt/devkitpro/devkitARM/bin/../lib/gcc/arm-none-eabi/10.2.0/../../../../arm-none-eabi/lib/thumb/libg.a(lib_a-svfprintf.o)
                0x000000000800c4b4                _svfprintf_r
 .text.get_arg  0x000000000800e94c      0x3f0 /opt/devkitpro/devkitARM/bin/../lib/gcc/arm-none-eabi/10.2.0/../../../../arm-none-eabi/lib/thumb/libg.a(lib_a-vfiprintf.o)
 .text.__sprint_r
                0x000000000800ed3c       0x20 /opt/devkitpro/devkitARM/bin/../lib/gcc/arm-none-eabi/10.2.0/../../../../arm-none-eabi/lib/thumb/libg.a(lib_a-vfiprintf.o)
                0x000000000800ed3c                __sprint_r
 .text._vfiprintf_r
                0x000000000800ed5c     0x1800 /opt/devkitpro/devkitARM/bin/../lib/gcc/arm-none-eabi/10.2.0/../../../../arm-none-eabi/lib/thumb/libg.a(lib_a-vfiprintf.o)
                0x000000000800ed5c                _vfiprintf_r
 .text.__sbprintf
                0x000000000801055c       0x8c /opt/devkitpro/devkitARM/bin/../lib/gcc/arm-none-eabi/10.2.0/../../../../arm-none-eabi/lib/thumb/libg.a(lib_a-vfiprintf.o)
 .text._wcsnrtombs_l
                0x00000000080105e8      0x138 /opt/devkitpro/devkitARM/bin/../lib/gcc/arm-none-eabi/10.2.0/../../../../arm-none-eabi/lib/thumb/libg.a(lib_a-wcsnrtombs.o)
                0x00000000080105e8                _wcsnrtombs_l
 .text._wcsnrtombs_r
                0x0000000008010720       0x30 /opt/devkitpro/devkitARM/bin/../lib/gcc/arm-none-eabi/10.2.0/../../../../arm-none-eabi/lib/thumb/libg.a(lib_a-wcsnrtombs.o)
                0x0000000008010720                _wcsnrtombs_r
 .text.__utf8_wctomb
                0x0000000008010750       0xb4 /opt/devkitpro/devkitARM/bin/../lib/gcc/arm-none-eabi/10.2.0/../../../../arm-none-eabi/lib/thumb/libg.a(lib_a-wctomb_r.o)
                0x0000000008010750                __utf8_wctomb
 .text.__assert_func
                0x0000000008010804       0x40 /opt/devkitpro/devkitARM/bin/../lib/gcc/arm-none-eabi/10.2.0/../../../../arm-none-eabi/lib/thumb/libg.a(lib_a-assert.o)
                0x0000000008010804                __assert_func
 .text._calloc_r
                0x0000000008010844       0x60 /opt/devkitpro/devkitARM/bin/../lib/gcc/arm-none-eabi/10.2.0/../../../../arm-none-eabi/lib/thumb/libg.a(lib_a-callocr.o)
                0x0000000008010844                _calloc_r
 .text._fclose_r
                0x00000000080108a4       0xe8 /opt/devkitpro/devkitARM/bin/../lib/gcc/arm-none-eabi/10.2.0/../../../../arm-none-eabi/lib/thumb/libg.a(lib_a-fclose.o)
                0x00000000080108a4                _fclose_r
 .text.fiprintf
                0x000000000801098c       0x28 /opt/devkitpro/devkitARM/bin/../lib/gcc/arm-none-eabi/10.2.0/../../../../arm-none-eabi/lib/thumb/libg.a(lib_a-fiprintf.o)
                0x000000000801098c                fiprintf
 .text.__sfvwrite_r
                0x00000000080109b4      0x324 /opt/devkitpro/devkitARM/bin/../lib/gcc/arm-none-eabi/10.2.0/../../../../arm-none-eabi/lib/thumb/libg.a(lib_a-fvwrite.o)
                0x00000000080109b4                __sfvwrite_r
 .text._realloc_r
                0x0000000008010cd8      0x38c /opt/devkitpro/devkitARM/bin/../lib/gcc/arm-none-eabi/10.2.0/../../../../arm-none-eabi/lib/thumb/libg.a(lib_a-reallocr.o)
                0x0000000008010cd8                _realloc_r
 .text.null_write
                0x0000000008011064        0x4 /opt/devkitpro/devkitARM/bin/../lib/gcc/arm-none-eabi/10.2.0/../../../../arm-none-eabi/lib/thumb/libsysbase.a(iosupport.o)
 .text._fstat_r
                0x0000000008011068       0x4c /opt/devkitpro/devkitARM/bin/../lib/gcc/arm-none-eabi/10.2.0/../../../../arm-none-eabi/lib/thumb/libsysbase.a(fstat.o)
                0x0000000008011068                _fstat_r
 .text._getpid_r
                0x00000000080110b4        0xc /opt/devkitpro/devkitARM/bin/../lib/gcc/arm-none-eabi/10.2.0/../../../../arm-none-eabi/lib/thumb/libsysbase.a(getpid.o)
                0x00000000080110b4                _getpid_r
 .text._isatty_r
                0x00000000080110c0        0x4 /opt/devkitpro/devkitARM/bin/../lib/gcc/arm-none-eabi/10.2.0/../../../../arm-none-eabi/lib/thumb/libsysbase.a(isatty.o)
                0x00000000080110c0                _isatty_r
 .text._kill_r  0x00000000080110c4        0xc /opt/devkitpro/devkitARM/bin/../lib/gcc/arm-none-eabi/10.2.0/../../../../arm-none-eabi/lib/thumb/libsysbase.a(kill.o)
                0x00000000080110c4                _kill_r
 .text._lseek_r
                0x00000000080110d0       0x5c /opt/devkitpro/devkitARM/bin/../lib/gcc/arm-none-eabi/10.2.0/../../../../arm-none-eabi/lib/thumb/libsysbase.a(lseek.o)
                0x00000000080110d0                _lseek_r
 .text._read_r  0x000000000801112c       0x50 /opt/devkitpro/devkitARM/bin/../lib/gcc/arm-none-eabi/10.2.0/../../../../arm-none-eabi/lib/thumb/libsysbase.a(read.o)
                0x000000000801112c                _read_r
 .text._sbrk_r  0x000000000801117c       0x54 /opt/devkitpro/devkitARM/bin/../lib/gcc/arm-none-eabi/10.2.0/../../../../arm-none-eabi/lib/thumb/libsysbase.a(sbrk.o)
                0x000000000801117c                _sbrk_r
 .text._write_r
                0x00000000080111d0       0x50 /opt/devkitpro/devkitARM/bin/../lib/gcc/arm-none-eabi/10.2.0/../../../../arm-none-eabi/lib/thumb/libsysbase.a(write.o)
                0x00000000080111d0                _write_r
 .text._exit    0x0000000008011220       0x18 /opt/devkitpro/devkitARM/bin/../lib/gcc/arm-none-eabi/10.2.0/../../../../arm-none-eabi/lib/thumb/libsysbase.a(_exit.o)
                0x0000000008011220                _exit
 .text.__flockfile
                0x0000000008011238       0x10 /opt/devkitpro/devkitARM/bin/../lib/gcc/arm-none-eabi/10.2.0/../../../../arm-none-eabi/lib/thumb/libsysbase.a(flock.o)
                0x0000000008011238                __flockfile
 .text.__funlockfile
                0x0000000008011248       0x10 /opt/devkitpro/devkitARM/bin/../lib/gcc/arm-none-eabi/10.2.0/../../../../arm-none-eabi/lib/thumb/libsysbase.a(flock.o)
                0x0000000008011248                __funlockfile
 .text.__libc_lock_acquire
                0x0000000008011258       0x1c /opt/devkitpro/devkitARM/bin/../lib/gcc/arm-none-eabi/10.2.0/../../../../arm-none-eabi/lib/thumb/libsysbase.a(syscall_support.o)
                0x0000000008011258                __libc_lock_acquire
 .text.__libc_lock_release
                0x0000000008011274       0x1c /opt/devkitpro/devkitARM/bin/../lib/gcc/arm-none-eabi/10.2.0/../../../../arm-none-eabi/lib/thumb/libsysbase.a(syscall_support.o)
                0x0000000008011274                __libc_lock_release
 .text.__libc_lock_init_recursive
                0x0000000008011290       0x1c /opt/devkitpro/devkitARM/bin/../lib/gcc/arm-none-eabi/10.2.0/../../../../arm-none-eabi/lib/thumb/libsysbase.a(syscall_support.o)
                0x0000000008011290                __libc_lock_init_recursive
 .text.__libc_lock_acquire_recursive
                0x00000000080112ac       0x1c /opt/devkitpro/devkitARM/bin/../lib/gcc/arm-none-eabi/10.2.0/../../../../arm-none-eabi/lib/thumb/libsysbase.a(syscall_support.o)
                0x00000000080112ac                __libc_lock_acquire_recursive
 .text.__libc_lock_release_recursive
                0x00000000080112c8       0x1c /opt/devkitpro/devkitARM/bin/../lib/gcc/arm-none-eabi/10.2.0/../../../../arm-none-eabi/lib/thumb/libsysbase.a(syscall_support.o)
                0x00000000080112c8                __libc_lock_release_recursive
 .text.__libc_lock_close_recursive
                0x00000000080112e4       0x1c /opt/devkitpro/devkitARM/bin/../lib/gcc/arm-none-eabi/10.2.0/../../../../arm-none-eabi/lib/thumb/libsysbase.a(syscall_support.o)
                0x00000000080112e4                __libc_lock_close_recursive
 .text.__get_handle
                0x0000000008011300       0x34 /opt/devkitpro/devkitARM/bin/../lib/gcc/arm-none-eabi/10.2.0/../../../../arm-none-eabi/lib/thumb/libsysbase.a(handle_manager.o)
                0x0000000008011300                __get_handle
 .text._close_r
                0x0000000008011334       0xb8 /opt/devkitpro/devkitARM/bin/../lib/gcc/arm-none-eabi/10.2.0/../../../../arm-none-eabi/lib/thumb/libsysbase.a(handle_manager.o)
                0x0000000008011334                _close_r
 .text.__getreent
                0x00000000080113ec       0x28 /opt/devkitpro/devkitARM/bin/../lib/gcc/arm-none-eabi/10.2.0/../../../../arm-none-eabi/lib/thumb/libsysbase.a(getreent.o)
                0x00000000080113ec                __getreent
 .text          0x0000000008011414       0x14 /opt/devkitpro/devkitARM/bin/../lib/gcc/arm-none-eabi/10.2.0/thumb/libgcc.a(_thumb1_case_uqi.o)
                0x0000000008011414                __gnu_thumb1_case_uqi
 .text          0x0000000008011428       0x14 /opt/devkitpro/devkitARM/bin/../lib/gcc/arm-none-eabi/10.2.0/thumb/libgcc.a(_thumb1_case_uhi.o)
                0x0000000008011428                __gnu_thumb1_case_uhi
 .text          0x000000000801143c      0x150 /opt/devkitpro/devkitARM/bin/../lib/gcc/arm-none-eabi/10.2.0/thumb/libgcc.a(_divsi3.o)
                0x000000000801143c                __aeabi_idiv
                0x000000000801143c                __divsi3
                0x000000000801156c                __aeabi_idivmod
 .text          0x000000000801158c      0x424 /opt/devkitpro/devkitARM/bin/../lib/gcc/arm-none-eabi/10.2.0/thumb/libgcc.a(_arm_addsubdf3.o)
                0x000000000801158c                __aeabi_drsub
                0x0000000008011594                __aeabi_dsub
                0x0000000008011594                __subdf3
                0x0000000008011598                __adddf3
                0x0000000008011598                __aeabi_dadd
                0x00000000080118a8                __aeabi_ui2d
                0x00000000080118a8                __floatunsidf
                0x00000000080118cc                __floatsidf
                0x00000000080118cc                __aeabi_i2d
                0x00000000080118f4                __extendsfdf2
                0x00000000080118f4                __aeabi_f2d
                0x000000000801193c                __aeabi_ul2d
                0x000000000801193c                __floatundidf
                0x0000000008011950                __floatdidf
                0x0000000008011950                __aeabi_l2d
 .text          0x00000000080119b0      0x49c /opt/devkitpro/devkitARM/bin/../lib/gcc/arm-none-eabi/10.2.0/thumb/libgcc.a(_arm_muldivdf3.o)
                0x00000000080119b0                __aeabi_dmul
                0x00000000080119b0                __muldf3
                0x0000000008011c40                __aeabi_ddiv
                0x0000000008011c40                __divdf3
 .text          0x0000000008011e4c      0x144 /opt/devkitpro/devkitARM/bin/../lib/gcc/arm-none-eabi/10.2.0/thumb/libgcc.a(_arm_cmpdf2.o)
                0x0000000008011e4c                __gtdf2
                0x0000000008011e4c                __gedf2
                0x0000000008011e54                __ltdf2
                0x0000000008011e54                __ledf2
                0x0000000008011e5c                __cmpdf2
                0x0000000008011e5c                __eqdf2
                0x0000000008011e5c                __nedf2
                0x0000000008011ee4                __aeabi_cdrcmple
                0x0000000008011f00                __aeabi_cdcmple
                0x0000000008011f00                __aeabi_cdcmpeq
                0x0000000008011f18                __aeabi_dcmpeq
                0x0000000008011f30                __aeabi_dcmplt
                0x0000000008011f48                __aeabi_dcmple
                0x0000000008011f60                __aeabi_dcmpge
                0x0000000008011f78                __aeabi_dcmpgt
 .text          0x0000000008011f90       0x38 /opt/devkitpro/devkitARM/bin/../lib/gcc/arm-none-eabi/10.2.0/thumb/libgcc.a(_arm_unorddf2.o)
                0x0000000008011f90                __aeabi_dcmpun
                0x0000000008011f90                __unorddf2
 .text          0x0000000008011fc8       0x5c /opt/devkitpro/devkitARM/bin/../lib/gcc/arm-none-eabi/10.2.0/thumb/libgcc.a(_arm_fixdfsi.o)
                0x0000000008011fc8                __fixdfsi
                0x0000000008011fc8                __aeabi_d2iz
 .text          0x0000000008012024       0x3c /opt/devkitpro/devkitARM/bin/../lib/gcc/arm-none-eabi/10.2.0/thumb/libgcc.a(_aeabi_uldivmod.o)
                0x0000000008012024                __aeabi_uldivmod
 .text.__udivmoddi4
                0x0000000008012060      0x19c /opt/devkitpro/devkitARM/bin/../lib/gcc/arm-none-eabi/10.2.0/thumb/libgcc.a(_udivmoddi4.o)
                0x0000000008012060                __udivmoddi4
 .text          0x00000000080121fc       0x28 /opt/devkitpro/devkitARM/bin/../lib/gcc/arm-none-eabi/10.2.0/thumb/libgcc.a(_clzdi2.o)
                0x00000000080121fc                __clzdi2
 .text          0x0000000008012224       0x48 /opt/devkitpro/devkitARM/bin/../lib/gcc/arm-none-eabi/10.2.0/thumb/libgcc.a(_clzsi2.o)
                0x0000000008012224                __clzsi2
 *fill*         0x000000000801226c        0x4 ff
 .text.__stub   0x0000000008012270      0x124 linker stubs
 *(.gnu.linkonce.t.*)
 *(.text.*personality*)
 *(.gnu.warning)
 *(.glue_7t)
 .glue_7t       0x00000000080123a0        0x0 linker stubs
 *(.glue_7)
 .glue_7        0x00000000080123a0        0x0 linker stubs
 *(.vfp11_veneer)
 .vfp11_veneer  0x00000000080123a0        0x0 linker stubs
                0x00000000080123a0                . = ALIGN (0x4)
                0x00000000080123a0                __text_end = .

.v4_bx          0x00000000080123a0        0x0
 .v4_bx         0x00000000080123a0        0x0 linker stubs

.iplt           0x00000000080123a0        0x0
 .iplt          0x00000000080123a0        0x0 /opt/devkitpro/devkitARM/bin/../lib/gcc/arm-none-eabi/10.2.0/../../../../arm-none-eabi/lib/thumb/gba_crt0.o

.fini           0x00000000080123a0        0xc
 *(.fini)
 .fini          0x00000000080123a0        0x4 /opt/devkitpro/devkitARM/bin/../lib/gcc/arm-none-eabi/10.2.0/thumb/crti.o
                0x00000000080123a0                _fini
 .fini          0x00000000080123a4        0x8 /opt/devkitpro/devkitARM/bin/../lib/gcc/arm-none-eabi/10.2.0/thumb/crtn.o
                0x00000000080123ac                . = ALIGN (0x4)

.rodata         0x00000000080123b0      0xf6c
 *(.rodata)
 .rodata        0x00000000080123b0       0xe0 mgba.o
 .rodata        0x0000000008012490      0x4c0 asuka.o
                0x0000000008012490                asukaPal
                0x00000000080124d0                asukaTiles
 *all.rodata*(*)
 *(.roda)
 *(.rodata.*)
 .rodata.str1.4
                0x0000000008012950       0x6e gameobjects.o
 *fill*         0x00000000080129be        0x2 ff
 .rodata._ZNSt6vectorI12EventBindingSaIS0_EE17_M_realloc_insertIJRKS0_EEEvN9__gnu_cxx17__normal_iteratorIPS0_S2_EEDpOT_.str1.4
                0x00000000080129c0       0x1a gameobjects.o
 *fill*         0x00000000080129da        0x2 ff
 .rodata.str1.4
                0x00000000080129dc        0x4 template.o
                                         0x72 (size before relaxing)
 .rodata._ZNSt6vectorI14AnimationFrameSaIS0_EE17_M_realloc_insertIJS0_EEEvN9__gnu_cxx17__normal_iteratorIPS0_S2_EEDpOT_.str1.4
                0x00000000080129e0       0x1a template.o
 .rodata.str1.4
                0x00000000080129e0       0x18 mgba.o
 .rodata._ZNKSt17bad_function_call4whatEv.str1.4
                0x00000000080129f8       0x12 /opt/devkitpro/devkitARM/bin/../lib/gcc/arm-none-eabi/10.2.0/../../../../arm-none-eabi/lib/thumb/libstdc++.a(functional.o)
 *fill*         0x0000000008012a0a        0x2 ff
 .rodata._ZTISt17bad_function_call
                0x0000000008012a0c        0xc /opt/devkitpro/devkitARM/bin/../lib/gcc/arm-none-eabi/10.2.0/../../../../arm-none-eabi/lib/thumb/libstdc++.a(functional.o)
                0x0000000008012a0c                typeinfo for std::bad_function_call
 .rodata._ZTSSt17bad_function_call
                0x0000000008012a18       0x16 /opt/devkitpro/devkitARM/bin/../lib/gcc/arm-none-eabi/10.2.0/../../../../arm-none-eabi/lib/thumb/libstdc++.a(functional.o)
                0x0000000008012a18                typeinfo name for std::bad_function_call
 *fill*         0x0000000008012a2e        0x2 ff
 .rodata._ZTVSt17bad_function_call
                0x0000000008012a30       0x14 /opt/devkitpro/devkitARM/bin/../lib/gcc/arm-none-eabi/10.2.0/../../../../arm-none-eabi/lib/thumb/libstdc++.a(functional.o)
                0x0000000008012a30                vtable for std::bad_function_call
 .rodata._ZNSt7__cxx1112basic_stringIcSt11char_traitsIcESaIcEE9_M_createERjj.str1.4
                0x0000000008012a44       0x18 /opt/devkitpro/devkitARM/bin/../lib/gcc/arm-none-eabi/10.2.0/../../../../arm-none-eabi/lib/thumb/libstdc++.a(string-inst.o)
 .rodata._ZNKSt9bad_alloc4whatEv.str1.4
                0x0000000008012a5c        0xf /opt/devkitpro/devkitARM/bin/../lib/gcc/arm-none-eabi/10.2.0/../../../../arm-none-eabi/lib/thumb/libstdc++.a(bad_alloc.o)
 *fill*         0x0000000008012a6b        0x1 ff
 .rodata._ZTISt9bad_alloc
                0x0000000008012a6c        0xc /opt/devkitpro/devkitARM/bin/../lib/gcc/arm-none-eabi/10.2.0/../../../../arm-none-eabi/lib/thumb/libstdc++.a(bad_alloc.o)
                0x0000000008012a6c                typeinfo for std::bad_alloc
 .rodata._ZTSSt9bad_alloc
                0x0000000008012a78        0xd /opt/devkitpro/devkitARM/bin/../lib/gcc/arm-none-eabi/10.2.0/../../../../arm-none-eabi/lib/thumb/libstdc++.a(bad_alloc.o)
                0x0000000008012a78                typeinfo name for std::bad_alloc
 *fill*         0x0000000008012a85        0x3 ff
 .rodata._ZTVSt9bad_alloc
                0x0000000008012a88       0x14 /opt/devkitpro/devkitARM/bin/../lib/gcc/arm-none-eabi/10.2.0/../../../../arm-none-eabi/lib/thumb/libstdc++.a(bad_alloc.o)
                0x0000000008012a88                vtable for std::bad_alloc
 .rodata._ZNKSt13bad_exception4whatEv.str1.4
                0x0000000008012a9c       0x13 /opt/devkitpro/devkitARM/bin/../lib/gcc/arm-none-eabi/10.2.0/../../../../arm-none-eabi/lib/thumb/libstdc++.a(eh_exception.o)
 *fill*         0x0000000008012aaf        0x1 ff
 .rodata._ZTIN10__cxxabiv115__forced_unwindE
                0x0000000008012ab0        0x8 /opt/devkitpro/devkitARM/bin/../lib/gcc/arm-none-eabi/10.2.0/../../../../arm-none-eabi/lib/thumb/libstdc++.a(eh_exception.o)
                0x0000000008012ab0                typeinfo for __cxxabiv1::__forced_unwind
 .rodata._ZTIN10__cxxabiv119__foreign_exceptionE
                0x0000000008012ab8        0x8 /opt/devkitpro/devkitARM/bin/../lib/gcc/arm-none-eabi/10.2.0/../../../../arm-none-eabi/lib/thumb/libstdc++.a(eh_exception.o)
                0x0000000008012ab8                typeinfo for __cxxabiv1::__foreign_exception
 .rodata._ZTISt13bad_exception
                0x0000000008012ac0        0xc /opt/devkitpro/devkitARM/bin/../lib/gcc/arm-none-eabi/10.2.0/../../../../arm-none-eabi/lib/thumb/libstdc++.a(eh_exception.o)
                0x0000000008012ac0                typeinfo for std::bad_exception
 .rodata._ZTISt9exception
                0x0000000008012acc        0x8 /opt/devkitpro/devkitARM/bin/../lib/gcc/arm-none-eabi/10.2.0/../../../../arm-none-eabi/lib/thumb/libstdc++.a(eh_exception.o)
                0x0000000008012acc                typeinfo for std::exception
 .rodata._ZTSN10__cxxabiv115__forced_unwindE
                0x0000000008012ad4       0x20 /opt/devkitpro/devkitARM/bin/../lib/gcc/arm-none-eabi/10.2.0/../../../../arm-none-eabi/lib/thumb/libstdc++.a(eh_exception.o)
                0x0000000008012ad4                typeinfo name for __cxxabiv1::__forced_unwind
 .rodata._ZTSN10__cxxabiv119__foreign_exceptionE
                0x0000000008012af4       0x24 /opt/devkitpro/devkitARM/bin/../lib/gcc/arm-none-eabi/10.2.0/../../../../arm-none-eabi/lib/thumb/libstdc++.a(eh_exception.o)
                0x0000000008012af4                typeinfo name for __cxxabiv1::__foreign_exception
 .rodata._ZTSSt13bad_exception
                0x0000000008012b18       0x12 /opt/devkitpro/devkitARM/bin/../lib/gcc/arm-none-eabi/10.2.0/../../../../arm-none-eabi/lib/thumb/libstdc++.a(eh_exception.o)
                0x0000000008012b18                typeinfo name for std::bad_exception
 *fill*         0x0000000008012b2a        0x2 ff
 .rodata._ZTSSt9exception
                0x0000000008012b2c        0xd /opt/devkitpro/devkitARM/bin/../lib/gcc/arm-none-eabi/10.2.0/../../../../arm-none-eabi/lib/thumb/libstdc++.a(eh_exception.o)
                0x0000000008012b2c                typeinfo name for std::exception
 *fill*         0x0000000008012b39        0x3 ff
 .rodata._ZTVSt13bad_exception
                0x0000000008012b3c       0x14 /opt/devkitpro/devkitARM/bin/../lib/gcc/arm-none-eabi/10.2.0/../../../../arm-none-eabi/lib/thumb/libstdc++.a(eh_exception.o)
                0x0000000008012b3c                vtable for std::bad_exception
 .rodata._ZL28read_encoded_value_with_basehjPKhPj
                0x0000000008012b50       0x34 /opt/devkitpro/devkitARM/bin/../lib/gcc/arm-none-eabi/10.2.0/../../../../arm-none-eabi/lib/thumb/libstdc++.a(eh_personality.o)
 .rodata._ZTIN10__cxxabiv120__si_class_type_infoE
                0x0000000008012b84        0xc /opt/devkitpro/devkitARM/bin/../lib/gcc/arm-none-eabi/10.2.0/../../../../arm-none-eabi/lib/thumb/libstdc++.a(si_class_type_info.o)
                0x0000000008012b84                typeinfo for __cxxabiv1::__si_class_type_info
 .rodata._ZTSN10__cxxabiv120__si_class_type_infoE
                0x0000000008012b90       0x25 /opt/devkitpro/devkitARM/bin/../lib/gcc/arm-none-eabi/10.2.0/../../../../arm-none-eabi/lib/thumb/libstdc++.a(si_class_type_info.o)
                0x0000000008012b90                typeinfo name for __cxxabiv1::__si_class_type_info
 *fill*         0x0000000008012bb5        0x3 ff
 .rodata._ZTVN10__cxxabiv120__si_class_type_infoE
                0x0000000008012bb8       0x2c /opt/devkitpro/devkitARM/bin/../lib/gcc/arm-none-eabi/10.2.0/../../../../arm-none-eabi/lib/thumb/libstdc++.a(si_class_type_info.o)
                0x0000000008012bb8                vtable for __cxxabiv1::__si_class_type_info
 .rodata._ZTISt9type_info
                0x0000000008012be4        0x8 /opt/devkitpro/devkitARM/bin/../lib/gcc/arm-none-eabi/10.2.0/../../../../arm-none-eabi/lib/thumb/libstdc++.a(tinfo.o)
                0x0000000008012be4                typeinfo for std::type_info
 .rodata._ZTSSt9type_info
                0x0000000008012bec        0xd /opt/devkitpro/devkitARM/bin/../lib/gcc/arm-none-eabi/10.2.0/../../../../arm-none-eabi/lib/thumb/libstdc++.a(tinfo.o)
                0x0000000008012bec                typeinfo name for std::type_info
 *fill*         0x0000000008012bf9        0x3 ff
 .rodata._ZTISt11logic_error
                0x0000000008012bfc        0xc /opt/devkitpro/devkitARM/bin/../lib/gcc/arm-none-eabi/10.2.0/../../../../arm-none-eabi/lib/thumb/libstdc++.a(stdexcept.o)
                0x0000000008012bfc                typeinfo for std::logic_error
 .rodata._ZTISt12length_error
                0x0000000008012c08        0xc /opt/devkitpro/devkitARM/bin/../lib/gcc/arm-none-eabi/10.2.0/../../../../arm-none-eabi/lib/thumb/libstdc++.a(stdexcept.o)
                0x0000000008012c08                typeinfo for std::length_error
 .rodata._ZTSSt11logic_error
                0x0000000008012c14       0x10 /opt/devkitpro/devkitARM/bin/../lib/gcc/arm-none-eabi/10.2.0/../../../../arm-none-eabi/lib/thumb/libstdc++.a(stdexcept.o)
                0x0000000008012c14                typeinfo name for std::logic_error
 .rodata._ZTSSt12length_error
                0x0000000008012c24       0x11 /opt/devkitpro/devkitARM/bin/../lib/gcc/arm-none-eabi/10.2.0/../../../../arm-none-eabi/lib/thumb/libstdc++.a(stdexcept.o)
                0x0000000008012c24                typeinfo name for std::length_error
 *fill*         0x0000000008012c35        0x3 ff
 .rodata._ZTVSt11logic_error
                0x0000000008012c38       0x14 /opt/devkitpro/devkitARM/bin/../lib/gcc/arm-none-eabi/10.2.0/../../../../arm-none-eabi/lib/thumb/libstdc++.a(stdexcept.o)
                0x0000000008012c38                vtable for std::logic_error
 .rodata._ZTVSt12length_error
                0x0000000008012c4c       0x14 /opt/devkitpro/devkitARM/bin/../lib/gcc/arm-none-eabi/10.2.0/../../../../arm-none-eabi/lib/thumb/libstdc++.a(stdexcept.o)
                0x0000000008012c4c                vtable for std::length_error
 .rodata._ZNSs4_Rep9_S_createEjjRKSaIcE.str1.4
                0x0000000008012c60       0x18 /opt/devkitpro/devkitARM/bin/../lib/gcc/arm-none-eabi/10.2.0/../../../../arm-none-eabi/lib/thumb/libstdc++.a(cow-string-inst.o)
 .rodata._ZNSs12_S_constructIPcEES0_T_S1_RKSaIcESt20forward_iterator_tag.str1.4
                0x0000000008012c78       0x2a /opt/devkitpro/devkitARM/bin/../lib/gcc/arm-none-eabi/10.2.0/../../../../arm-none-eabi/lib/thumb/libstdc++.a(cow-string-inst.o)
 *fill*         0x0000000008012ca2        0x2 ff
 .rodata._ZTIN10__cxxabiv117__class_type_infoE
                0x0000000008012ca4        0xc /opt/devkitpro/devkitARM/bin/../lib/gcc/arm-none-eabi/10.2.0/../../../../arm-none-eabi/lib/thumb/libstdc++.a(class_type_info.o)
                0x0000000008012ca4                typeinfo for __cxxabiv1::__class_type_info
 .rodata._ZTSN10__cxxabiv117__class_type_infoE
                0x0000000008012cb0       0x22 /opt/devkitpro/devkitARM/bin/../lib/gcc/arm-none-eabi/10.2.0/../../../../arm-none-eabi/lib/thumb/libstdc++.a(class_type_info.o)
                0x0000000008012cb0                typeinfo name for __cxxabiv1::__class_type_info
 *fill*         0x0000000008012cd2        0x2 ff
 .rodata._ZTVN10__cxxabiv117__class_type_infoE
                0x0000000008012cd4       0x2c /opt/devkitpro/devkitARM/bin/../lib/gcc/arm-none-eabi/10.2.0/../../../../arm-none-eabi/lib/thumb/libstdc++.a(class_type_info.o)
                0x0000000008012cd4                vtable for __cxxabiv1::__class_type_info
 .rodata._vfprintf_r.str1.1
                0x0000000008012d00       0x3b /opt/devkitpro/devkitARM/bin/../lib/gcc/arm-none-eabi/10.2.0/../../../../arm-none-eabi/lib/thumb/libg.a(lib_a-vfprintf.o)
 *fill*         0x0000000008012d3b        0x1 ff
 .rodata.blanks.1
                0x0000000008012d3c       0x10 /opt/devkitpro/devkitARM/bin/../lib/gcc/arm-none-eabi/10.2.0/../../../../arm-none-eabi/lib/thumb/libg.a(lib_a-vfprintf.o)
 .rodata.zeroes.0
                0x0000000008012d4c       0x10 /opt/devkitpro/devkitARM/bin/../lib/gcc/arm-none-eabi/10.2.0/../../../../arm-none-eabi/lib/thumb/libg.a(lib_a-vfprintf.o)
 .rodata._ctype_
                0x0000000008012d5c      0x101 /opt/devkitpro/devkitARM/bin/../lib/gcc/arm-none-eabi/10.2.0/../../../../arm-none-eabi/lib/thumb/libg.a(lib_a-ctype_.o)
                0x0000000008012d5c                _ctype_
 *fill*         0x0000000008012e5d        0x3 ff
 .rodata._dtoa_r.str1.4
                0x0000000008012e60       0x64 /opt/devkitpro/devkitARM/bin/../lib/gcc/arm-none-eabi/10.2.0/../../../../arm-none-eabi/lib/thumb/libg.a(lib_a-dtoa.o)
 .rodata.str1.4
                0x0000000008012ec4       0x48 /opt/devkitpro/devkitARM/bin/../lib/gcc/arm-none-eabi/10.2.0/../../../../arm-none-eabi/lib/thumb/libg.a(lib_a-locale.o)
                                         0x4c (size before relaxing)
 .rodata.__multadd.str1.4
                0x0000000008012f0c       0x3d /opt/devkitpro/devkitARM/bin/../lib/gcc/arm-none-eabi/10.2.0/../../../../arm-none-eabi/lib/thumb/libg.a(lib_a-mprec.o)
                                         0x51 (size before relaxing)
 *fill*         0x0000000008012f49        0x7 ff
 .rodata.__mprec_bigtens
                0x0000000008012f50       0x28 /opt/devkitpro/devkitARM/bin/../lib/gcc/arm-none-eabi/10.2.0/../../../../arm-none-eabi/lib/thumb/libg.a(lib_a-mprec.o)
                0x0000000008012f50                __mprec_bigtens
 .rodata.__mprec_tens
                0x0000000008012f78       0xc8 /opt/devkitpro/devkitARM/bin/../lib/gcc/arm-none-eabi/10.2.0/../../../../arm-none-eabi/lib/thumb/libg.a(lib_a-mprec.o)
                0x0000000008012f78                __mprec_tens
 .rodata.p05.0  0x0000000008013040        0xc /opt/devkitpro/devkitARM/bin/../lib/gcc/arm-none-eabi/10.2.0/../../../../arm-none-eabi/lib/thumb/libg.a(lib_a-mprec.o)
 .rodata.__action_table